Archive member included to satisfy reference by file (symbol)

../../../../../libopencm3//lib/libopencm3_stm32f4.a(fmc_common_f47.o)
                              sdram.o (sdram_timing)
../../../../../libopencm3//lib/libopencm3_stm32f4.a(gpio_common_all.o)
                              lcd-spi.o (gpio_set)
../../../../../libopencm3//lib/libopencm3_stm32f4.a(gpio_common_f0234.o)
                              console.o (gpio_mode_setup)
../../../../../libopencm3//lib/libopencm3_stm32f4.a(rcc_common_all.o)
                              console.o (rcc_periph_clock_enable)
../../../../../libopencm3//lib/libopencm3_stm32f4.a(rcc.o)
                              clock.o (rcc_clock_setup_pll)
../../../../../libopencm3//lib/libopencm3_stm32f4.a(spi_common_all.o)
                              lcd-spi.o (spi_enable)
../../../../../libopencm3//lib/libopencm3_stm32f4.a(spi_common_v1.o)
                              lcd-spi.o (spi_init_master)
../../../../../libopencm3//lib/libopencm3_stm32f4.a(usart_common_all.o)
                              console.o (usart_set_baudrate)
../../../../../libopencm3//lib/libopencm3_stm32f4.a(usart_common_f124.o)
                              ../../../../../libopencm3//lib/libopencm3_stm32f4.a(usart_common_all.o) (usart_send)
../../../../../libopencm3//lib/libopencm3_stm32f4.a(vector.o)
                              (reset_handler)
../../../../../libopencm3//lib/libopencm3_stm32f4.a(systick.o)
                              clock.o (systick_set_reload)
../../../../../libopencm3//lib/libopencm3_stm32f4.a(scb.o)
                              console.o (scb_reset_system)
../../../../../libopencm3//lib/libopencm3_stm32f4.a(nvic.o)
                              console.o (nvic_enable_irq)
../../../../../libopencm3//lib/libopencm3_stm32f4.a(flash_common_all.o)
                              ../../../../../libopencm3//lib/libopencm3_stm32f4.a(rcc.o) (flash_set_ws)
../../../../../libopencm3//lib/libopencm3_stm32f4.a(flash_common_idcache.o)
                              ../../../../../libopencm3//lib/libopencm3_stm32f4.a(rcc.o) (flash_dcache_enable)
../../../../../libopencm3//lib/libopencm3_stm32f4.a(pwr.o)
                              ../../../../../libopencm3//lib/libopencm3_stm32f4.a(rcc.o) (pwr_set_vos_scale)
/usr/lib/gcc/arm-none-eabi/9.2.1/../../../arm-none-eabi/lib/thumb/v7e-m+fp/hard/libc.a(lib_a-sprintf.o)
                              spi-mems.o (sprintf)
/usr/lib/gcc/arm-none-eabi/9.2.1/../../../arm-none-eabi/lib/thumb/v7e-m+fp/hard/libc.a(lib_a-svfprintf.o)
                              /usr/lib/gcc/arm-none-eabi/9.2.1/../../../arm-none-eabi/lib/thumb/v7e-m+fp/hard/libc.a(lib_a-sprintf.o) (_svfprintf_r)
/usr/lib/gcc/arm-none-eabi/9.2.1/../../../arm-none-eabi/lib/thumb/v7e-m+fp/hard/libc.a(lib_a-dtoa.o)
                              /usr/lib/gcc/arm-none-eabi/9.2.1/../../../arm-none-eabi/lib/thumb/v7e-m+fp/hard/libc.a(lib_a-svfprintf.o) (_dtoa_r)
/usr/lib/gcc/arm-none-eabi/9.2.1/../../../arm-none-eabi/lib/thumb/v7e-m+fp/hard/libc.a(lib_a-impure.o)
                              /usr/lib/gcc/arm-none-eabi/9.2.1/../../../arm-none-eabi/lib/thumb/v7e-m+fp/hard/libc.a(lib_a-sprintf.o) (_impure_ptr)
/usr/lib/gcc/arm-none-eabi/9.2.1/../../../arm-none-eabi/lib/thumb/v7e-m+fp/hard/libc.a(lib_a-localeconv.o)
                              /usr/lib/gcc/arm-none-eabi/9.2.1/../../../arm-none-eabi/lib/thumb/v7e-m+fp/hard/libc.a(lib_a-svfprintf.o) (_localeconv_r)
/usr/lib/gcc/arm-none-eabi/9.2.1/../../../arm-none-eabi/lib/thumb/v7e-m+fp/hard/libc.a(lib_a-mallocr.o)
                              /usr/lib/gcc/arm-none-eabi/9.2.1/../../../arm-none-eabi/lib/thumb/v7e-m+fp/hard/libc.a(lib_a-svfprintf.o) (_malloc_r)
/usr/lib/gcc/arm-none-eabi/9.2.1/../../../arm-none-eabi/lib/thumb/v7e-m+fp/hard/libc.a(lib_a-memchr.o)
                              /usr/lib/gcc/arm-none-eabi/9.2.1/../../../arm-none-eabi/lib/thumb/v7e-m+fp/hard/libc.a(lib_a-svfprintf.o) (memchr)
/usr/lib/gcc/arm-none-eabi/9.2.1/../../../arm-none-eabi/lib/thumb/v7e-m+fp/hard/libc.a(lib_a-memcpy.o)
                              /usr/lib/gcc/arm-none-eabi/9.2.1/../../../arm-none-eabi/lib/thumb/v7e-m+fp/hard/libc.a(lib_a-dtoa.o) (memcpy)
/usr/lib/gcc/arm-none-eabi/9.2.1/../../../arm-none-eabi/lib/thumb/v7e-m+fp/hard/libc.a(lib_a-mlock.o)
                              /usr/lib/gcc/arm-none-eabi/9.2.1/../../../arm-none-eabi/lib/thumb/v7e-m+fp/hard/libc.a(lib_a-mallocr.o) (__malloc_lock)
/usr/lib/gcc/arm-none-eabi/9.2.1/../../../arm-none-eabi/lib/thumb/v7e-m+fp/hard/libc.a(lib_a-mprec.o)
                              /usr/lib/gcc/arm-none-eabi/9.2.1/../../../arm-none-eabi/lib/thumb/v7e-m+fp/hard/libc.a(lib_a-dtoa.o) (_Balloc)
/usr/lib/gcc/arm-none-eabi/9.2.1/../../../arm-none-eabi/lib/thumb/v7e-m+fp/hard/libc.a(lib_a-sbrkr.o)
                              /usr/lib/gcc/arm-none-eabi/9.2.1/../../../arm-none-eabi/lib/thumb/v7e-m+fp/hard/libc.a(lib_a-mallocr.o) (_sbrk_r)
[...]
Memory Configuration

Name             Origin             Length             Attributes
rom              0x0000000008000000 0x0000000000200000 xr
ccm              0x0000000010000000 0x0000000000010000 xrw
ram              0x0000000020000000 0x0000000000030000 xrw
*default*        0x0000000000000000 0xffffffffffffffff

Linker script and memory map

LOAD clock.o
LOAD console.o
LOAD sdram.o
LOAD lcd-spi.o
LOAD gfx.o
LOAD spi-mems.o
LOAD /usr/lib/gcc/arm-none-eabi/9.2.1/../../../arm-none-eabi/lib/thumb/v7e-m+fp/hard/libm.a
LOAD ../../../../../libopencm3//lib/libopencm3_stm32f4.a
START GROUP
LOAD /usr/lib/gcc/arm-none-eabi/9.2.1/../../../arm-none-eabi/lib/thumb/v7e-m+fp/hard/libc.a
LOAD /usr/lib/gcc/arm-none-eabi/9.2.1/thumb/v7e-m+fp/hard/libgcc.a
LOAD /usr/lib/gcc/arm-none-eabi/9.2.1/../../../arm-none-eabi/lib/thumb/v7e-m+fp/hard/libnosys.a
END GROUP
START GROUP
LOAD /usr/lib/gcc/arm-none-eabi/9.2.1/thumb/v7e-m+fp/hard/libgcc.a
LOAD /usr/lib/gcc/arm-none-eabi/9.2.1/../../../arm-none-eabi/lib/thumb/v7e-m+fp/hard/libg.a
LOAD /usr/lib/gcc/arm-none-eabi/9.2.1/../../../arm-none-eabi/lib/thumb/v7e-m+fp/hard/libc.a
END GROUP

.text           0x0000000008000000     0x97d8
 *(.vectors)
 .vectors       0x0000000008000000      0x1ac ../../../../../libopencm3//lib/libopencm3_stm32f4.a(vector.o)
                0x0000000008000000                vector_table
 *(.text*)
 .text.sys_tick_handler
                0x00000000080001ac       0x10 clock.o
                0x00000000080001ac                sys_tick_handler
 .text.msleep   0x00000000080001bc       0x14 clock.o
                0x00000000080001bc                msleep
 .text.clock_setup
                0x00000000080001d0       0x28 clock.o
                0x00000000080001d0                clock_setup
 .text.usart1_isr
                0x00000000080001f8       0x58 console.o
                0x00000000080001f8                usart1_isr
 .text.console_putc
                0x0000000008000250       0x18 console.o
                0x0000000008000250                console_putc
 .text.console_puts
                0x0000000008000268       0x1e console.o
                0x0000000008000268                console_puts
 *fill*         0x0000000008000286        0x2 
 .text.console_setup
                0x0000000008000288       0x80 console.o
                0x0000000008000288                console_setup
 .text.sdram_init
                0x0000000008000308       0xfc sdram.o
                0x0000000008000308                sdram_init
 .text.lcd_command
                0x0000000008000404       0x64 lcd-spi.o
 .text.print_hex
                0x0000000008000468       0x4c lcd-spi.o
 .text.lcd_draw_pixel
                0x00000000080004b4       0x14 lcd-spi.o
                0x00000000080004b4                lcd_draw_pixel
 .text.lcd_show_frame
                0x00000000080004c8       0x50 lcd-spi.o
                0x00000000080004c8                lcd_show_frame
 .text.lcd_spi_init
                0x0000000008000518      0x1b0 lcd-spi.o
                0x0000000008000518                lcd_spi_init
 .text.gfx_drawPixel
                0x00000000080006c8       0x2c gfx.o
                0x00000000080006c8                gfx_drawPixel
 .text.gfx_init
                0x00000000080006f4       0x20 gfx.o
                0x00000000080006f4                gfx_init
 .text.gfx_drawLine
                0x0000000008000714       0xb4 gfx.o
                0x0000000008000714                gfx_drawLine
 .text.gfx_drawFastVLine
                0x00000000080007c8       0x16 gfx.o
                0x00000000080007c8                gfx_drawFastVLine
 .text.gfx_fillRect
                0x00000000080007de       0x2a gfx.o
                0x00000000080007de                gfx_fillRect
 .text.gfx_fillScreen
                0x0000000008000808       0x20 gfx.o
                0x0000000008000808                gfx_fillScreen
 .text.gfx_drawChar
                0x0000000008000828       0xdc gfx.o
                0x0000000008000828                gfx_drawChar
 .text.gfx_write
                0x0000000008000904       0x70 gfx.o
                0x0000000008000904                gfx_write
 .text.gfx_puts
                0x0000000008000974       0x12 gfx.o
                0x0000000008000974                gfx_puts
 *fill*         0x0000000008000986        0x2 
 .text.gfx_setCursor
                0x0000000008000988        0xc gfx.o
                0x0000000008000988                gfx_setCursor
 .text.gfx_setTextSize
                0x0000000008000994       0x10 gfx.o
                0x0000000008000994                gfx_setTextSize
 .text.gfx_setTextColor
                0x00000000080009a4        0xc gfx.o
                0x00000000080009a4                gfx_setTextColor
 .text.spi_setup
                0x00000000080009b0       0xa8 spi-mems.o
                0x00000000080009b0                spi_setup
 .text.button_setup
                0x0000000008000a58       0x20 spi-mems.o
                0x0000000008000a58                button_setup
 .text.blinkingLED_setup
                0x0000000008000a78       0x20 spi-mems.o
                0x0000000008000a78                blinkingLED_setup
 .text.global_setup
                0x0000000008000a98       0x84 spi-mems.o
                0x0000000008000a98                global_setup
 .text.startup.main
                0x0000000008000b1c      0x3d8 spi-mems.o
                0x0000000008000b1c                main
 .text.sdram_timing
                0x0000000008000ef4       0x4e ../../../../../libopencm3//lib/libopencm3_stm32f4.a(fmc_common_f47.o)
                0x0000000008000ef4                sdram_timing
 *fill*         0x0000000008000f42        0x2 
 .text.sdram_command
                0x0000000008000f44       0x64 ../../../../../libopencm3//lib/libopencm3_stm32f4.a(fmc_common_f47.o)
                0x0000000008000f44                sdram_command
 .text.gpio_set
                0x0000000008000fa8        0x4 ../../../../../libopencm3//lib/libopencm3_stm32f4.a(gpio_common_all.o)
                0x0000000008000fa8                gpio_set
 .text.gpio_clear
                0x0000000008000fac        0x6 ../../../../../libopencm3//lib/libopencm3_stm32f4.a(gpio_common_all.o)
                0x0000000008000fac                gpio_clear
 .text.gpio_get
                0x0000000008000fb2        0x6 ../../../../../libopencm3//lib/libopencm3_stm32f4.a(gpio_common_all.o)
                0x0000000008000fb2                gpio_get
 .text.gpio_toggle
                0x0000000008000fb8       0x12 ../../../../../libopencm3//lib/libopencm3_stm32f4.a(gpio_common_all.o)
                0x0000000008000fb8                gpio_toggle
 .text.gpio_mode_setup
                0x0000000008000fca       0x40 ../../../../../libopencm3//lib/libopencm3_stm32f4.a(gpio_common_f0234.o)
                0x0000000008000fca                gpio_mode_setup
 .text.gpio_set_output_options
                0x000000000800100a       0x36 ../../../../../libopencm3//lib/libopencm3_stm32f4.a(gpio_common_f0234.o)
                0x000000000800100a                gpio_set_output_options
 .text.gpio_set_af
                0x0000000008001040       0x54 ../../../../../libopencm3//lib/libopencm3_stm32f4.a(gpio_common_f0234.o)
                0x0000000008001040                gpio_set_af
 .text.rcc_periph_clock_enable
                0x0000000008001094       0x1c ../../../../../libopencm3//lib/libopencm3_stm32f4.a(rcc_common_all.o)
                0x0000000008001094                rcc_periph_clock_enable
 .text.rcc_is_osc_ready
                0x00000000080010b0       0x5c ../../../../../libopencm3//lib/libopencm3_stm32f4.a(rcc.o)
                0x00000000080010b0                rcc_is_osc_ready
 .text.rcc_wait_for_osc_ready
                0x000000000800110c       0x10 ../../../../../libopencm3//lib/libopencm3_stm32f4.a(rcc.o)
                0x000000000800110c                rcc_wait_for_osc_ready
 .text.rcc_osc_on
                0x000000000800111c       0x58 ../../../../../libopencm3//lib/libopencm3_stm32f4.a(rcc.o)
                0x000000000800111c                rcc_osc_on
 .text.rcc_osc_off
                0x0000000008001174       0x58 ../../../../../libopencm3//lib/libopencm3_stm32f4.a(rcc.o)
                0x0000000008001174                rcc_osc_off
 .text.rcc_set_sysclk_source
                0x00000000080011cc       0x14 ../../../../../libopencm3//lib/libopencm3_stm32f4.a(rcc.o)
                0x00000000080011cc                rcc_set_sysclk_source
 .text.rcc_set_ppre2
                0x00000000080011e0       0x14 ../../../../../libopencm3//lib/libopencm3_stm32f4.a(rcc.o)
                0x00000000080011e0                rcc_set_ppre2
 .text.rcc_set_ppre1
                0x00000000080011f4       0x14 ../../../../../libopencm3//lib/libopencm3_stm32f4.a(rcc.o)
                0x00000000080011f4                rcc_set_ppre1
 .text.rcc_set_hpre
                0x0000000008001208       0x14 ../../../../../libopencm3//lib/libopencm3_stm32f4.a(rcc.o)
                0x0000000008001208                rcc_set_hpre
 .text.rcc_set_main_pll_hsi
                0x000000000800121c       0x44 ../../../../../libopencm3//lib/libopencm3_stm32f4.a(rcc.o)
                0x000000000800121c                rcc_set_main_pll_hsi
 .text.rcc_set_main_pll_hse
                0x0000000008001260       0x44 ../../../../../libopencm3//lib/libopencm3_stm32f4.a(rcc.o)
                0x0000000008001260                rcc_set_main_pll_hse
 .text.rcc_clock_setup_pll
                0x00000000080012a4       0xf4 ../../../../../libopencm3//lib/libopencm3_stm32f4.a(rcc.o)
                0x00000000080012a4                rcc_clock_setup_pll
 .text.spi_enable
                0x0000000008001398        0xa ../../../../../libopencm3//lib/libopencm3_stm32f4.a(spi_common_all.o)
                0x0000000008001398                spi_enable
 .text.spi_send
                0x00000000080013a2        0xa ../../../../../libopencm3//lib/libopencm3_stm32f4.a(spi_common_all.o)
                0x00000000080013a2                spi_send
 .text.spi_read
                0x00000000080013ac        0xc ../../../../../libopencm3//lib/libopencm3_stm32f4.a(spi_common_all.o)
                0x00000000080013ac                spi_read
 .text.spi_xfer
                0x00000000080013b8        0xe ../../../../../libopencm3//lib/libopencm3_stm32f4.a(spi_common_all.o)
                0x00000000080013b8                spi_xfer
 .text.spi_set_unidirectional_mode
                0x00000000080013c6        0xa ../../../../../libopencm3//lib/libopencm3_stm32f4.a(spi_common_all.o)
                0x00000000080013c6                spi_set_unidirectional_mode
 .text.spi_set_full_duplex_mode
                0x00000000080013d0        0xa ../../../../../libopencm3//lib/libopencm3_stm32f4.a(spi_common_all.o)
                0x00000000080013d0                spi_set_full_duplex_mode
 .text.spi_enable_software_slave_management
                0x00000000080013da       0x12 ../../../../../libopencm3//lib/libopencm3_stm32f4.a(spi_common_all.o)
                0x00000000080013da                spi_enable_software_slave_management
 .text.spi_set_nss_high
                0x00000000080013ec        0xa ../../../../../libopencm3//lib/libopencm3_stm32f4.a(spi_common_all.o)
                0x00000000080013ec                spi_set_nss_high
 .text.spi_send_msb_first
                0x00000000080013f6        0xa ../../../../../libopencm3//lib/libopencm3_stm32f4.a(spi_common_all.o)
                0x00000000080013f6                spi_send_msb_first
 .text.spi_set_baudrate_prescaler
                0x0000000008001400       0x16 ../../../../../libopencm3//lib/libopencm3_stm32f4.a(spi_common_all.o)
                0x0000000008001400                spi_set_baudrate_prescaler
 .text.spi_set_master_mode
                0x0000000008001416        0xa ../../../../../libopencm3//lib/libopencm3_stm32f4.a(spi_common_all.o)
                0x0000000008001416                spi_set_master_mode
 .text.spi_set_clock_polarity_0
                0x0000000008001420        0xa ../../../../../libopencm3//lib/libopencm3_stm32f4.a(spi_common_all.o)
                0x0000000008001420                spi_set_clock_polarity_0
 .text.spi_set_clock_phase_0
                0x000000000800142a        0xa ../../../../../libopencm3//lib/libopencm3_stm32f4.a(spi_common_all.o)
                0x000000000800142a                spi_set_clock_phase_0
 .text.spi_enable_ss_output
                0x0000000008001434        0xa ../../../../../libopencm3//lib/libopencm3_stm32f4.a(spi_common_all.o)
                0x0000000008001434                spi_enable_ss_output
 .text.spi_init_master
                0x000000000800143e       0x28 ../../../../../libopencm3//lib/libopencm3_stm32f4.a(spi_common_v1.o)
                0x000000000800143e                spi_init_master
 *fill*         0x0000000008001466        0x2 
 .text.usart_set_baudrate
                0x0000000008001468       0x2c ../../../../../libopencm3//lib/libopencm3_stm32f4.a(usart_common_all.o)
                0x0000000008001468                usart_set_baudrate
 .text.usart_set_databits
                0x0000000008001494       0x12 ../../../../../libopencm3//lib/libopencm3_stm32f4.a(usart_common_all.o)
                0x0000000008001494                usart_set_databits
 .text.usart_set_stopbits
                0x00000000080014a6        0xc ../../../../../libopencm3//lib/libopencm3_stm32f4.a(usart_common_all.o)
                0x00000000080014a6                usart_set_stopbits
 .text.usart_set_parity
                0x00000000080014b2        0xc ../../../../../libopencm3//lib/libopencm3_stm32f4.a(usart_common_all.o)
                0x00000000080014b2                usart_set_parity
 .text.usart_set_mode
                0x00000000080014be        0xc ../../../../../libopencm3//lib/libopencm3_stm32f4.a(usart_common_all.o)
                0x00000000080014be                usart_set_mode
 .text.usart_set_flow_control
                0x00000000080014ca        0xc ../../../../../libopencm3//lib/libopencm3_stm32f4.a(usart_common_all.o)
                0x00000000080014ca                usart_set_flow_control
 .text.usart_enable
                0x00000000080014d6        0xa ../../../../../libopencm3//lib/libopencm3_stm32f4.a(usart_common_all.o)
                0x00000000080014d6                usart_enable
 .text.usart_enable_rx_interrupt
                0x00000000080014e0        0xa ../../../../../libopencm3//lib/libopencm3_stm32f4.a(usart_common_all.o)
                0x00000000080014e0                usart_enable_rx_interrupt
 .text.blocking_handler
                0x00000000080014ea        0x2 ../../../../../libopencm3//lib/libopencm3_stm32f4.a(vector.o)
                0x00000000080014ea                dma2_stream1_isr
                0x00000000080014ea                tim8_brk_tim12_isr
                0x00000000080014ea                dma1_stream7_isr
                0x00000000080014ea                usart3_isr
                0x00000000080014ea                tim7_isr
                0x00000000080014ea                dma2d_isr
                0x00000000080014ea                uart8_isr
                0x00000000080014ea                dma1_stream2_isr
                0x00000000080014ea                otg_hs_isr
                0x00000000080014ea                blocking_handler
                0x00000000080014ea                tim5_isr
                0x00000000080014ea                rtc_wkup_isr
                0x00000000080014ea                otg_fs_isr
                0x00000000080014ea                spi1_isr
                0x00000000080014ea                i2c3_er_isr
                0x00000000080014ea                exti2_isr
                0x00000000080014ea                spi5_isr
                0x00000000080014ea                usb_fs_wkup_isr
                0x00000000080014ea                tamp_stamp_isr
                0x00000000080014ea                can1_rx1_isr
                0x00000000080014ea                dma2_stream0_isr
                0x00000000080014ea                i2c3_ev_isr
                0x00000000080014ea                usage_fault_handler
                0x00000000080014ea                can2_rx0_isr
                0x00000000080014ea                dma1_stream6_isr
                0x00000000080014ea                can2_rx1_isr
                0x00000000080014ea                can1_sce_isr
                0x00000000080014ea                tim1_cc_isr
                0x00000000080014ea                can1_tx_isr
                0x00000000080014ea                tim1_up_tim10_isr
                0x00000000080014ea                sdio_isr
                0x00000000080014ea                eth_isr
                0x00000000080014ea                spi6_isr
                0x00000000080014ea                dma2_stream5_isr
                0x00000000080014ea                pvd_isr
                0x00000000080014ea                can1_rx0_isr
                0x00000000080014ea                rcc_isr
                0x00000000080014ea                dma2_stream3_isr
                0x00000000080014ea                flash_isr
                0x00000000080014ea                uart4_isr
                0x00000000080014ea                lcd_tft_isr
                0x00000000080014ea                rtc_alarm_isr
                0x00000000080014ea                exti15_10_isr
                0x00000000080014ea                hash_rng_isr
                0x00000000080014ea                tim1_trg_com_tim11_isr
                0x00000000080014ea                hard_fault_handler
                0x00000000080014ea                exti1_isr
                0x00000000080014ea                i2c1_ev_isr
                0x00000000080014ea                usart6_isr
                0x00000000080014ea                spi2_isr
                0x00000000080014ea                cryp_isr
                0x00000000080014ea                nvic_wwdg_isr
                0x00000000080014ea                dma1_stream1_isr
                0x00000000080014ea                dma2_stream4_isr
                0x00000000080014ea                exti3_isr
                0x00000000080014ea                tim3_isr
                0x00000000080014ea                usart2_isr
                0x00000000080014ea                sai1_isr
                0x00000000080014ea                fpu_isr
                0x00000000080014ea                dma1_stream4_isr
                0x00000000080014ea                i2c2_er_isr
                0x00000000080014ea                i2c2_ev_isr
                0x00000000080014ea                uart5_isr
                0x00000000080014ea                dma2_stream6_isr
                0x00000000080014ea                spi4_isr
                0x00000000080014ea                adc_isr
                0x00000000080014ea                dma2_stream7_isr
                0x00000000080014ea                tim8_up_tim13_isr
                0x00000000080014ea                fsmc_isr
                0x00000000080014ea                exti4_isr
                0x00000000080014ea                tim6_dac_isr
                0x00000000080014ea                dma1_stream3_isr
                0x00000000080014ea                tim8_trg_com_tim14_isr
                0x00000000080014ea                mem_manage_handler
                0x00000000080014ea                lcd_tft_err_isr
                0x00000000080014ea                can2_tx_isr
                0x00000000080014ea                exti9_5_isr
                0x00000000080014ea                tim1_brk_tim9_isr
                0x00000000080014ea                uart7_isr
                0x00000000080014ea                can2_sce_isr
                0x00000000080014ea                tim4_isr
                0x00000000080014ea                otg_hs_wkup_isr
                0x00000000080014ea                i2c1_er_isr
                0x00000000080014ea                dma1_stream0_isr
                0x00000000080014ea                tim8_cc_isr
                0x00000000080014ea                dcmi_isr
                0x00000000080014ea                dma2_stream2_isr
                0x00000000080014ea                eth_wkup_isr
                0x00000000080014ea                bus_fault_handler
                0x00000000080014ea                otg_hs_ep1_out_isr
                0x00000000080014ea                spi3_isr
                0x00000000080014ea                dma1_stream5_isr
                0x00000000080014ea                otg_hs_ep1_in_isr
                0x00000000080014ea                tim2_isr
                0x00000000080014ea                exti0_isr
 .text.null_handler
                0x00000000080014ec        0x2 ../../../../../libopencm3//lib/libopencm3_stm32f4.a(vector.o)
                0x00000000080014ec                null_handler
                0x00000000080014ec                sv_call_handler
                0x00000000080014ec                pend_sv_handler
                0x00000000080014ec                debug_monitor_handler
                0x00000000080014ec                nmi_handler
 *fill*         0x00000000080014ee        0x2 
 .text.reset_handler
                0x00000000080014f0       0x98 ../../../../../libopencm3//lib/libopencm3_stm32f4.a(vector.o)
                0x00000000080014f0                reset_handler
 .text.systick_set_reload
                0x0000000008001588       0x10 ../../../../../libopencm3//lib/libopencm3_stm32f4.a(systick.o)
                0x0000000008001588                systick_set_reload
 .text.systick_set_clocksource
                0x0000000008001598       0x18 ../../../../../libopencm3//lib/libopencm3_stm32f4.a(systick.o)
                0x0000000008001598                systick_set_clocksource
 .text.systick_interrupt_enable
                0x00000000080015b0       0x10 ../../../../../libopencm3//lib/libopencm3_stm32f4.a(systick.o)
                0x00000000080015b0                systick_interrupt_enable
 .text.systick_counter_enable
                0x00000000080015c0       0x10 ../../../../../libopencm3//lib/libopencm3_stm32f4.a(systick.o)
                0x00000000080015c0                systick_counter_enable
 .text.scb_reset_system
                0x00000000080015d0       0x10 ../../../../../libopencm3//lib/libopencm3_stm32f4.a(scb.o)
                0x00000000080015d0                scb_reset_system
 .text.nvic_enable_irq
                0x00000000080015e0       0x1c ../../../../../libopencm3//lib/libopencm3_stm32f4.a(nvic.o)
                0x00000000080015e0                nvic_enable_irq
 .text.flash_set_ws
                0x00000000080015fc       0x14 ../../../../../libopencm3//lib/libopencm3_stm32f4.a(flash_common_all.o)
                0x00000000080015fc                flash_set_ws
 .text.flash_dcache_enable
                0x0000000008001610       0x10 ../../../../../libopencm3//lib/libopencm3_stm32f4.a(flash_common_idcache.o)
                0x0000000008001610                flash_dcache_enable
 .text.flash_dcache_disable
                0x0000000008001620       0x10 ../../../../../libopencm3//lib/libopencm3_stm32f4.a(flash_common_idcache.o)
                0x0000000008001620                flash_dcache_disable
 .text.flash_icache_enable
                0x0000000008001630       0x10 ../../../../../libopencm3//lib/libopencm3_stm32f4.a(flash_common_idcache.o)
                0x0000000008001630                flash_icache_enable
 .text.flash_icache_disable
                0x0000000008001640       0x10 ../../../../../libopencm3//lib/libopencm3_stm32f4.a(flash_common_idcache.o)
                0x0000000008001640                flash_icache_disable
 .text.pwr_set_vos_scale
                0x0000000008001650       0x18 ../../../../../libopencm3//lib/libopencm3_stm32f4.a(pwr.o)
                0x0000000008001650                pwr_set_vos_scale
 .text          0x0000000008001668       0x80 /usr/lib/gcc/arm-none-eabi/9.2.1/../../../arm-none-eabi/lib/thumb/v7e-m+fp/hard/libc.a(lib_a-sprintf.o)
                0x0000000008001668                _sprintf_r
                0x00000000080016a4                sprintf
 .text          0x00000000080016e8     0x1498 /usr/lib/gcc/arm-none-eabi/9.2.1/../../../arm-none-eabi/lib/thumb/v7e-m+fp/hard/libc.a(lib_a-svfprintf.o)
                0x00000000080016e8                _svfprintf_r
 .text          0x0000000008002b80      0xfc0 /usr/lib/gcc/arm-none-eabi/9.2.1/../../../arm-none-eabi/lib/thumb/v7e-m+fp/hard/libc.a(lib_a-dtoa.o)
                0x0000000008002ca4                _dtoa_r
 .text          0x0000000008003b40       0x14 /usr/lib/gcc/arm-none-eabi/9.2.1/../../../arm-none-eabi/lib/thumb/v7e-m+fp/hard/libc.a(lib_a-localeconv.o)
                0x0000000008003b40                __localeconv_l
                0x0000000008003b44                _localeconv_r
                0x0000000008003b4c                localeconv
 .text          0x0000000008003b54      0x564 /usr/lib/gcc/arm-none-eabi/9.2.1/../../../arm-none-eabi/lib/thumb/v7e-m+fp/hard/libc.a(lib_a-mallocr.o)
                0x0000000008003b54                _malloc_r
 *fill*         0x00000000080040b8        0x8 
 .text          0x00000000080040c0       0xa0 /usr/lib/gcc/arm-none-eabi/9.2.1/../../../arm-none-eabi/lib/thumb/v7e-m+fp/hard/libc.a(lib_a-memchr.o)
                0x00000000080040c0                memchr
 .text          0x0000000008004160      0x134 /usr/lib/gcc/arm-none-eabi/9.2.1/../../../arm-none-eabi/lib/thumb/v7e-m+fp/hard/libc.a(lib_a-memcpy.o)
                0x0000000008004160                memcpy
 .text          0x0000000008004294        0x8 /usr/lib/gcc/arm-none-eabi/9.2.1/../../../arm-none-eabi/lib/thumb/v7e-m+fp/hard/libc.a(lib_a-mlock.o)
                0x0000000008004294                __malloc_lock
                0x0000000008004298                __malloc_unlock
 .text          0x000000000800429c      0x9a8 /usr/lib/gcc/arm-none-eabi/9.2.1/../../../arm-none-eabi/lib/thumb/v7e-m+fp/hard/libc.a(lib_a-mprec.o)
                0x000000000800429c                _Balloc
                0x00000000080042e8                _Bfree
                0x00000000080042fc                __multadd
                0x00000000080043a0                __s2b
                0x000000000800444c                __hi0bits
                0x000000000800448c                __lo0bits
                0x00000000080044ec                __i2b
                0x0000000008004518                __multiply
                0x0000000008004664                __pow5mult
                0x00000000080046fc                __lshift
                0x00000000080047c8                __mcmp
                0x0000000008004800                __mdiff
                0x0000000008004928                __ulp
                0x0000000008004978                __b2d
                0x0000000008004a30                __d2b
                0x0000000008004b04                __ratio
                0x0000000008004b64                _mprec_log10
                0x0000000008004ba4                __copybits
                0x0000000008004bec                __any_on
 .text          0x0000000008004c44       0x24 /usr/lib/gcc/arm-none-eabi/9.2.1/../../../arm-none-eabi/lib/thumb/v7e-m+fp/hard/libc.a(lib_a-sbrkr.o)
                0x0000000008004c44                _sbrk_r
 *fill*         0x0000000008004c68       0x18 
 .text          0x0000000008004c80       0xdc /usr/lib/gcc/arm-none-eabi/9.2.1/../../../arm-none-eabi/lib/thumb/v7e-m+fp/hard/libc.a(lib_a-strlen.o)
                0x0000000008004c80                strlen
 .text          0x0000000008004d5c      0xb64 /usr/lib/gcc/arm-none-eabi/9.2.1/../../../arm-none-eabi/lib/thumb/v7e-m+fp/hard/libc.a(lib_a-svfiprintf.o)
                0x0000000008004d5c                __ssprint_r
                0x0000000008004e54                _svfiprintf_r
 .text          0x00000000080058c0       0x48 /usr/lib/gcc/arm-none-eabi/9.2.1/../../../arm-none-eabi/lib/thumb/v7e-m+fp/hard/libc.a(lib_a-assert.o)
                0x00000000080058c0                __assert_func
                0x00000000080058fc                __assert
 .text          0x0000000008005908       0x60 /usr/lib/gcc/arm-none-eabi/9.2.1/../../../arm-none-eabi/lib/thumb/v7e-m+fp/hard/libc.a(lib_a-callocr.o)
                0x0000000008005908                _calloc_r
 .text          0x0000000008005968       0x44 /usr/lib/gcc/arm-none-eabi/9.2.1/../../../arm-none-eabi/lib/thumb/v7e-m+fp/hard/libc.a(lib_a-fiprintf.o)
                0x0000000008005968                _fiprintf_r
                0x0000000008005984                fiprintf
 .text          0x00000000080059ac      0x294 /usr/lib/gcc/arm-none-eabi/9.2.1/../../../arm-none-eabi/lib/thumb/v7e-m+fp/hard/libc.a(lib_a-freer.o)
                0x00000000080059ac                _malloc_trim_r
                0x0000000008005a4c                _free_r
 .text          0x0000000008005c40       0x5c /usr/lib/gcc/arm-none-eabi/9.2.1/../../../arm-none-eabi/lib/thumb/v7e-m+fp/hard/libc.a(lib_a-locale.o)
                0x0000000008005c40                _setlocale_r
                0x0000000008005c80                __locale_mb_cur_max
                0x0000000008005c8c                setlocale
 .text          0x0000000008005c9c       0x40 /usr/lib/gcc/arm-none-eabi/9.2.1/../../../arm-none-eabi/lib/thumb/v7e-m+fp/hard/libc.a(lib_a-mbtowc_r.o)
                0x0000000008005c9c                _mbtowc_r
                0x0000000008005cb0                __ascii_mbtowc
 .text          0x0000000008005cdc       0xd0 /usr/lib/gcc/arm-none-eabi/9.2.1/../../../arm-none-eabi/lib/thumb/v7e-m+fp/hard/libc.a(lib_a-memmove.o)
                0x0000000008005cdc                memmove
 .text          0x0000000008005dac       0xa0 /usr/lib/gcc/arm-none-eabi/9.2.1/../../../arm-none-eabi/lib/thumb/v7e-m+fp/hard/libc.a(lib_a-memset.o)
                0x0000000008005dac                memset
 .text          0x0000000008005e4c      0x36c /usr/lib/gcc/arm-none-eabi/9.2.1/../../../arm-none-eabi/lib/thumb/v7e-m+fp/hard/libc.a(lib_a-reallocr.o)
                0x0000000008005e4c                _realloc_r
 *fill*         0x00000000080061b8        0x8 
 .text          0x00000000080061c0      0x2dc /usr/lib/gcc/arm-none-eabi/9.2.1/../../../arm-none-eabi/lib/thumb/v7e-m+fp/hard/libc.a(lib_a-strcmp.o)
                0x00000000080061c8                strcmp
 .text          0x000000000800649c      0xd00 /usr/lib/gcc/arm-none-eabi/9.2.1/../../../arm-none-eabi/lib/thumb/v7e-m+fp/hard/libc.a(lib_a-vfiprintf.o)
                0x0000000008006514                __sprint_r
                0x0000000008006528                _vfiprintf_r
                0x0000000008007118                vfiprintf
 .text          0x000000000800719c       0x30 /usr/lib/gcc/arm-none-eabi/9.2.1/../../../arm-none-eabi/lib/thumb/v7e-m+fp/hard/libc.a(lib_a-wctomb_r.o)
                0x000000000800719c                _wctomb_r
                0x00000000080071b0                __ascii_wctomb
 .text          0x00000000080071cc       0xd0 /usr/lib/gcc/arm-none-eabi/9.2.1/../../../arm-none-eabi/lib/thumb/v7e-m+fp/hard/libc.a(lib_a-wsetup.o)
                0x00000000080071cc                __swsetup_r
 .text          0x000000000800729c       0x10 /usr/lib/gcc/arm-none-eabi/9.2.1/../../../arm-none-eabi/lib/thumb/v7e-m+fp/hard/libc.a(lib_a-abort.o)
                0x000000000800729c                abort
 .text          0x00000000080072ac      0x1a4 /usr/lib/gcc/arm-none-eabi/9.2.1/../../../arm-none-eabi/lib/thumb/v7e-m+fp/hard/libc.a(lib_a-fflush.o)
                0x00000000080072ac                __sflush_r
                0x00000000080073f8                _fflush_r
                0x000000000800742c                fflush
 .text          0x0000000008007450      0x1f4 /usr/lib/gcc/arm-none-eabi/9.2.1/../../../arm-none-eabi/lib/thumb/v7e-m+fp/hard/libc.a(lib_a-findfp.o)
                0x0000000008007454                _cleanup_r
                0x0000000008007538                __sfmoreglue
                0x0000000008007568                __sfp
                0x00000000080075f0                _cleanup
                0x0000000008007604                __sinit
                0x000000000800760c                __sfp_lock_acquire
                0x0000000008007610                __sfp_lock_release
                0x0000000008007614                __sinit_lock_acquire
                0x0000000008007618                __sinit_lock_release
                0x000000000800761c                __fp_lock_all
                0x0000000008007630                __fp_unlock_all
 .text          0x0000000008007644      0x110 /usr/lib/gcc/arm-none-eabi/9.2.1/../../../arm-none-eabi/lib/thumb/v7e-m+fp/hard/libc.a(lib_a-fputwc.o)
                0x0000000008007644                __fputwc
                0x00000000080076ec                _fputwc_r
                0x0000000008007714                fputwc
 .text          0x0000000008007754      0x308 /usr/lib/gcc/arm-none-eabi/9.2.1/../../../arm-none-eabi/lib/thumb/v7e-m+fp/hard/libc.a(lib_a-fvwrite.o)
                0x0000000008007754                __sfvwrite_r
 .text          0x0000000008007a5c       0xa0 /usr/lib/gcc/arm-none-eabi/9.2.1/../../../arm-none-eabi/lib/thumb/v7e-m+fp/hard/libc.a(lib_a-fwalk.o)
                0x0000000008007a5c                _fwalk
                0x0000000008007aa8                _fwalk_reent
 .text          0x0000000008007afc       0xf0 /usr/lib/gcc/arm-none-eabi/9.2.1/../../../arm-none-eabi/lib/thumb/v7e-m+fp/hard/libc.a(lib_a-makebuf.o)
                0x0000000008007afc                __swhatbuf_r
                0x0000000008007b58                __smakebuf_r
 .text          0x0000000008007bec      0x15c /usr/lib/gcc/arm-none-eabi/9.2.1/../../../arm-none-eabi/lib/thumb/v7e-m+fp/hard/libc.a(lib_a-signal.o)
                0x0000000008007c14                _init_signal_r
                0x0000000008007c20                _signal_r
                0x0000000008007c58                _raise_r
                0x0000000008007cb0                __sigtramp_r
                0x0000000008007d04                raise
                0x0000000008007d14                signal
                0x0000000008007d24                _init_signal
                0x0000000008007d38                __sigtramp
 .text          0x0000000008007d48       0x2c /usr/lib/gcc/arm-none-eabi/9.2.1/../../../arm-none-eabi/lib/thumb/v7e-m+fp/hard/libc.a(lib_a-signalr.o)
                0x0000000008007d48                _kill_r
                0x0000000008007d70                _getpid_r
 .text          0x0000000008007d74       0x90 /usr/lib/gcc/arm-none-eabi/9.2.1/../../../arm-none-eabi/lib/thumb/v7e-m+fp/hard/libc.a(lib_a-stdio.o)
                0x0000000008007d74                __sread
                0x0000000008007d98                __seofread
                0x0000000008007d9c                __swrite
                0x0000000008007ddc                __sseek
                0x0000000008007dfc                __sclose
 .text          0x0000000008007e04       0xc0 /usr/lib/gcc/arm-none-eabi/9.2.1/../../../arm-none-eabi/lib/thumb/v7e-m+fp/hard/libc.a(lib_a-wbuf.o)
                0x0000000008007e04                __swbuf_r
                0x0000000008007eb4                __swbuf
 .text          0x0000000008007ec4       0x7c /usr/lib/gcc/arm-none-eabi/9.2.1/../../../arm-none-eabi/lib/thumb/v7e-m+fp/hard/libc.a(lib_a-wcrtomb.o)
                0x0000000008007ec4                _wcrtomb_r
                0x0000000008007ef8                wcrtomb
 .text          0x0000000008007f40       0x2c /usr/lib/gcc/arm-none-eabi/9.2.1/../../../arm-none-eabi/lib/thumb/v7e-m+fp/hard/libc.a(lib_a-writer.o)
                0x0000000008007f40                _write_r
 .text          0x0000000008007f6c       0x24 /usr/lib/gcc/arm-none-eabi/9.2.1/../../../arm-none-eabi/lib/thumb/v7e-m+fp/hard/libc.a(lib_a-closer.o)
                0x0000000008007f6c                _close_r
 .text          0x0000000008007f90       0x98 /usr/lib/gcc/arm-none-eabi/9.2.1/../../../arm-none-eabi/lib/thumb/v7e-m+fp/hard/libc.a(lib_a-fclose.o)
                0x0000000008007f90                _fclose_r
                0x0000000008008018                fclose
 .text          0x0000000008008028       0x28 /usr/lib/gcc/arm-none-eabi/9.2.1/../../../arm-none-eabi/lib/thumb/v7e-m+fp/hard/libc.a(lib_a-fstatr.o)
                0x0000000008008028                _fstat_r
 .text          0x0000000008008050       0x24 /usr/lib/gcc/arm-none-eabi/9.2.1/../../../arm-none-eabi/lib/thumb/v7e-m+fp/hard/libc.a(lib_a-isattyr.o)
                0x0000000008008050                _isatty_r
 .text          0x0000000008008074       0x2c /usr/lib/gcc/arm-none-eabi/9.2.1/../../../arm-none-eabi/lib/thumb/v7e-m+fp/hard/libc.a(lib_a-lseekr.o)
                0x0000000008008074                _lseek_r
 .text          0x00000000080080a0       0x2c /usr/lib/gcc/arm-none-eabi/9.2.1/../../../arm-none-eabi/lib/thumb/v7e-m+fp/hard/libc.a(lib_a-readr.o)
                0x00000000080080a0                _read_r
 .text          0x00000000080080cc      0x378 /usr/lib/gcc/arm-none-eabi/9.2.1/thumb/v7e-m+fp/hard/libgcc.a(_arm_addsubdf3.o)
                0x00000000080080cc                __aeabi_drsub
                0x00000000080080d4                __aeabi_dsub
                0x00000000080080d4                __subdf3
                0x00000000080080d8                __adddf3
                0x00000000080080d8                __aeabi_dadd
                0x0000000008008350                __aeabi_ui2d
                0x0000000008008350                __floatunsidf
                0x0000000008008370                __floatsidf
                0x0000000008008370                __aeabi_i2d
                0x0000000008008394                __extendsfdf2
                0x0000000008008394                __aeabi_f2d
                0x00000000080083d8                __aeabi_ul2d
                0x00000000080083d8                __floatundidf
                0x00000000080083e8                __floatdidf
                0x00000000080083e8                __aeabi_l2d
 .text          0x0000000008008444      0x424 /usr/lib/gcc/arm-none-eabi/9.2.1/thumb/v7e-m+fp/hard/libgcc.a(_arm_muldivdf3.o)
                0x0000000008008444                __aeabi_dmul
                0x0000000008008444                __muldf3
                0x0000000008008698                __aeabi_ddiv
                0x0000000008008698                __divdf3
 .text          0x0000000008008868      0x110 /usr/lib/gcc/arm-none-eabi/9.2.1/thumb/v7e-m+fp/hard/libgcc.a(_arm_cmpdf2.o)
                0x0000000008008868                __gtdf2
                0x0000000008008868                __gedf2
                0x0000000008008870                __ltdf2
                0x0000000008008870                __ledf2
                0x0000000008008878                __cmpdf2
                0x0000000008008878                __eqdf2
                0x0000000008008878                __nedf2
                0x00000000080088f4                __aeabi_cdrcmple
                0x0000000008008904                __aeabi_cdcmple
                0x0000000008008904                __aeabi_cdcmpeq
                0x0000000008008914                __aeabi_dcmpeq
                0x0000000008008928                __aeabi_dcmplt
                0x000000000800893c                __aeabi_dcmple
                0x0000000008008950                __aeabi_dcmpge
                0x0000000008008964                __aeabi_dcmpgt
 .text          0x0000000008008978       0x2c /usr/lib/gcc/arm-none-eabi/9.2.1/thumb/v7e-m+fp/hard/libgcc.a(_arm_unorddf2.o)
                0x0000000008008978                __aeabi_dcmpun
                0x0000000008008978                __unorddf2
 .text          0x00000000080089a4       0x50 /usr/lib/gcc/arm-none-eabi/9.2.1/thumb/v7e-m+fp/hard/libgcc.a(_arm_fixdfsi.o)
                0x00000000080089a4                __fixdfsi
                0x00000000080089a4                __aeabi_d2iz
 .text          0x00000000080089f4       0x30 /usr/lib/gcc/arm-none-eabi/9.2.1/thumb/v7e-m+fp/hard/libgcc.a(_aeabi_uldivmod.o)
                0x00000000080089f4                __aeabi_uldivmod
 .text          0x0000000008008a24      0x2c4 /usr/lib/gcc/arm-none-eabi/9.2.1/thumb/v7e-m+fp/hard/libgcc.a(_udivmoddi4.o)
                0x0000000008008a24                __udivmoddi4
 .text          0x0000000008008ce8        0x4 /usr/lib/gcc/arm-none-eabi/9.2.1/thumb/v7e-m+fp/hard/libgcc.a(_dvmd_tls.o)
                0x0000000008008ce8                __aeabi_ldiv0
                0x0000000008008ce8                __aeabi_idiv0
 .text          0x0000000008008cec       0x10 /usr/lib/gcc/arm-none-eabi/9.2.1/../../../arm-none-eabi/lib/thumb/v7e-m+fp/hard/libnosys.a(close.o)
                0x0000000008008cec                _close
 .text          0x0000000008008cfc       0x10 /usr/lib/gcc/arm-none-eabi/9.2.1/../../../arm-none-eabi/lib/thumb/v7e-m+fp/hard/libnosys.a(fstat.o)
                0x0000000008008cfc                _fstat
 .text          0x0000000008008d0c       0x10 /usr/lib/gcc/arm-none-eabi/9.2.1/../../../arm-none-eabi/lib/thumb/v7e-m+fp/hard/libnosys.a(getpid.o)
                0x0000000008008d0c                _getpid
 .text          0x0000000008008d1c       0x10 /usr/lib/gcc/arm-none-eabi/9.2.1/../../../arm-none-eabi/lib/thumb/v7e-m+fp/hard/libnosys.a(isatty.o)
                0x0000000008008d1c                _isatty
 .text          0x0000000008008d2c       0x10 /usr/lib/gcc/arm-none-eabi/9.2.1/../../../arm-none-eabi/lib/thumb/v7e-m+fp/hard/libnosys.a(kill.o)
                0x0000000008008d2c                _kill
 .text          0x0000000008008d3c       0x10 /usr/lib/gcc/arm-none-eabi/9.2.1/../../../arm-none-eabi/lib/thumb/v7e-m+fp/hard/libnosys.a(lseek.o)
                0x0000000008008d3c                _lseek
 .text          0x0000000008008d4c       0x10 /usr/lib/gcc/arm-none-eabi/9.2.1/../../../arm-none-eabi/lib/thumb/v7e-m+fp/hard/libnosys.a(read.o)
                0x0000000008008d4c                _read
 .text          0x0000000008008d5c       0x1c /usr/lib/gcc/arm-none-eabi/9.2.1/../../../arm-none-eabi/lib/thumb/v7e-m+fp/hard/libnosys.a(sbrk.o)
                0x0000000008008d5c                _sbrk
 .text          0x0000000008008d78       0x10 /usr/lib/gcc/arm-none-eabi/9.2.1/../../../arm-none-eabi/lib/thumb/v7e-m+fp/hard/libnosys.a(write.o)
                0x0000000008008d78                _write
 .text          0x0000000008008d88        0x4 /usr/lib/gcc/arm-none-eabi/9.2.1/../../../arm-none-eabi/lib/thumb/v7e-m+fp/hard/libnosys.a(_exit.o)
                0x0000000008008d88                _exit
                0x0000000008008d8c                . = ALIGN (0x4)
 *(.rodata*)
 .rodata.sdram_pins
                0x0000000008008d8c       0x30 sdram.o
 .rodata.print_hex.str1.1
                0x0000000008008dbc        0x3 lcd-spi.o
 .rodata.lcd_spi_init.str1.1
                0x0000000008008dbf       0x62 lcd-spi.o
 .rodata.cmd_args
                0x0000000008008e21       0x3a lcd-spi.o
 *fill*         0x0000000008008e5b        0x1 
 .rodata.initialization
                0x0000000008008e5c       0x50 lcd-spi.o
                0x0000000008008e5c                initialization
 .rodata.mcm_font
                0x0000000008008eac      0x480 gfx.o
 .rodata.main.str1.1
                0x000000000800932c       0x83 spi-mems.o
                                         0x85 (size before relaxing)
 .rodata.CSWTCH.2
                0x00000000080093af        0x3 ../../../../../libopencm3//lib/libopencm3_stm32f4.a(fmc_common_f47.o)
 *fill*         0x00000000080093b2        0x2 
 .rodata.rcc_hse_8mhz_3v3
                0x00000000080093b4       0x70 ../../../../../libopencm3//lib/libopencm3_stm32f4.a(rcc.o)
                0x00000000080093b4                rcc_hse_8mhz_3v3
 .rodata        0x0000000008009424       0x20 /usr/lib/gcc/arm-none-eabi/9.2.1/../../../arm-none-eabi/lib/thumb/v7e-m+fp/hard/libc.a(lib_a-svfprintf.o)
 .rodata.str1.4
                0x0000000008009444       0x42 /usr/lib/gcc/arm-none-eabi/9.2.1/../../../arm-none-eabi/lib/thumb/v7e-m+fp/hard/libc.a(lib_a-svfprintf.o)
 *fill*         0x0000000008009486        0x2 
 .rodata.str1.4
                0x0000000008009488       0x56 /usr/lib/gcc/arm-none-eabi/9.2.1/../../../arm-none-eabi/lib/thumb/v7e-m+fp/hard/libc.a(lib_a-dtoa.o)
                                         0x5a (size before relaxing)
 *fill*         0x00000000080094de        0x2 
 .rodata        0x00000000080094e0        0x4 /usr/lib/gcc/arm-none-eabi/9.2.1/../../../arm-none-eabi/lib/thumb/v7e-m+fp/hard/libc.a(lib_a-impure.o)
                0x00000000080094e0                _global_impure_ptr
 *fill*         0x00000000080094e4        0x4 
 .rodata        0x00000000080094e8      0x128 /usr/lib/gcc/arm-none-eabi/9.2.1/../../../arm-none-eabi/lib/thumb/v7e-m+fp/hard/libc.a(lib_a-mprec.o)
                0x00000000080094f8                __mprec_tens
                0x00000000080095c0                __mprec_tinytens
                0x00000000080095e8                __mprec_bigtens
 .rodata.str1.4
                0x0000000008009610       0x33 /usr/lib/gcc/arm-none-eabi/9.2.1/../../../arm-none-eabi/lib/thumb/v7e-m+fp/hard/libc.a(lib_a-mprec.o)
                                         0x47 (size before relaxing)
 *fill*         0x0000000008009643        0x1 
 .rodata        0x0000000008009644       0x20 /usr/lib/gcc/arm-none-eabi/9.2.1/../../../arm-none-eabi/lib/thumb/v7e-m+fp/hard/libc.a(lib_a-svfiprintf.o)
 .rodata.str1.4
                0x0000000008009664       0x2f /usr/lib/gcc/arm-none-eabi/9.2.1/../../../arm-none-eabi/lib/thumb/v7e-m+fp/hard/libc.a(lib_a-svfiprintf.o)
 .rodata.str1.4
                0x0000000008009664       0x3f /usr/lib/gcc/arm-none-eabi/9.2.1/../../../arm-none-eabi/lib/thumb/v7e-m+fp/hard/libc.a(lib_a-assert.o)
                                         0x43 (size before relaxing)
 *fill*         0x00000000080096a3        0x1 
 .rodata.str1.4
                0x00000000080096a4        0xe /usr/lib/gcc/arm-none-eabi/9.2.1/../../../arm-none-eabi/lib/thumb/v7e-m+fp/hard/libc.a(lib_a-locale.o)
                                         0x12 (size before relaxing)
 *fill*         0x00000000080096b2        0x2 
 .rodata        0x00000000080096b4       0x20 /usr/lib/gcc/arm-none-eabi/9.2.1/../../../arm-none-eabi/lib/thumb/v7e-m+fp/hard/libc.a(lib_a-vfiprintf.o)
 .rodata.str1.4
                0x00000000080096d4       0x2f /usr/lib/gcc/arm-none-eabi/9.2.1/../../../arm-none-eabi/lib/thumb/v7e-m+fp/hard/libc.a(lib_a-vfiprintf.o)
 .rodata        0x00000000080096d4      0x101 /usr/lib/gcc/arm-none-eabi/9.2.1/../../../arm-none-eabi/lib/thumb/v7e-m+fp/hard/libc.a(lib_a-ctype_.o)
                0x00000000080096d4                _ctype_
                0x00000000080097d8                . = ALIGN (0x4)
 *fill*         0x00000000080097d5        0x3 

.glue_7         0x00000000080097d8        0x0
 .glue_7        0x00000000080097d8        0x0 linker stubs

.glue_7t        0x00000000080097d8        0x0
 .glue_7t       0x00000000080097d8        0x0 linker stubs

.vfp11_veneer   0x00000000080097d8        0x0
 .vfp11_veneer  0x00000000080097d8        0x0 linker stubs

.v4_bx          0x00000000080097d8        0x0
 .v4_bx         0x00000000080097d8        0x0 linker stubs

.iplt           0x00000000080097d8        0x0
 .iplt          0x00000000080097d8        0x0 clock.o

.preinit_array  0x00000000080097d8        0x0
                0x00000000080097d8                . = ALIGN (0x4)
                0x00000000080097d8                __preinit_array_start = .
 *(.preinit_array)
                0x00000000080097d8                __preinit_array_end = .

.init_array     0x00000000080097d8        0x0
                0x00000000080097d8                . = ALIGN (0x4)
                0x00000000080097d8                __init_array_start = .
 *(SORT_BY_NAME(.init_array.*))
 *(.init_array)
                0x00000000080097d8                __init_array_end = .

.fini_array     0x00000000080097d8        0x0
                0x00000000080097d8                . = ALIGN (0x4)
                0x00000000080097d8                __fini_array_start = .
 *(.fini_array)
 *(SORT_BY_NAME(.fini_array.*))
                0x00000000080097d8                __fini_array_end = .

.ARM.extab
 *(.ARM.extab*)

.ARM.exidx      0x00000000080097d8        0x8
                0x00000000080097d8                __exidx_start = .
 *(.ARM.exidx*)
 .ARM.exidx     0x00000000080097d8        0x8 /usr/lib/gcc/arm-none-eabi/9.2.1/thumb/v7e-m+fp/hard/libgcc.a(_udivmoddi4.o)
                0x00000000080097e0                __exidx_end = .

.rel.dyn        0x00000000080097e0        0x0
 .rel.iplt      0x00000000080097e0        0x0 clock.o
                0x00000000080097e0                . = ALIGN (0x4)
                0x00000000080097e0                _etext = .

.noinit
 *(.noinit*)
                0x00000000080097e0                . = ALIGN (0x4)

.data           0x0000000020000000      0x9d4 load address 0x00000000080097e0
                0x0000000020000000                _data = .
 *(.data*)
 .data.timing   0x0000000020000000       0x1c sdram.o
 .data.rcc_ahb_frequency
                0x000000002000001c        0x4 ../../../../../libopencm3//lib/libopencm3_stm32f4.a(rcc.o)
                0x000000002000001c                rcc_ahb_frequency
 .data.rcc_apb1_frequency
                0x0000000020000020        0x4 ../../../../../libopencm3//lib/libopencm3_stm32f4.a(rcc.o)
                0x0000000020000020                rcc_apb1_frequency
 .data.rcc_apb2_frequency
                0x0000000020000024        0x4 ../../../../../libopencm3//lib/libopencm3_stm32f4.a(rcc.o)
                0x0000000020000024                rcc_apb2_frequency
 .data          0x0000000020000028      0x430 /usr/lib/gcc/arm-none-eabi/9.2.1/../../../arm-none-eabi/lib/thumb/v7e-m+fp/hard/libc.a(lib_a-impure.o)
                0x0000000020000028                _impure_ptr
 .data          0x0000000020000458      0x410 /usr/lib/gcc/arm-none-eabi/9.2.1/../../../arm-none-eabi/lib/thumb/v7e-m+fp/hard/libc.a(lib_a-mallocr.o)
                0x0000000020000458                __malloc_av_
                0x0000000020000860                __malloc_sbrk_base
                0x0000000020000864                __malloc_trim_threshold
 .data          0x0000000020000868      0x16c /usr/lib/gcc/arm-none-eabi/9.2.1/../../../arm-none-eabi/lib/thumb/v7e-m+fp/hard/libc.a(lib_a-locale.o)
                0x0000000020000868                __global_locale
 *(.ramtext*)
                0x00000000200009d4                . = ALIGN (0x4)
                0x00000000200009d4                _edata = .
                0x00000000080097e0                _data_loadaddr = LOADADDR (.data)

.igot.plt       0x00000000200009d4        0x0 load address 0x000000000800a1b4
 .igot.plt      0x00000000200009d4        0x0 clock.o

.bss            0x00000000200009d4       0xe8 load address 0x000000000800a1b4
 *(.bss*)
 .bss.system_millis
                0x00000000200009d4        0x4 clock.o
 .bss.recv_buf  0x00000000200009d8       0x80 console.o
                0x00000000200009d8                recv_buf
 .bss.recv_ndx_cur
                0x0000000020000a58        0x4 console.o
                0x0000000020000a58                recv_ndx_cur
 .bss.recv_ndx_nxt
                0x0000000020000a5c        0x4 console.o
                0x0000000020000a5c                recv_ndx_nxt
 .bss.cur_frame
                0x0000000020000a60        0x4 lcd-spi.o
                0x0000000020000a60                cur_frame
 .bss.display_frame
                0x0000000020000a64        0x4 lcd-spi.o
                0x0000000020000a64                display_frame
 .bss.__gfx_state
                0x0000000020000a68       0x14 gfx.o
                0x0000000020000a68                __gfx_state
 .bss.comms_enable
                0x0000000020000a7c        0x4 spi-mems.o
                0x0000000020000a7c                comms_enable
 .bss           0x0000000020000a80       0x34 /usr/lib/gcc/arm-none-eabi/9.2.1/../../../arm-none-eabi/lib/thumb/v7e-m+fp/hard/libc.a(lib_a-mallocr.o)
                0x0000000020000a80                __malloc_top_pad
                0x0000000020000a84                __malloc_current_mallinfo
                0x0000000020000aac                __malloc_max_sbrked_mem
                0x0000000020000ab0                __malloc_max_total_mem
 .bss           0x0000000020000ab4        0x4 /usr/lib/gcc/arm-none-eabi/9.2.1/../../../arm-none-eabi/lib/thumb/v7e-m+fp/hard/libnosys.a(sbrk.o)
 *(COMMON)
 COMMON         0x0000000020000ab8        0x4 /usr/lib/gcc/arm-none-eabi/9.2.1/../../../arm-none-eabi/lib/thumb/v7e-m+fp/hard/libc.a(lib_a-reent.o)
                0x0000000020000ab8                errno
                0x0000000020000abc                . = ALIGN (0x4)
                0x0000000020000abc                _ebss = .

/DISCARD/
 *(.eh_frame)
                0x0000000020000abc                . = ALIGN (0x4)
                0x0000000020000abc                end = .
                0x0000000020030000                PROVIDE (_stack = (ORIGIN (ram) + LENGTH (ram)))
OUTPUT(spi-mems.elf elf32-littlearm)
LOAD linker stubs

.debug_info     0x0000000000000000    0x38d54
 .debug_info    0x0000000000000000      0x357 clock.o
 .debug_info    0x0000000000000357      0xacf console.o
 .debug_info    0x0000000000000e26      0xa04 sdram.o
 .debug_info    0x000000000000182a      0xecf lcd-spi.o
 .debug_info    0x00000000000026f9     0x20dc gfx.o
 .debug_info    0x00000000000047d5     0x1fd0 spi-mems.o
 .debug_info    0x00000000000067a5      0x209 ../../../../../libopencm3//lib/libopencm3_stm32f4.a(fmc_common_f47.o)
 .debug_info    0x00000000000069ae      0x24e ../../../../../libopencm3//lib/libopencm3_stm32f4.a(gpio_common_all.o)
 .debug_info    0x0000000000006bfc      0x20f ../../../../../libopencm3//lib/libopencm3_stm32f4.a(gpio_common_f0234.o)
 .debug_info    0x0000000000006e0b      0xaca ../../../../../libopencm3//lib/libopencm3_stm32f4.a(rcc_common_all.o)
 .debug_info    0x00000000000078d5     0x112b ../../../../../libopencm3//lib/libopencm3_stm32f4.a(rcc.o)
 .debug_info    0x0000000000008a00      0x996 ../../../../../libopencm3//lib/libopencm3_stm32f4.a(spi_common_all.o)
 .debug_info    0x0000000000009396      0x2f0 ../../../../../libopencm3//lib/libopencm3_stm32f4.a(spi_common_v1.o)
 .debug_info    0x0000000000009686      0x71e ../../../../../libopencm3//lib/libopencm3_stm32f4.a(usart_common_all.o)
 .debug_info    0x0000000000009da4      0x2e6 ../../../../../libopencm3//lib/libopencm3_stm32f4.a(vector.o)
 .debug_info    0x000000000000a08a      0x268 ../../../../../libopencm3//lib/libopencm3_stm32f4.a(systick.o)
 .debug_info    0x000000000000a2f2      0x962 ../../../../../libopencm3//lib/libopencm3_stm32f4.a(scb.o)
 .debug_info    0x000000000000ac54      0x22d ../../../../../libopencm3//lib/libopencm3_stm32f4.a(nvic.o)
 .debug_info    0x000000000000ae81       0xf0 ../../../../../libopencm3//lib/libopencm3_stm32f4.a(flash_common_all.o)
 .debug_info    0x000000000000af71       0xe8 ../../../../../libopencm3//lib/libopencm3_stm32f4.a(flash_common_idcache.o)
 .debug_info    0x000000000000b059       0xdc ../../../../../libopencm3//lib/libopencm3_stm32f4.a(pwr.o)
 .debug_info    0x000000000000b135      0xc90 /usr/lib/gcc/arm-none-eabi/9.2.1/../../../arm-none-eabi/lib/thumb/v7e-m+fp/hard/libc.a(lib_a-sprintf.o)
 .debug_info    0x000000000000bdc5     0x1ebd /usr/lib/gcc/arm-none-eabi/9.2.1/../../../arm-none-eabi/lib/thumb/v7e-m+fp/hard/libc.a(lib_a-svfprintf.o)
 .debug_info    0x000000000000dc82     0x1acf /usr/lib/gcc/arm-none-eabi/9.2.1/../../../arm-none-eabi/lib/thumb/v7e-m+fp/hard/libc.a(lib_a-dtoa.o)
 .debug_info    0x000000000000f751      0x92a /usr/lib/gcc/arm-none-eabi/9.2.1/../../../arm-none-eabi/lib/thumb/v7e-m+fp/hard/libc.a(lib_a-impure.o)
 .debug_info    0x000000000001007b      0xf49 /usr/lib/gcc/arm-none-eabi/9.2.1/../../../arm-none-eabi/lib/thumb/v7e-m+fp/hard/libc.a(lib_a-localeconv.o)
 .debug_info    0x0000000000010fc4      0xf41 /usr/lib/gcc/arm-none-eabi/9.2.1/../../../arm-none-eabi/lib/thumb/v7e-m+fp/hard/libc.a(lib_a-mallocr.o)
 .debug_info    0x0000000000011f05       0x26 /usr/lib/gcc/arm-none-eabi/9.2.1/../../../arm-none-eabi/lib/thumb/v7e-m+fp/hard/libc.a(lib_a-memchr.o)
 .debug_info    0x0000000000011f2b       0x26 /usr/lib/gcc/arm-none-eabi/9.2.1/../../../arm-none-eabi/lib/thumb/v7e-m+fp/hard/libc.a(lib_a-memcpy.o)
 .debug_info    0x0000000000011f51      0x961 /usr/lib/gcc/arm-none-eabi/9.2.1/../../../arm-none-eabi/lib/thumb/v7e-m+fp/hard/libc.a(lib_a-mlock.o)
 .debug_info    0x00000000000128b2     0x228d /usr/lib/gcc/arm-none-eabi/9.2.1/../../../arm-none-eabi/lib/thumb/v7e-m+fp/hard/libc.a(lib_a-mprec.o)
 .debug_info    0x0000000000014b3f      0x9fb /usr/lib/gcc/arm-none-eabi/9.2.1/../../../arm-none-eabi/lib/thumb/v7e-m+fp/hard/libc.a(lib_a-sbrkr.o)
 .debug_info    0x000000000001553a       0x26 /usr/lib/gcc/arm-none-eabi/9.2.1/../../../arm-none-eabi/lib/thumb/v7e-m+fp/hard/libc.a(lib_a-strlen.o)
 .debug_info    0x0000000000015560     0x18fe /usr/lib/gcc/arm-none-eabi/9.2.1/../../../arm-none-eabi/lib/thumb/v7e-m+fp/hard/libc.a(lib_a-svfiprintf.o)
 .debug_info    0x0000000000016e5e      0xa41 /usr/lib/gcc/arm-none-eabi/9.2.1/../../../arm-none-eabi/lib/thumb/v7e-m+fp/hard/libc.a(lib_a-assert.o)
 .debug_info    0x000000000001789f      0xc2f /usr/lib/gcc/arm-none-eabi/9.2.1/../../../arm-none-eabi/lib/thumb/v7e-m+fp/hard/libc.a(lib_a-callocr.o)
 .debug_info    0x00000000000184ce      0xa71 /usr/lib/gcc/arm-none-eabi/9.2.1/../../../arm-none-eabi/lib/thumb/v7e-m+fp/hard/libc.a(lib_a-fiprintf.o)
 .debug_info    0x0000000000018f3f      0xdc4 /usr/lib/gcc/arm-none-eabi/9.2.1/../../../arm-none-eabi/lib/thumb/v7e-m+fp/hard/libc.a(lib_a-freer.o)
 .debug_info    0x0000000000019d03     0x10ca /usr/lib/gcc/arm-none-eabi/9.2.1/../../../arm-none-eabi/lib/thumb/v7e-m+fp/hard/libc.a(lib_a-locale.o)
 .debug_info    0x000000000001adcd     0x1044 /usr/lib/gcc/arm-none-eabi/9.2.1/../../../arm-none-eabi/lib/thumb/v7e-m+fp/hard/libc.a(lib_a-mbtowc_r.o)
 .debug_info    0x000000000001be11      0xf2b /usr/lib/gcc/arm-none-eabi/9.2.1/../../../arm-none-eabi/lib/thumb/v7e-m+fp/hard/libc.a(lib_a-memmove.o)
 .debug_info    0x000000000001cd3c      0xf21 /usr/lib/gcc/arm-none-eabi/9.2.1/../../../arm-none-eabi/lib/thumb/v7e-m+fp/hard/libc.a(lib_a-memset.o)
 .debug_info    0x000000000001dc5d      0xefd /usr/lib/gcc/arm-none-eabi/9.2.1/../../../arm-none-eabi/lib/thumb/v7e-m+fp/hard/libc.a(lib_a-reallocr.o)
 .debug_info    0x000000000001eb5a      0xac5 /usr/lib/gcc/arm-none-eabi/9.2.1/../../../arm-none-eabi/lib/thumb/v7e-m+fp/hard/libc.a(lib_a-reent.o)
 .debug_info    0x000000000001f61f       0x26 /usr/lib/gcc/arm-none-eabi/9.2.1/../../../arm-none-eabi/lib/thumb/v7e-m+fp/hard/libc.a(lib_a-strcmp.o)
 .debug_info    0x000000000001f645     0x1eb6 /usr/lib/gcc/arm-none-eabi/9.2.1/../../../arm-none-eabi/lib/thumb/v7e-m+fp/hard/libc.a(lib_a-vfiprintf.o)
 .debug_info    0x00000000000214fb      0xffd /usr/lib/gcc/arm-none-eabi/9.2.1/../../../arm-none-eabi/lib/thumb/v7e-m+fp/hard/libc.a(lib_a-wctomb_r.o)
 .debug_info    0x00000000000224f8      0xbf3 /usr/lib/gcc/arm-none-eabi/9.2.1/../../../arm-none-eabi/lib/thumb/v7e-m+fp/hard/libc.a(lib_a-wsetup.o)
 .debug_info    0x00000000000230eb      0x9b5 /usr/lib/gcc/arm-none-eabi/9.2.1/../../../arm-none-eabi/lib/thumb/v7e-m+fp/hard/libc.a(lib_a-abort.o)
 .debug_info    0x0000000000023aa0      0xe91 /usr/lib/gcc/arm-none-eabi/9.2.1/../../../arm-none-eabi/lib/thumb/v7e-m+fp/hard/libc.a(lib_a-ctype_.o)
 .debug_info    0x0000000000024931      0xd73 /usr/lib/gcc/arm-none-eabi/9.2.1/../../../arm-none-eabi/lib/thumb/v7e-m+fp/hard/libc.a(lib_a-fflush.o)
 .debug_info    0x00000000000256a4     0x1143 /usr/lib/gcc/arm-none-eabi/9.2.1/../../../arm-none-eabi/lib/thumb/v7e-m+fp/hard/libc.a(lib_a-findfp.o)
 .debug_info    0x00000000000267e7      0xe4a /usr/lib/gcc/arm-none-eabi/9.2.1/../../../arm-none-eabi/lib/thumb/v7e-m+fp/hard/libc.a(lib_a-fputwc.o)
 .debug_info    0x0000000000027631      0xeed /usr/lib/gcc/arm-none-eabi/9.2.1/../../../arm-none-eabi/lib/thumb/v7e-m+fp/hard/libc.a(lib_a-fvwrite.o)
 .debug_info    0x000000000002851e      0xca4 /usr/lib/gcc/arm-none-eabi/9.2.1/../../../arm-none-eabi/lib/thumb/v7e-m+fp/hard/libc.a(lib_a-fwalk.o)
 .debug_info    0x00000000000291c2      0xf69 /usr/lib/gcc/arm-none-eabi/9.2.1/../../../arm-none-eabi/lib/thumb/v7e-m+fp/hard/libc.a(lib_a-makebuf.o)
 .debug_info    0x000000000002a12b      0xd5c /usr/lib/gcc/arm-none-eabi/9.2.1/../../../arm-none-eabi/lib/thumb/v7e-m+fp/hard/libc.a(lib_a-signal.o)
 .debug_info    0x000000000002ae87      0xa44 /usr/lib/gcc/arm-none-eabi/9.2.1/../../../arm-none-eabi/lib/thumb/v7e-m+fp/hard/libc.a(lib_a-signalr.o)
 .debug_info    0x000000000002b8cb      0xe67 /usr/lib/gcc/arm-none-eabi/9.2.1/../../../arm-none-eabi/lib/thumb/v7e-m+fp/hard/libc.a(lib_a-stdio.o)
 .debug_info    0x000000000002c732      0xc90 /usr/lib/gcc/arm-none-eabi/9.2.1/../../../arm-none-eabi/lib/thumb/v7e-m+fp/hard/libc.a(lib_a-wbuf.o)
 .debug_info    0x000000000002d3c2     0x10b3 /usr/lib/gcc/arm-none-eabi/9.2.1/../../../arm-none-eabi/lib/thumb/v7e-m+fp/hard/libc.a(lib_a-wcrtomb.o)
 .debug_info    0x000000000002e475      0xa2c /usr/lib/gcc/arm-none-eabi/9.2.1/../../../arm-none-eabi/lib/thumb/v7e-m+fp/hard/libc.a(lib_a-writer.o)
 .debug_info    0x000000000002eea1      0x9d8 /usr/lib/gcc/arm-none-eabi/9.2.1/../../../arm-none-eabi/lib/thumb/v7e-m+fp/hard/libc.a(lib_a-closer.o)
 .debug_info    0x000000000002f879      0xcd5 /usr/lib/gcc/arm-none-eabi/9.2.1/../../../arm-none-eabi/lib/thumb/v7e-m+fp/hard/libc.a(lib_a-fclose.o)
 .debug_info    0x000000000003054e      0xc24 /usr/lib/gcc/arm-none-eabi/9.2.1/../../../arm-none-eabi/lib/thumb/v7e-m+fp/hard/libc.a(lib_a-fstatr.o)
 .debug_info    0x0000000000031172      0x9d8 /usr/lib/gcc/arm-none-eabi/9.2.1/../../../arm-none-eabi/lib/thumb/v7e-m+fp/hard/libc.a(lib_a-isattyr.o)
 .debug_info    0x0000000000031b4a      0xa0d /usr/lib/gcc/arm-none-eabi/9.2.1/../../../arm-none-eabi/lib/thumb/v7e-m+fp/hard/libc.a(lib_a-lseekr.o)
 .debug_info    0x0000000000032557      0xa25 /usr/lib/gcc/arm-none-eabi/9.2.1/../../../arm-none-eabi/lib/thumb/v7e-m+fp/hard/libc.a(lib_a-readr.o)
 .debug_info    0x0000000000032f7c       0x26 /usr/lib/gcc/arm-none-eabi/9.2.1/thumb/v7e-m+fp/hard/libgcc.a(_arm_addsubdf3.o)
 .debug_info    0x0000000000032fa2       0x26 /usr/lib/gcc/arm-none-eabi/9.2.1/thumb/v7e-m+fp/hard/libgcc.a(_arm_muldivdf3.o)
 .debug_info    0x0000000000032fc8       0x26 /usr/lib/gcc/arm-none-eabi/9.2.1/thumb/v7e-m+fp/hard/libgcc.a(_arm_cmpdf2.o)
 .debug_info    0x0000000000032fee       0x26 /usr/lib/gcc/arm-none-eabi/9.2.1/thumb/v7e-m+fp/hard/libgcc.a(_arm_unorddf2.o)
 .debug_info    0x0000000000033014       0x26 /usr/lib/gcc/arm-none-eabi/9.2.1/thumb/v7e-m+fp/hard/libgcc.a(_arm_fixdfsi.o)
 .debug_info    0x000000000003303a       0x26 /usr/lib/gcc/arm-none-eabi/9.2.1/thumb/v7e-m+fp/hard/libgcc.a(_aeabi_uldivmod.o)
 .debug_info    0x0000000000033060      0xd7c /usr/lib/gcc/arm-none-eabi/9.2.1/thumb/v7e-m+fp/hard/libgcc.a(_udivmoddi4.o)
 .debug_info    0x0000000000033ddc       0x26 /usr/lib/gcc/arm-none-eabi/9.2.1/thumb/v7e-m+fp/hard/libgcc.a(_dvmd_tls.o)
 .debug_info    0x0000000000033e02      0x96e /usr/lib/gcc/arm-none-eabi/9.2.1/../../../arm-none-eabi/lib/thumb/v7e-m+fp/hard/libnosys.a(close.o)
 .debug_info    0x0000000000034770      0xbb1 /usr/lib/gcc/arm-none-eabi/9.2.1/../../../arm-none-eabi/lib/thumb/v7e-m+fp/hard/libnosys.a(fstat.o)
 .debug_info    0x0000000000035321      0x959 /usr/lib/gcc/arm-none-eabi/9.2.1/../../../arm-none-eabi/lib/thumb/v7e-m+fp/hard/libnosys.a(getpid.o)
 .debug_info    0x0000000000035c7a      0x96e /usr/lib/gcc/arm-none-eabi/9.2.1/../../../arm-none-eabi/lib/thumb/v7e-m+fp/hard/libnosys.a(isatty.o)
 .debug_info    0x00000000000365e8      0x97c /usr/lib/gcc/arm-none-eabi/9.2.1/../../../arm-none-eabi/lib/thumb/v7e-m+fp/hard/libnosys.a(kill.o)
 .debug_info    0x0000000000036f64      0x990 /usr/lib/gcc/arm-none-eabi/9.2.1/../../../arm-none-eabi/lib/thumb/v7e-m+fp/hard/libnosys.a(lseek.o)
 .debug_info    0x00000000000378f4      0x990 /usr/lib/gcc/arm-none-eabi/9.2.1/../../../arm-none-eabi/lib/thumb/v7e-m+fp/hard/libnosys.a(read.o)
 .debug_info    0x0000000000038284       0x9d /usr/lib/gcc/arm-none-eabi/9.2.1/../../../arm-none-eabi/lib/thumb/v7e-m+fp/hard/libnosys.a(sbrk.o)
 .debug_info    0x0000000000038321      0x990 /usr/lib/gcc/arm-none-eabi/9.2.1/../../../arm-none-eabi/lib/thumb/v7e-m+fp/hard/libnosys.a(write.o)
 .debug_info    0x0000000000038cb1       0xa3 /usr/lib/gcc/arm-none-eabi/9.2.1/../../../arm-none-eabi/lib/thumb/v7e-m+fp/hard/libnosys.a(_exit.o)

.debug_abbrev   0x0000000000000000     0xab87
 .debug_abbrev  0x0000000000000000      0x1a7 clock.o
 .debug_abbrev  0x00000000000001a7      0x248 console.o
 .debug_abbrev  0x00000000000003ef      0x1a7 sdram.o
 .debug_abbrev  0x0000000000000596      0x3ab lcd-spi.o
 .debug_abbrev  0x0000000000000941      0x43d gfx.o
 .debug_abbrev  0x0000000000000d7e      0x326 spi-mems.o
 .debug_abbrev  0x00000000000010a4      0x10c ../../../../../libopencm3//lib/libopencm3_stm32f4.a(fmc_common_f47.o)
 .debug_abbrev  0x00000000000011b0      0x116 ../../../../../libopencm3//lib/libopencm3_stm32f4.a(gpio_common_all.o)
 .debug_abbrev  0x00000000000012c6       0xbf ../../../../../libopencm3//lib/libopencm3_stm32f4.a(gpio_common_f0234.o)
 .debug_abbrev  0x0000000000001385      0x1da ../../../../../libopencm3//lib/libopencm3_stm32f4.a(rcc_common_all.o)
 .debug_abbrev  0x000000000000155f      0x2d1 ../../../../../libopencm3//lib/libopencm3_stm32f4.a(rcc.o)
 .debug_abbrev  0x0000000000001830      0x203 ../../../../../libopencm3//lib/libopencm3_stm32f4.a(spi_common_all.o)
 .debug_abbrev  0x0000000000001a33      0x13e ../../../../../libopencm3//lib/libopencm3_stm32f4.a(spi_common_v1.o)
 .debug_abbrev  0x0000000000001b71      0x182 ../../../../../libopencm3//lib/libopencm3_stm32f4.a(usart_common_all.o)
 .debug_abbrev  0x0000000000001cf3      0x15b ../../../../../libopencm3//lib/libopencm3_stm32f4.a(vector.o)
 .debug_abbrev  0x0000000000001e4e      0x155 ../../../../../libopencm3//lib/libopencm3_stm32f4.a(systick.o)
 .debug_abbrev  0x0000000000001fa3      0x1f2 ../../../../../libopencm3//lib/libopencm3_stm32f4.a(scb.o)
 .debug_abbrev  0x0000000000002195       0xb5 ../../../../../libopencm3//lib/libopencm3_stm32f4.a(nvic.o)
 .debug_abbrev  0x000000000000224a       0x9a ../../../../../libopencm3//lib/libopencm3_stm32f4.a(flash_common_all.o)
 .debug_abbrev  0x00000000000022e4       0x56 ../../../../../libopencm3//lib/libopencm3_stm32f4.a(flash_common_idcache.o)
 .debug_abbrev  0x000000000000233a       0x9c ../../../../../libopencm3//lib/libopencm3_stm32f4.a(pwr.o)
 .debug_abbrev  0x00000000000023d6      0x2b2 /usr/lib/gcc/arm-none-eabi/9.2.1/../../../arm-none-eabi/lib/thumb/v7e-m+fp/hard/libc.a(lib_a-sprintf.o)
 .debug_abbrev  0x0000000000002688      0x415 /usr/lib/gcc/arm-none-eabi/9.2.1/../../../arm-none-eabi/lib/thumb/v7e-m+fp/hard/libc.a(lib_a-svfprintf.o)
 .debug_abbrev  0x0000000000002a9d      0x343 /usr/lib/gcc/arm-none-eabi/9.2.1/../../../arm-none-eabi/lib/thumb/v7e-m+fp/hard/libc.a(lib_a-dtoa.o)
 .debug_abbrev  0x0000000000002de0      0x1b8 /usr/lib/gcc/arm-none-eabi/9.2.1/../../../arm-none-eabi/lib/thumb/v7e-m+fp/hard/libc.a(lib_a-impure.o)
 .debug_abbrev  0x0000000000002f98      0x27d /usr/lib/gcc/arm-none-eabi/9.2.1/../../../arm-none-eabi/lib/thumb/v7e-m+fp/hard/libc.a(lib_a-localeconv.o)
 .debug_abbrev  0x0000000000003215      0x321 /usr/lib/gcc/arm-none-eabi/9.2.1/../../../arm-none-eabi/lib/thumb/v7e-m+fp/hard/libc.a(lib_a-mallocr.o)
 .debug_abbrev  0x0000000000003536       0x14 /usr/lib/gcc/arm-none-eabi/9.2.1/../../../arm-none-eabi/lib/thumb/v7e-m+fp/hard/libc.a(lib_a-memchr.o)
 .debug_abbrev  0x000000000000354a       0x14 /usr/lib/gcc/arm-none-eabi/9.2.1/../../../arm-none-eabi/lib/thumb/v7e-m+fp/hard/libc.a(lib_a-memcpy.o)
 .debug_abbrev  0x000000000000355e      0x203 /usr/lib/gcc/arm-none-eabi/9.2.1/../../../arm-none-eabi/lib/thumb/v7e-m+fp/hard/libc.a(lib_a-mlock.o)
 .debug_abbrev  0x0000000000003761      0x4b7 /usr/lib/gcc/arm-none-eabi/9.2.1/../../../arm-none-eabi/lib/thumb/v7e-m+fp/hard/libc.a(lib_a-mprec.o)
 .debug_abbrev  0x0000000000003c18      0x250 /usr/lib/gcc/arm-none-eabi/9.2.1/../../../arm-none-eabi/lib/thumb/v7e-m+fp/hard/libc.a(lib_a-sbrkr.o)
 .debug_abbrev  0x0000000000003e68       0x14 /usr/lib/gcc/arm-none-eabi/9.2.1/../../../arm-none-eabi/lib/thumb/v7e-m+fp/hard/libc.a(lib_a-strlen.o)
 .debug_abbrev  0x0000000000003e7c      0x352 /usr/lib/gcc/arm-none-eabi/9.2.1/../../../arm-none-eabi/lib/thumb/v7e-m+fp/hard/libc.a(lib_a-svfiprintf.o)
 .debug_abbrev  0x00000000000041ce      0x23d /usr/lib/gcc/arm-none-eabi/9.2.1/../../../arm-none-eabi/lib/thumb/v7e-m+fp/hard/libc.a(lib_a-assert.o)
 .debug_abbrev  0x000000000000440b      0x275 /usr/lib/gcc/arm-none-eabi/9.2.1/../../../arm-none-eabi/lib/thumb/v7e-m+fp/hard/libc.a(lib_a-callocr.o)
 .debug_abbrev  0x0000000000004680      0x255 /usr/lib/gcc/arm-none-eabi/9.2.1/../../../arm-none-eabi/lib/thumb/v7e-m+fp/hard/libc.a(lib_a-fiprintf.o)
 .debug_abbrev  0x00000000000048d5      0x2c9 /usr/lib/gcc/arm-none-eabi/9.2.1/../../../arm-none-eabi/lib/thumb/v7e-m+fp/hard/libc.a(lib_a-freer.o)
 .debug_abbrev  0x0000000000004b9e      0x2e8 /usr/lib/gcc/arm-none-eabi/9.2.1/../../../arm-none-eabi/lib/thumb/v7e-m+fp/hard/libc.a(lib_a-locale.o)
 .debug_abbrev  0x0000000000004e86      0x25f /usr/lib/gcc/arm-none-eabi/9.2.1/../../../arm-none-eabi/lib/thumb/v7e-m+fp/hard/libc.a(lib_a-mbtowc_r.o)
 .debug_abbrev  0x00000000000050e5      0x21c /usr/lib/gcc/arm-none-eabi/9.2.1/../../../arm-none-eabi/lib/thumb/v7e-m+fp/hard/libc.a(lib_a-memmove.o)
 .debug_abbrev  0x0000000000005301      0x217 /usr/lib/gcc/arm-none-eabi/9.2.1/../../../arm-none-eabi/lib/thumb/v7e-m+fp/hard/libc.a(lib_a-memset.o)
 .debug_abbrev  0x0000000000005518      0x2a8 /usr/lib/gcc/arm-none-eabi/9.2.1/../../../arm-none-eabi/lib/thumb/v7e-m+fp/hard/libc.a(lib_a-reallocr.o)
 .debug_abbrev  0x00000000000057c0      0x2ba /usr/lib/gcc/arm-none-eabi/9.2.1/../../../arm-none-eabi/lib/thumb/v7e-m+fp/hard/libc.a(lib_a-reent.o)
 .debug_abbrev  0x0000000000005a7a       0x14 /usr/lib/gcc/arm-none-eabi/9.2.1/../../../arm-none-eabi/lib/thumb/v7e-m+fp/hard/libc.a(lib_a-strcmp.o)
 .debug_abbrev  0x0000000000005a8e      0x468 /usr/lib/gcc/arm-none-eabi/9.2.1/../../../arm-none-eabi/lib/thumb/v7e-m+fp/hard/libc.a(lib_a-vfiprintf.o)
 .debug_abbrev  0x0000000000005ef6      0x269 /usr/lib/gcc/arm-none-eabi/9.2.1/../../../arm-none-eabi/lib/thumb/v7e-m+fp/hard/libc.a(lib_a-wctomb_r.o)
 .debug_abbrev  0x000000000000615f      0x283 /usr/lib/gcc/arm-none-eabi/9.2.1/../../../arm-none-eabi/lib/thumb/v7e-m+fp/hard/libc.a(lib_a-wsetup.o)
 .debug_abbrev  0x00000000000063e2      0x20b /usr/lib/gcc/arm-none-eabi/9.2.1/../../../arm-none-eabi/lib/thumb/v7e-m+fp/hard/libc.a(lib_a-abort.o)
 .debug_abbrev  0x00000000000065ed      0x1b6 /usr/lib/gcc/arm-none-eabi/9.2.1/../../../arm-none-eabi/lib/thumb/v7e-m+fp/hard/libc.a(lib_a-ctype_.o)
 .debug_abbrev  0x00000000000067a3      0x322 /usr/lib/gcc/arm-none-eabi/9.2.1/../../../arm-none-eabi/lib/thumb/v7e-m+fp/hard/libc.a(lib_a-fflush.o)
 .debug_abbrev  0x0000000000006ac5      0x425 /usr/lib/gcc/arm-none-eabi/9.2.1/../../../arm-none-eabi/lib/thumb/v7e-m+fp/hard/libc.a(lib_a-findfp.o)
 .debug_abbrev  0x0000000000006eea      0x38c /usr/lib/gcc/arm-none-eabi/9.2.1/../../../arm-none-eabi/lib/thumb/v7e-m+fp/hard/libc.a(lib_a-fputwc.o)
 .debug_abbrev  0x0000000000007276      0x2ae /usr/lib/gcc/arm-none-eabi/9.2.1/../../../arm-none-eabi/lib/thumb/v7e-m+fp/hard/libc.a(lib_a-fvwrite.o)
 .debug_abbrev  0x0000000000007524      0x24e /usr/lib/gcc/arm-none-eabi/9.2.1/../../../arm-none-eabi/lib/thumb/v7e-m+fp/hard/libc.a(lib_a-fwalk.o)
 .debug_abbrev  0x0000000000007772      0x334 /usr/lib/gcc/arm-none-eabi/9.2.1/../../../arm-none-eabi/lib/thumb/v7e-m+fp/hard/libc.a(lib_a-makebuf.o)
 .debug_abbrev  0x0000000000007aa6      0x36b /usr/lib/gcc/arm-none-eabi/9.2.1/../../../arm-none-eabi/lib/thumb/v7e-m+fp/hard/libc.a(lib_a-signal.o)
 .debug_abbrev  0x0000000000007e11      0x255 /usr/lib/gcc/arm-none-eabi/9.2.1/../../../arm-none-eabi/lib/thumb/v7e-m+fp/hard/libc.a(lib_a-signalr.o)
 .debug_abbrev  0x0000000000008066      0x2ad /usr/lib/gcc/arm-none-eabi/9.2.1/../../../arm-none-eabi/lib/thumb/v7e-m+fp/hard/libc.a(lib_a-stdio.o)
 .debug_abbrev  0x0000000000008313      0x2c3 /usr/lib/gcc/arm-none-eabi/9.2.1/../../../arm-none-eabi/lib/thumb/v7e-m+fp/hard/libc.a(lib_a-wbuf.o)
 .debug_abbrev  0x00000000000085d6      0x256 /usr/lib/gcc/arm-none-eabi/9.2.1/../../../arm-none-eabi/lib/thumb/v7e-m+fp/hard/libc.a(lib_a-wcrtomb.o)
 .debug_abbrev  0x000000000000882c      0x22a /usr/lib/gcc/arm-none-eabi/9.2.1/../../../arm-none-eabi/lib/thumb/v7e-m+fp/hard/libc.a(lib_a-writer.o)
 .debug_abbrev  0x0000000000008a56      0x225 /usr/lib/gcc/arm-none-eabi/9.2.1/../../../arm-none-eabi/lib/thumb/v7e-m+fp/hard/libc.a(lib_a-closer.o)
 .debug_abbrev  0x0000000000008c7b      0x327 /usr/lib/gcc/arm-none-eabi/9.2.1/../../../arm-none-eabi/lib/thumb/v7e-m+fp/hard/libc.a(lib_a-fclose.o)
 .debug_abbrev  0x0000000000008fa2      0x239 /usr/lib/gcc/arm-none-eabi/9.2.1/../../../arm-none-eabi/lib/thumb/v7e-m+fp/hard/libc.a(lib_a-fstatr.o)
 .debug_abbrev  0x00000000000091db      0x225 /usr/lib/gcc/arm-none-eabi/9.2.1/../../../arm-none-eabi/lib/thumb/v7e-m+fp/hard/libc.a(lib_a-isattyr.o)
 .debug_abbrev  0x0000000000009400      0x239 /usr/lib/gcc/arm-none-eabi/9.2.1/../../../arm-none-eabi/lib/thumb/v7e-m+fp/hard/libc.a(lib_a-lseekr.o)
 .debug_abbrev  0x0000000000009639      0x225 /usr/lib/gcc/arm-none-eabi/9.2.1/../../../arm-none-eabi/lib/thumb/v7e-m+fp/hard/libc.a(lib_a-readr.o)
 .debug_abbrev  0x000000000000985e       0x14 /usr/lib/gcc/arm-none-eabi/9.2.1/thumb/v7e-m+fp/hard/libgcc.a(_arm_addsubdf3.o)
 .debug_abbrev  0x0000000000009872       0x14 /usr/lib/gcc/arm-none-eabi/9.2.1/thumb/v7e-m+fp/hard/libgcc.a(_arm_muldivdf3.o)
 .debug_abbrev  0x0000000000009886       0x14 /usr/lib/gcc/arm-none-eabi/9.2.1/thumb/v7e-m+fp/hard/libgcc.a(_arm_cmpdf2.o)
 .debug_abbrev  0x000000000000989a       0x14 /usr/lib/gcc/arm-none-eabi/9.2.1/thumb/v7e-m+fp/hard/libgcc.a(_arm_unorddf2.o)
 .debug_abbrev  0x00000000000098ae       0x14 /usr/lib/gcc/arm-none-eabi/9.2.1/thumb/v7e-m+fp/hard/libgcc.a(_arm_fixdfsi.o)
 .debug_abbrev  0x00000000000098c2       0x14 /usr/lib/gcc/arm-none-eabi/9.2.1/thumb/v7e-m+fp/hard/libgcc.a(_aeabi_uldivmod.o)
 .debug_abbrev  0x00000000000098d6      0x1c2 /usr/lib/gcc/arm-none-eabi/9.2.1/thumb/v7e-m+fp/hard/libgcc.a(_udivmoddi4.o)
 .debug_abbrev  0x0000000000009a98       0x14 /usr/lib/gcc/arm-none-eabi/9.2.1/thumb/v7e-m+fp/hard/libgcc.a(_dvmd_tls.o)
 .debug_abbrev  0x0000000000009aac      0x1ea /usr/lib/gcc/arm-none-eabi/9.2.1/../../../arm-none-eabi/lib/thumb/v7e-m+fp/hard/libnosys.a(close.o)
 .debug_abbrev  0x0000000000009c96      0x1fd /usr/lib/gcc/arm-none-eabi/9.2.1/../../../arm-none-eabi/lib/thumb/v7e-m+fp/hard/libnosys.a(fstat.o)
 .debug_abbrev  0x0000000000009e93      0x1d6 /usr/lib/gcc/arm-none-eabi/9.2.1/../../../arm-none-eabi/lib/thumb/v7e-m+fp/hard/libnosys.a(getpid.o)
 .debug_abbrev  0x000000000000a069      0x1ea /usr/lib/gcc/arm-none-eabi/9.2.1/../../../arm-none-eabi/lib/thumb/v7e-m+fp/hard/libnosys.a(isatty.o)
 .debug_abbrev  0x000000000000a253      0x1fb /usr/lib/gcc/arm-none-eabi/9.2.1/../../../arm-none-eabi/lib/thumb/v7e-m+fp/hard/libnosys.a(kill.o)
 .debug_abbrev  0x000000000000a44e      0x20f /usr/lib/gcc/arm-none-eabi/9.2.1/../../../arm-none-eabi/lib/thumb/v7e-m+fp/hard/libnosys.a(lseek.o)
 .debug_abbrev  0x000000000000a65d      0x20f /usr/lib/gcc/arm-none-eabi/9.2.1/../../../arm-none-eabi/lib/thumb/v7e-m+fp/hard/libnosys.a(read.o)
 .debug_abbrev  0x000000000000a86c       0xa2 /usr/lib/gcc/arm-none-eabi/9.2.1/../../../arm-none-eabi/lib/thumb/v7e-m+fp/hard/libnosys.a(sbrk.o)
 .debug_abbrev  0x000000000000a90e      0x20f /usr/lib/gcc/arm-none-eabi/9.2.1/../../../arm-none-eabi/lib/thumb/v7e-m+fp/hard/libnosys.a(write.o)
 .debug_abbrev  0x000000000000ab1d       0x6a /usr/lib/gcc/arm-none-eabi/9.2.1/../../../arm-none-eabi/lib/thumb/v7e-m+fp/hard/libnosys.a(_exit.o)

.debug_loc      0x0000000000000000    0x175eb
 .debug_loc     0x0000000000000000       0x3a clock.o
 .debug_loc     0x000000000000003a      0x1e6 console.o
 .debug_loc     0x0000000000000220       0xde sdram.o
 .debug_loc     0x00000000000002fe      0x43f lcd-spi.o
 .debug_loc     0x000000000000073d     0x16d2 gfx.o
 .debug_loc     0x0000000000001e0f      0x143 spi-mems.o
 .debug_loc     0x0000000000001f52      0x590 ../../../../../libopencm3//lib/libopencm3_stm32f4.a(fmc_common_f47.o)
 .debug_loc     0x00000000000024e2       0xbe ../../../../../libopencm3//lib/libopencm3_stm32f4.a(gpio_common_all.o)
 .debug_loc     0x00000000000025a0      0x14d ../../../../../libopencm3//lib/libopencm3_stm32f4.a(gpio_common_f0234.o)
 .debug_loc     0x00000000000026ed      0x120 ../../../../../libopencm3//lib/libopencm3_stm32f4.a(rcc_common_all.o)
 .debug_loc     0x000000000000280d      0x8c7 ../../../../../libopencm3//lib/libopencm3_stm32f4.a(rcc.o)
 .debug_loc     0x00000000000030d4      0x170 ../../../../../libopencm3//lib/libopencm3_stm32f4.a(spi_common_all.o)
 .debug_loc     0x0000000000003244      0x149 ../../../../../libopencm3//lib/libopencm3_stm32f4.a(spi_common_v1.o)
 .debug_loc     0x000000000000338d      0x206 ../../../../../libopencm3//lib/libopencm3_stm32f4.a(usart_common_all.o)
 .debug_loc     0x0000000000003593      0x128 ../../../../../libopencm3//lib/libopencm3_stm32f4.a(vector.o)
 .debug_loc     0x00000000000036bb      0x192 ../../../../../libopencm3//lib/libopencm3_stm32f4.a(systick.o)
 .debug_loc     0x000000000000384d       0x25 ../../../../../libopencm3//lib/libopencm3_stm32f4.a(scb.o)
 .debug_loc     0x0000000000003872      0x14d ../../../../../libopencm3//lib/libopencm3_stm32f4.a(nvic.o)
 .debug_loc     0x00000000000039bf       0x47 ../../../../../libopencm3//lib/libopencm3_stm32f4.a(flash_common_all.o)
 .debug_loc     0x0000000000003a06       0x47 ../../../../../libopencm3//lib/libopencm3_stm32f4.a(pwr.o)
 .debug_loc     0x0000000000003a4d       0xc2 /usr/lib/gcc/arm-none-eabi/9.2.1/../../../arm-none-eabi/lib/thumb/v7e-m+fp/hard/libc.a(lib_a-sprintf.o)
 .debug_loc     0x0000000000003b0f     0x33c5 /usr/lib/gcc/arm-none-eabi/9.2.1/../../../arm-none-eabi/lib/thumb/v7e-m+fp/hard/libc.a(lib_a-svfprintf.o)
 .debug_loc     0x0000000000006ed4     0x305a /usr/lib/gcc/arm-none-eabi/9.2.1/../../../arm-none-eabi/lib/thumb/v7e-m+fp/hard/libc.a(lib_a-dtoa.o)
 .debug_loc     0x0000000000009f2e       0x6f /usr/lib/gcc/arm-none-eabi/9.2.1/../../../arm-none-eabi/lib/thumb/v7e-m+fp/hard/libc.a(lib_a-localeconv.o)
 .debug_loc     0x0000000000009f9d      0xf44 /usr/lib/gcc/arm-none-eabi/9.2.1/../../../arm-none-eabi/lib/thumb/v7e-m+fp/hard/libc.a(lib_a-mallocr.o)
 .debug_loc     0x000000000000aee1     0x234e /usr/lib/gcc/arm-none-eabi/9.2.1/../../../arm-none-eabi/lib/thumb/v7e-m+fp/hard/libc.a(lib_a-mprec.o)
 .debug_loc     0x000000000000d22f       0x6c /usr/lib/gcc/arm-none-eabi/9.2.1/../../../arm-none-eabi/lib/thumb/v7e-m+fp/hard/libc.a(lib_a-sbrkr.o)
 .debug_loc     0x000000000000d29b     0x1923 /usr/lib/gcc/arm-none-eabi/9.2.1/../../../arm-none-eabi/lib/thumb/v7e-m+fp/hard/libc.a(lib_a-svfiprintf.o)
 .debug_loc     0x000000000000ebbe      0x15c /usr/lib/gcc/arm-none-eabi/9.2.1/../../../arm-none-eabi/lib/thumb/v7e-m+fp/hard/libc.a(lib_a-assert.o)
 .debug_loc     0x000000000000ed1a      0x2d6 /usr/lib/gcc/arm-none-eabi/9.2.1/../../../arm-none-eabi/lib/thumb/v7e-m+fp/hard/libc.a(lib_a-callocr.o)
 .debug_loc     0x000000000000eff0       0xa6 /usr/lib/gcc/arm-none-eabi/9.2.1/../../../arm-none-eabi/lib/thumb/v7e-m+fp/hard/libc.a(lib_a-fiprintf.o)
 .debug_loc     0x000000000000f096      0x6f8 /usr/lib/gcc/arm-none-eabi/9.2.1/../../../arm-none-eabi/lib/thumb/v7e-m+fp/hard/libc.a(lib_a-freer.o)
 .debug_loc     0x000000000000f78e      0x189 /usr/lib/gcc/arm-none-eabi/9.2.1/../../../arm-none-eabi/lib/thumb/v7e-m+fp/hard/libc.a(lib_a-locale.o)
 .debug_loc     0x000000000000f917      0x21d /usr/lib/gcc/arm-none-eabi/9.2.1/../../../arm-none-eabi/lib/thumb/v7e-m+fp/hard/libc.a(lib_a-mbtowc_r.o)
 .debug_loc     0x000000000000fb34      0x2f1 /usr/lib/gcc/arm-none-eabi/9.2.1/../../../arm-none-eabi/lib/thumb/v7e-m+fp/hard/libc.a(lib_a-memmove.o)
 .debug_loc     0x000000000000fe25      0x231 /usr/lib/gcc/arm-none-eabi/9.2.1/../../../arm-none-eabi/lib/thumb/v7e-m+fp/hard/libc.a(lib_a-memset.o)
 .debug_loc     0x0000000000010056     0x12c8 /usr/lib/gcc/arm-none-eabi/9.2.1/../../../arm-none-eabi/lib/thumb/v7e-m+fp/hard/libc.a(lib_a-reallocr.o)
 .debug_loc     0x000000000001131e      0x152 /usr/lib/gcc/arm-none-eabi/9.2.1/../../../arm-none-eabi/lib/thumb/v7e-m+fp/hard/libc.a(lib_a-reent.o)
 .debug_loc     0x0000000000011470     0x25f3 /usr/lib/gcc/arm-none-eabi/9.2.1/../../../arm-none-eabi/lib/thumb/v7e-m+fp/hard/libc.a(lib_a-vfiprintf.o)
 .debug_loc     0x0000000000013a63      0x13a /usr/lib/gcc/arm-none-eabi/9.2.1/../../../arm-none-eabi/lib/thumb/v7e-m+fp/hard/libc.a(lib_a-wctomb_r.o)
 .debug_loc     0x0000000000013b9d       0xba /usr/lib/gcc/arm-none-eabi/9.2.1/../../../arm-none-eabi/lib/thumb/v7e-m+fp/hard/libc.a(lib_a-wsetup.o)
 .debug_loc     0x0000000000013c57      0x334 /usr/lib/gcc/arm-none-eabi/9.2.1/../../../arm-none-eabi/lib/thumb/v7e-m+fp/hard/libc.a(lib_a-fflush.o)
 .debug_loc     0x0000000000013f8b      0x32c /usr/lib/gcc/arm-none-eabi/9.2.1/../../../arm-none-eabi/lib/thumb/v7e-m+fp/hard/libc.a(lib_a-findfp.o)
 .debug_loc     0x00000000000142b7      0x3cc /usr/lib/gcc/arm-none-eabi/9.2.1/../../../arm-none-eabi/lib/thumb/v7e-m+fp/hard/libc.a(lib_a-fputwc.o)
 .debug_loc     0x0000000000014683      0x669 /usr/lib/gcc/arm-none-eabi/9.2.1/../../../arm-none-eabi/lib/thumb/v7e-m+fp/hard/libc.a(lib_a-fvwrite.o)
 .debug_loc     0x0000000000014cec      0x24f /usr/lib/gcc/arm-none-eabi/9.2.1/../../../arm-none-eabi/lib/thumb/v7e-m+fp/hard/libc.a(lib_a-fwalk.o)
 .debug_loc     0x0000000000014f3b      0x192 /usr/lib/gcc/arm-none-eabi/9.2.1/../../../arm-none-eabi/lib/thumb/v7e-m+fp/hard/libc.a(lib_a-makebuf.o)
 .debug_loc     0x00000000000150cd      0x560 /usr/lib/gcc/arm-none-eabi/9.2.1/../../../arm-none-eabi/lib/thumb/v7e-m+fp/hard/libc.a(lib_a-signal.o)
 .debug_loc     0x000000000001562d       0xd0 /usr/lib/gcc/arm-none-eabi/9.2.1/../../../arm-none-eabi/lib/thumb/v7e-m+fp/hard/libc.a(lib_a-signalr.o)
 .debug_loc     0x00000000000156fd      0x393 /usr/lib/gcc/arm-none-eabi/9.2.1/../../../arm-none-eabi/lib/thumb/v7e-m+fp/hard/libc.a(lib_a-stdio.o)
 .debug_loc     0x0000000000015a90      0x1b0 /usr/lib/gcc/arm-none-eabi/9.2.1/../../../arm-none-eabi/lib/thumb/v7e-m+fp/hard/libc.a(lib_a-wbuf.o)
 .debug_loc     0x0000000000015c40      0x2b1 /usr/lib/gcc/arm-none-eabi/9.2.1/../../../arm-none-eabi/lib/thumb/v7e-m+fp/hard/libc.a(lib_a-wcrtomb.o)
 .debug_loc     0x0000000000015ef1       0xdd /usr/lib/gcc/arm-none-eabi/9.2.1/../../../arm-none-eabi/lib/thumb/v7e-m+fp/hard/libc.a(lib_a-writer.o)
 .debug_loc     0x0000000000015fce       0x6c /usr/lib/gcc/arm-none-eabi/9.2.1/../../../arm-none-eabi/lib/thumb/v7e-m+fp/hard/libc.a(lib_a-closer.o)
 .debug_loc     0x000000000001603a      0x179 /usr/lib/gcc/arm-none-eabi/9.2.1/../../../arm-none-eabi/lib/thumb/v7e-m+fp/hard/libc.a(lib_a-fclose.o)
 .debug_loc     0x00000000000161b3       0xab /usr/lib/gcc/arm-none-eabi/9.2.1/../../../arm-none-eabi/lib/thumb/v7e-m+fp/hard/libc.a(lib_a-fstatr.o)
 .debug_loc     0x000000000001625e       0x6c /usr/lib/gcc/arm-none-eabi/9.2.1/../../../arm-none-eabi/lib/thumb/v7e-m+fp/hard/libc.a(lib_a-isattyr.o)
 .debug_loc     0x00000000000162ca       0xdd /usr/lib/gcc/arm-none-eabi/9.2.1/../../../arm-none-eabi/lib/thumb/v7e-m+fp/hard/libc.a(lib_a-lseekr.o)
 .debug_loc     0x00000000000163a7       0xdd /usr/lib/gcc/arm-none-eabi/9.2.1/../../../arm-none-eabi/lib/thumb/v7e-m+fp/hard/libc.a(lib_a-readr.o)
 .debug_loc     0x0000000000016484      0xfa2 /usr/lib/gcc/arm-none-eabi/9.2.1/thumb/v7e-m+fp/hard/libgcc.a(_udivmoddi4.o)
 .debug_loc     0x0000000000017426       0x25 /usr/lib/gcc/arm-none-eabi/9.2.1/../../../arm-none-eabi/lib/thumb/v7e-m+fp/hard/libnosys.a(close.o)
 .debug_loc     0x000000000001744b       0x25 /usr/lib/gcc/arm-none-eabi/9.2.1/../../../arm-none-eabi/lib/thumb/v7e-m+fp/hard/libnosys.a(fstat.o)
 .debug_loc     0x0000000000017470       0x25 /usr/lib/gcc/arm-none-eabi/9.2.1/../../../arm-none-eabi/lib/thumb/v7e-m+fp/hard/libnosys.a(isatty.o)
 .debug_loc     0x0000000000017495       0x25 /usr/lib/gcc/arm-none-eabi/9.2.1/../../../arm-none-eabi/lib/thumb/v7e-m+fp/hard/libnosys.a(kill.o)
 .debug_loc     0x00000000000174ba       0x4a /usr/lib/gcc/arm-none-eabi/9.2.1/../../../arm-none-eabi/lib/thumb/v7e-m+fp/hard/libnosys.a(lseek.o)
 .debug_loc     0x0000000000017504       0x4a /usr/lib/gcc/arm-none-eabi/9.2.1/../../../arm-none-eabi/lib/thumb/v7e-m+fp/hard/libnosys.a(read.o)
 .debug_loc     0x000000000001754e       0x3e /usr/lib/gcc/arm-none-eabi/9.2.1/../../../arm-none-eabi/lib/thumb/v7e-m+fp/hard/libnosys.a(sbrk.o)
 .debug_loc     0x000000000001758c       0x4a /usr/lib/gcc/arm-none-eabi/9.2.1/../../../arm-none-eabi/lib/thumb/v7e-m+fp/hard/libnosys.a(write.o)
 .debug_loc     0x00000000000175d6       0x15 /usr/lib/gcc/arm-none-eabi/9.2.1/../../../arm-none-eabi/lib/thumb/v7e-m+fp/hard/libnosys.a(_exit.o)

.debug_aranges  0x0000000000000000     0x1098
 .debug_aranges
                0x0000000000000000       0x38 clock.o
 .debug_aranges
                0x0000000000000038       0x48 console.o
 .debug_aranges
                0x0000000000000080       0x20 sdram.o
 .debug_aranges
                0x00000000000000a0       0x40 lcd-spi.o
 .debug_aranges
                0x00000000000000e0      0x100 gfx.o
 .debug_aranges
                0x00000000000001e0       0x40 spi-mems.o
 .debug_aranges
                0x0000000000000220       0x28 ../../../../../libopencm3//lib/libopencm3_stm32f4.a(fmc_common_f47.o)
 .debug_aranges
                0x0000000000000248       0x50 ../../../../../libopencm3//lib/libopencm3_stm32f4.a(gpio_common_all.o)
 .debug_aranges
                0x0000000000000298       0x30 ../../../../../libopencm3//lib/libopencm3_stm32f4.a(gpio_common_f0234.o)
 .debug_aranges
                0x00000000000002c8       0x60 ../../../../../libopencm3//lib/libopencm3_stm32f4.a(rcc_common_all.o)
 .debug_aranges
                0x0000000000000328      0x110 ../../../../../libopencm3//lib/libopencm3_stm32f4.a(rcc.o)
 .debug_aranges
                0x0000000000000438      0x170 ../../../../../libopencm3//lib/libopencm3_stm32f4.a(spi_common_all.o)
 .debug_aranges
                0x00000000000005a8       0x30 ../../../../../libopencm3//lib/libopencm3_stm32f4.a(spi_common_v1.o)
 .debug_aranges
                0x00000000000005d8       0xd8 ../../../../../libopencm3//lib/libopencm3_stm32f4.a(usart_common_all.o)
 .debug_aranges
                0x00000000000006b0       0x30 ../../../../../libopencm3//lib/libopencm3_stm32f4.a(vector.o)
 .debug_aranges
                0x00000000000006e0       0x78 ../../../../../libopencm3//lib/libopencm3_stm32f4.a(systick.o)
 .debug_aranges
                0x0000000000000758       0x30 ../../../../../libopencm3//lib/libopencm3_stm32f4.a(scb.o)
 .debug_aranges
                0x0000000000000788       0x60 ../../../../../libopencm3//lib/libopencm3_stm32f4.a(nvic.o)
 .debug_aranges
                0x00000000000007e8       0x38 ../../../../../libopencm3//lib/libopencm3_stm32f4.a(flash_common_all.o)
 .debug_aranges
                0x0000000000000820       0x48 ../../../../../libopencm3//lib/libopencm3_stm32f4.a(flash_common_idcache.o)
 .debug_aranges
                0x0000000000000868       0x20 ../../../../../libopencm3//lib/libopencm3_stm32f4.a(pwr.o)
 .debug_aranges
                0x0000000000000888       0x20 /usr/lib/gcc/arm-none-eabi/9.2.1/../../../arm-none-eabi/lib/thumb/v7e-m+fp/hard/libc.a(lib_a-sprintf.o)
 .debug_aranges
                0x00000000000008a8       0x20 /usr/lib/gcc/arm-none-eabi/9.2.1/../../../arm-none-eabi/lib/thumb/v7e-m+fp/hard/libc.a(lib_a-svfprintf.o)
 .debug_aranges
                0x00000000000008c8       0x20 /usr/lib/gcc/arm-none-eabi/9.2.1/../../../arm-none-eabi/lib/thumb/v7e-m+fp/hard/libc.a(lib_a-dtoa.o)
 .debug_aranges
                0x00000000000008e8       0x18 /usr/lib/gcc/arm-none-eabi/9.2.1/../../../arm-none-eabi/lib/thumb/v7e-m+fp/hard/libc.a(lib_a-impure.o)
 .debug_aranges
                0x0000000000000900       0x20 /usr/lib/gcc/arm-none-eabi/9.2.1/../../../arm-none-eabi/lib/thumb/v7e-m+fp/hard/libc.a(lib_a-localeconv.o)
 .debug_aranges
                0x0000000000000920       0x20 /usr/lib/gcc/arm-none-eabi/9.2.1/../../../arm-none-eabi/lib/thumb/v7e-m+fp/hard/libc.a(lib_a-mallocr.o)
 .debug_aranges
                0x0000000000000940       0x20 /usr/lib/gcc/arm-none-eabi/9.2.1/../../../arm-none-eabi/lib/thumb/v7e-m+fp/hard/libc.a(lib_a-memchr.o)
 .debug_aranges
                0x0000000000000960       0x20 /usr/lib/gcc/arm-none-eabi/9.2.1/../../../arm-none-eabi/lib/thumb/v7e-m+fp/hard/libc.a(lib_a-memcpy.o)
 .debug_aranges
                0x0000000000000980       0x20 /usr/lib/gcc/arm-none-eabi/9.2.1/../../../arm-none-eabi/lib/thumb/v7e-m+fp/hard/libc.a(lib_a-mlock.o)
 .debug_aranges
                0x00000000000009a0       0x20 /usr/lib/gcc/arm-none-eabi/9.2.1/../../../arm-none-eabi/lib/thumb/v7e-m+fp/hard/libc.a(lib_a-mprec.o)
 .debug_aranges
                0x00000000000009c0       0x20 /usr/lib/gcc/arm-none-eabi/9.2.1/../../../arm-none-eabi/lib/thumb/v7e-m+fp/hard/libc.a(lib_a-sbrkr.o)
 .debug_aranges
                0x00000000000009e0       0x20 /usr/lib/gcc/arm-none-eabi/9.2.1/../../../arm-none-eabi/lib/thumb/v7e-m+fp/hard/libc.a(lib_a-strlen.o)
 .debug_aranges
                0x0000000000000a00       0x20 /usr/lib/gcc/arm-none-eabi/9.2.1/../../../arm-none-eabi/lib/thumb/v7e-m+fp/hard/libc.a(lib_a-svfiprintf.o)
 .debug_aranges
                0x0000000000000a20       0x20 /usr/lib/gcc/arm-none-eabi/9.2.1/../../../arm-none-eabi/lib/thumb/v7e-m+fp/hard/libc.a(lib_a-assert.o)
 .debug_aranges
                0x0000000000000a40       0x20 /usr/lib/gcc/arm-none-eabi/9.2.1/../../../arm-none-eabi/lib/thumb/v7e-m+fp/hard/libc.a(lib_a-callocr.o)
 .debug_aranges
                0x0000000000000a60       0x20 /usr/lib/gcc/arm-none-eabi/9.2.1/../../../arm-none-eabi/lib/thumb/v7e-m+fp/hard/libc.a(lib_a-fiprintf.o)
 .debug_aranges
                0x0000000000000a80       0x20 /usr/lib/gcc/arm-none-eabi/9.2.1/../../../arm-none-eabi/lib/thumb/v7e-m+fp/hard/libc.a(lib_a-freer.o)
 .debug_aranges
                0x0000000000000aa0       0x20 /usr/lib/gcc/arm-none-eabi/9.2.1/../../../arm-none-eabi/lib/thumb/v7e-m+fp/hard/libc.a(lib_a-locale.o)
 .debug_aranges
                0x0000000000000ac0       0x20 /usr/lib/gcc/arm-none-eabi/9.2.1/../../../arm-none-eabi/lib/thumb/v7e-m+fp/hard/libc.a(lib_a-mbtowc_r.o)
 .debug_aranges
                0x0000000000000ae0       0x20 /usr/lib/gcc/arm-none-eabi/9.2.1/../../../arm-none-eabi/lib/thumb/v7e-m+fp/hard/libc.a(lib_a-memmove.o)
 .debug_aranges
                0x0000000000000b00       0x20 /usr/lib/gcc/arm-none-eabi/9.2.1/../../../arm-none-eabi/lib/thumb/v7e-m+fp/hard/libc.a(lib_a-memset.o)
 .debug_aranges
                0x0000000000000b20       0x20 /usr/lib/gcc/arm-none-eabi/9.2.1/../../../arm-none-eabi/lib/thumb/v7e-m+fp/hard/libc.a(lib_a-reallocr.o)
 .debug_aranges
                0x0000000000000b40       0x20 /usr/lib/gcc/arm-none-eabi/9.2.1/../../../arm-none-eabi/lib/thumb/v7e-m+fp/hard/libc.a(lib_a-reent.o)
 .debug_aranges
                0x0000000000000b60       0x20 /usr/lib/gcc/arm-none-eabi/9.2.1/../../../arm-none-eabi/lib/thumb/v7e-m+fp/hard/libc.a(lib_a-strcmp.o)
 .debug_aranges
                0x0000000000000b80       0x20 /usr/lib/gcc/arm-none-eabi/9.2.1/../../../arm-none-eabi/lib/thumb/v7e-m+fp/hard/libc.a(lib_a-vfiprintf.o)
 .debug_aranges
                0x0000000000000ba0       0x20 /usr/lib/gcc/arm-none-eabi/9.2.1/../../../arm-none-eabi/lib/thumb/v7e-m+fp/hard/libc.a(lib_a-wctomb_r.o)
 .debug_aranges
                0x0000000000000bc0       0x20 /usr/lib/gcc/arm-none-eabi/9.2.1/../../../arm-none-eabi/lib/thumb/v7e-m+fp/hard/libc.a(lib_a-wsetup.o)
 .debug_aranges
                0x0000000000000be0       0x20 /usr/lib/gcc/arm-none-eabi/9.2.1/../../../arm-none-eabi/lib/thumb/v7e-m+fp/hard/libc.a(lib_a-abort.o)
 .debug_aranges
                0x0000000000000c00       0x18 /usr/lib/gcc/arm-none-eabi/9.2.1/../../../arm-none-eabi/lib/thumb/v7e-m+fp/hard/libc.a(lib_a-ctype_.o)
 .debug_aranges
                0x0000000000000c18       0x20 /usr/lib/gcc/arm-none-eabi/9.2.1/../../../arm-none-eabi/lib/thumb/v7e-m+fp/hard/libc.a(lib_a-fflush.o)
 .debug_aranges
                0x0000000000000c38       0x20 /usr/lib/gcc/arm-none-eabi/9.2.1/../../../arm-none-eabi/lib/thumb/v7e-m+fp/hard/libc.a(lib_a-findfp.o)
 .debug_aranges
                0x0000000000000c58       0x20 /usr/lib/gcc/arm-none-eabi/9.2.1/../../../arm-none-eabi/lib/thumb/v7e-m+fp/hard/libc.a(lib_a-fputwc.o)
 .debug_aranges
                0x0000000000000c78       0x20 /usr/lib/gcc/arm-none-eabi/9.2.1/../../../arm-none-eabi/lib/thumb/v7e-m+fp/hard/libc.a(lib_a-fvwrite.o)
 .debug_aranges
                0x0000000000000c98       0x20 /usr/lib/gcc/arm-none-eabi/9.2.1/../../../arm-none-eabi/lib/thumb/v7e-m+fp/hard/libc.a(lib_a-fwalk.o)
 .debug_aranges
                0x0000000000000cb8       0x20 /usr/lib/gcc/arm-none-eabi/9.2.1/../../../arm-none-eabi/lib/thumb/v7e-m+fp/hard/libc.a(lib_a-makebuf.o)
 .debug_aranges
                0x0000000000000cd8       0x20 /usr/lib/gcc/arm-none-eabi/9.2.1/../../../arm-none-eabi/lib/thumb/v7e-m+fp/hard/libc.a(lib_a-signal.o)
 .debug_aranges
                0x0000000000000cf8       0x20 /usr/lib/gcc/arm-none-eabi/9.2.1/../../../arm-none-eabi/lib/thumb/v7e-m+fp/hard/libc.a(lib_a-signalr.o)
 .debug_aranges
                0x0000000000000d18       0x20 /usr/lib/gcc/arm-none-eabi/9.2.1/../../../arm-none-eabi/lib/thumb/v7e-m+fp/hard/libc.a(lib_a-stdio.o)
 .debug_aranges
                0x0000000000000d38       0x20 /usr/lib/gcc/arm-none-eabi/9.2.1/../../../arm-none-eabi/lib/thumb/v7e-m+fp/hard/libc.a(lib_a-wbuf.o)
 .debug_aranges
                0x0000000000000d58       0x20 /usr/lib/gcc/arm-none-eabi/9.2.1/../../../arm-none-eabi/lib/thumb/v7e-m+fp/hard/libc.a(lib_a-wcrtomb.o)
 .debug_aranges
                0x0000000000000d78       0x20 /usr/lib/gcc/arm-none-eabi/9.2.1/../../../arm-none-eabi/lib/thumb/v7e-m+fp/hard/libc.a(lib_a-writer.o)
 .debug_aranges