Archive member included to satisfy reference by file (symbol)

/home/adrian/Documents/libopencm3-examples/libopencm3/lib/libopencm3_stm32f4.a(gpio_common_all.o)
                              spi-mems.o (gpio_set)
/home/adrian/Documents/libopencm3-examples/libopencm3/lib/libopencm3_stm32f4.a(gpio_common_f0234.o)
                              console.o (gpio_mode_setup)
/home/adrian/Documents/libopencm3-examples/libopencm3/lib/libopencm3_stm32f4.a(rcc_common_all.o)
                              console.o (rcc_periph_clock_enable)
/home/adrian/Documents/libopencm3-examples/libopencm3/lib/libopencm3_stm32f4.a(rcc.o)
                              clock.o (rcc_clock_setup_pll)
/home/adrian/Documents/libopencm3-examples/libopencm3/lib/libopencm3_stm32f4.a(spi_common_all.o)
                              spi-mems.o (spi_enable)
/home/adrian/Documents/libopencm3-examples/libopencm3/lib/libopencm3_stm32f4.a(usart_common_all.o)
                              console.o (usart_set_baudrate)
/home/adrian/Documents/libopencm3-examples/libopencm3/lib/libopencm3_stm32f4.a(usart_common_f124.o)
                              /home/adrian/Documents/libopencm3-examples/libopencm3/lib/libopencm3_stm32f4.a(usart_common_all.o) (usart_send)
/home/adrian/Documents/libopencm3-examples/libopencm3/lib/libopencm3_stm32f4.a(vector.o)
                              (reset_handler)
/home/adrian/Documents/libopencm3-examples/libopencm3/lib/libopencm3_stm32f4.a(systick.o)
                              clock.o (systick_set_reload)
/home/adrian/Documents/libopencm3-examples/libopencm3/lib/libopencm3_stm32f4.a(scb.o)
                              console.o (scb_reset_system)
/home/adrian/Documents/libopencm3-examples/libopencm3/lib/libopencm3_stm32f4.a(nvic.o)
                              console.o (nvic_enable_irq)
/home/adrian/Documents/libopencm3-examples/libopencm3/lib/libopencm3_stm32f4.a(flash_common_all.o)
                              /home/adrian/Documents/libopencm3-examples/libopencm3/lib/libopencm3_stm32f4.a(rcc.o) (flash_set_ws)
/home/adrian/Documents/libopencm3-examples/libopencm3/lib/libopencm3_stm32f4.a(flash_common_idcache.o)
                              /home/adrian/Documents/libopencm3-examples/libopencm3/lib/libopencm3_stm32f4.a(rcc.o) (flash_dcache_enable)
/home/adrian/Documents/libopencm3-examples/libopencm3/lib/libopencm3_stm32f4.a(pwr.o)
                              /home/adrian/Documents/libopencm3-examples/libopencm3/lib/libopencm3_stm32f4.a(rcc.o) (pwr_set_vos_scale)

Discarded input sections

 .group         0x0000000000000000        0xc clock.o
 .group         0x0000000000000000        0xc clock.o
 .group         0x0000000000000000        0xc clock.o
 .group         0x0000000000000000        0xc clock.o
 .group         0x0000000000000000        0xc clock.o
 .group         0x0000000000000000        0xc clock.o
 .group         0x0000000000000000        0xc clock.o
 .group         0x0000000000000000        0xc clock.o
 .group         0x0000000000000000        0xc clock.o
 .group         0x0000000000000000        0xc clock.o
 .group         0x0000000000000000        0xc clock.o
 .group         0x0000000000000000        0xc clock.o
 .group         0x0000000000000000        0xc clock.o
 .text          0x0000000000000000        0x0 clock.o
 .data          0x0000000000000000        0x0 clock.o
 .bss           0x0000000000000000        0x0 clock.o
 .text.msleep   0x0000000000000000       0x14 clock.o
 .text.mtime    0x0000000000000000        0xc clock.o
 .group         0x0000000000000000        0xc console.o
 .group         0x0000000000000000        0xc console.o
 .group         0x0000000000000000        0xc console.o
 .group         0x0000000000000000        0xc console.o
 .group         0x0000000000000000        0xc console.o
 .group         0x0000000000000000        0xc console.o
 .group         0x0000000000000000        0xc console.o
 .group         0x0000000000000000        0xc console.o
 .group         0x0000000000000000        0xc console.o
 .group         0x0000000000000000        0xc console.o
 .group         0x0000000000000000        0xc console.o
 .group         0x0000000000000000        0xc console.o
 .group         0x0000000000000000        0xc console.o
 .group         0x0000000000000000        0xc console.o
 .group         0x0000000000000000        0xc console.o
 .group         0x0000000000000000        0xc console.o
 .group         0x0000000000000000        0xc console.o
 .group         0x0000000000000000        0xc console.o
 .group         0x0000000000000000        0xc console.o
 .group         0x0000000000000000        0xc console.o
 .group         0x0000000000000000        0xc console.o
 .group         0x0000000000000000        0xc console.o
 .group         0x0000000000000000        0xc console.o
 .group         0x0000000000000000        0xc console.o
 .group         0x0000000000000000        0xc console.o
 .group         0x0000000000000000        0xc console.o
[...]
Memory Configuration

Name             Origin             Length             Attributes
rom              0x0000000008000000 0x0000000000200000 xr
ccm              0x0000000010000000 0x0000000000010000 xrw
ram              0x0000000020000000 0x0000000000030000 xrw
*default*        0x0000000000000000 0xffffffffffffffff

Linker script and memory map

LOAD clock.o
LOAD console.o
LOAD spi-mems.o
LOAD /home/adrian/Documents/libopencm3-examples/libopencm3/lib/libopencm3_stm32f4.a
START GROUP
LOAD /usr/lib/gcc/arm-none-eabi/9.2.1/../../../arm-none-eabi/lib/thumb/v7e-m+fp/hard/libc.a
LOAD /usr/lib/gcc/arm-none-eabi/9.2.1/thumb/v7e-m+fp/hard/libgcc.a
LOAD /usr/lib/gcc/arm-none-eabi/9.2.1/../../../arm-none-eabi/lib/thumb/v7e-m+fp/hard/libnosys.a
END GROUP
START GROUP
LOAD /usr/lib/gcc/arm-none-eabi/9.2.1/thumb/v7e-m+fp/hard/libgcc.a
LOAD /usr/lib/gcc/arm-none-eabi/9.2.1/../../../arm-none-eabi/lib/thumb/v7e-m+fp/hard/libg.a
LOAD /usr/lib/gcc/arm-none-eabi/9.2.1/../../../arm-none-eabi/lib/thumb/v7e-m+fp/hard/libc.a
END GROUP

.text           0x0000000008000000      0xd3c
 *(.vectors)
 .vectors       0x0000000008000000      0x1ac /home/adrian/Documents/libopencm3-examples/libopencm3/lib/libopencm3_stm32f4.a(vector.o)
                0x0000000008000000                vector_table
 *(.text*)
 .text.sys_tick_handler
                0x00000000080001ac       0x10 clock.o
                0x00000000080001ac                sys_tick_handler
 .text.clock_setup
                0x00000000080001bc       0x28 clock.o
                0x00000000080001bc                clock_setup
 .text.usart1_isr
                0x00000000080001e4       0x58 console.o
                0x00000000080001e4                usart1_isr
 .text.console_putc
                0x000000000800023c       0x18 console.o
                0x000000000800023c                console_putc
 .text.console_puts
                0x0000000008000254       0x1e console.o
                0x0000000008000254                console_puts
 *fill*         0x0000000008000272        0x2 
 .text.console_setup
                0x0000000008000274       0x80 console.o
                0x0000000008000274                console_setup
 .text.spi_setup
                0x00000000080002f4       0xa8 spi-mems.o
                0x00000000080002f4                spi_setup
 .text.format_acceleration
                0x000000000800039c       0x48 spi-mems.o
                0x000000000800039c                format_acceleration
 .text.global_setup
                0x00000000080003e4       0x7c spi-mems.o
                0x00000000080003e4                global_setup
 .text.startup.main
                0x0000000008000460      0x234 spi-mems.o
                0x0000000008000460                main
 .text.gpio_set
                0x0000000008000694        0x4 /home/adrian/Documents/libopencm3-examples/libopencm3/lib/libopencm3_stm32f4.a(gpio_common_all.o)
                0x0000000008000694                gpio_set
 .text.gpio_clear
                0x0000000008000698        0x6 /home/adrian/Documents/libopencm3-examples/libopencm3/lib/libopencm3_stm32f4.a(gpio_common_all.o)
                0x0000000008000698                gpio_clear
 .text.gpio_mode_setup
                0x000000000800069e       0x40 /home/adrian/Documents/libopencm3-examples/libopencm3/lib/libopencm3_stm32f4.a(gpio_common_f0234.o)
                0x000000000800069e                gpio_mode_setup
 .text.gpio_set_af
                0x00000000080006de       0x54 /home/adrian/Documents/libopencm3-examples/libopencm3/lib/libopencm3_stm32f4.a(gpio_common_f0234.o)
                0x00000000080006de                gpio_set_af
 .text.rcc_periph_clock_enable
                0x0000000008000732       0x1c /home/adrian/Documents/libopencm3-examples/libopencm3/lib/libopencm3_stm32f4.a(rcc_common_all.o)
                0x0000000008000732                rcc_periph_clock_enable
 *fill*         0x000000000800074e        0x2 
 .text.rcc_is_osc_ready
                0x0000000008000750       0x5c /home/adrian/Documents/libopencm3-examples/libopencm3/lib/libopencm3_stm32f4.a(rcc.o)
                0x0000000008000750                rcc_is_osc_ready
 .text.rcc_wait_for_osc_ready
                0x00000000080007ac       0x10 /home/adrian/Documents/libopencm3-examples/libopencm3/lib/libopencm3_stm32f4.a(rcc.o)
                0x00000000080007ac                rcc_wait_for_osc_ready
 .text.rcc_osc_on
                0x00000000080007bc       0x58 /home/adrian/Documents/libopencm3-examples/libopencm3/lib/libopencm3_stm32f4.a(rcc.o)
                0x00000000080007bc                rcc_osc_on
 .text.rcc_osc_off
                0x0000000008000814       0x58 /home/adrian/Documents/libopencm3-examples/libopencm3/lib/libopencm3_stm32f4.a(rcc.o)
                0x0000000008000814                rcc_osc_off
 .text.rcc_set_sysclk_source
                0x000000000800086c       0x14 /home/adrian/Documents/libopencm3-examples/libopencm3/lib/libopencm3_stm32f4.a(rcc.o)
                0x000000000800086c                rcc_set_sysclk_source
 .text.rcc_set_ppre2
                0x0000000008000880       0x14 /home/adrian/Documents/libopencm3-examples/libopencm3/lib/libopencm3_stm32f4.a(rcc.o)
                0x0000000008000880                rcc_set_ppre2
 .text.rcc_set_ppre1
                0x0000000008000894       0x14 /home/adrian/Documents/libopencm3-examples/libopencm3/lib/libopencm3_stm32f4.a(rcc.o)
                0x0000000008000894                rcc_set_ppre1
 .text.rcc_set_hpre
                0x00000000080008a8       0x14 /home/adrian/Documents/libopencm3-examples/libopencm3/lib/libopencm3_stm32f4.a(rcc.o)
                0x00000000080008a8                rcc_set_hpre
 .text.rcc_set_main_pll_hsi
                0x00000000080008bc       0x44 /home/adrian/Documents/libopencm3-examples/libopencm3/lib/libopencm3_stm32f4.a(rcc.o)
                0x00000000080008bc                rcc_set_main_pll_hsi
 .text.rcc_set_main_pll_hse
                0x0000000008000900       0x44 /home/adrian/Documents/libopencm3-examples/libopencm3/lib/libopencm3_stm32f4.a(rcc.o)
                0x0000000008000900                rcc_set_main_pll_hse
 .text.rcc_clock_setup_pll
                0x0000000008000944       0xf4 /home/adrian/Documents/libopencm3-examples/libopencm3/lib/libopencm3_stm32f4.a(rcc.o)
                0x0000000008000944                rcc_clock_setup_pll
 .text.spi_enable
                0x0000000008000a38        0xa /home/adrian/Documents/libopencm3-examples/libopencm3/lib/libopencm3_stm32f4.a(spi_common_all.o)
                0x0000000008000a38                spi_enable
 .text.spi_send
                0x0000000008000a42        0xa /home/adrian/Documents/libopencm3-examples/libopencm3/lib/libopencm3_stm32f4.a(spi_common_all.o)
                0x0000000008000a42                spi_send
 .text.spi_read
                0x0000000008000a4c        0xc /home/adrian/Documents/libopencm3-examples/libopencm3/lib/libopencm3_stm32f4.a(spi_common_all.o)
                0x0000000008000a4c                spi_read
 .text.spi_set_unidirectional_mode
                0x0000000008000a58        0xa /home/adrian/Documents/libopencm3-examples/libopencm3/lib/libopencm3_stm32f4.a(spi_common_all.o)
                0x0000000008000a58                spi_set_unidirectional_mode
 .text.spi_set_full_duplex_mode
                0x0000000008000a62        0xa /home/adrian/Documents/libopencm3-examples/libopencm3/lib/libopencm3_stm32f4.a(spi_common_all.o)
                0x0000000008000a62                spi_set_full_duplex_mode
 .text.spi_enable_software_slave_management
                0x0000000008000a6c       0x12 /home/adrian/Documents/libopencm3-examples/libopencm3/lib/libopencm3_stm32f4.a(spi_common_all.o)
                0x0000000008000a6c                spi_enable_software_slave_management
 .text.spi_set_nss_high
                0x0000000008000a7e        0xa /home/adrian/Documents/libopencm3-examples/libopencm3/lib/libopencm3_stm32f4.a(spi_common_all.o)
                0x0000000008000a7e                spi_set_nss_high
 .text.spi_send_msb_first
                0x0000000008000a88        0xa /home/adrian/Documents/libopencm3-examples/libopencm3/lib/libopencm3_stm32f4.a(spi_common_all.o)
                0x0000000008000a88                spi_send_msb_first
 .text.spi_set_baudrate_prescaler
                0x0000000008000a92       0x16 /home/adrian/Documents/libopencm3-examples/libopencm3/lib/libopencm3_stm32f4.a(spi_common_all.o)
                0x0000000008000a92                spi_set_baudrate_prescaler
 .text.spi_set_master_mode
                0x0000000008000aa8        0xa /home/adrian/Documents/libopencm3-examples/libopencm3/lib/libopencm3_stm32f4.a(spi_common_all.o)
                0x0000000008000aa8                spi_set_master_mode
 .text.spi_set_clock_polarity_0
                0x0000000008000ab2        0xa /home/adrian/Documents/libopencm3-examples/libopencm3/lib/libopencm3_stm32f4.a(spi_common_all.o)
                0x0000000008000ab2                spi_set_clock_polarity_0
 .text.spi_set_clock_phase_0
                0x0000000008000abc        0xa /home/adrian/Documents/libopencm3-examples/libopencm3/lib/libopencm3_stm32f4.a(spi_common_all.o)
                0x0000000008000abc                spi_set_clock_phase_0
 *fill*         0x0000000008000ac6        0x2 
 .text.usart_set_baudrate
                0x0000000008000ac8       0x2c /home/adrian/Documents/libopencm3-examples/libopencm3/lib/libopencm3_stm32f4.a(usart_common_all.o)
                0x0000000008000ac8                usart_set_baudrate
 .text.usart_set_databits
                0x0000000008000af4       0x12 /home/adrian/Documents/libopencm3-examples/libopencm3/lib/libopencm3_stm32f4.a(usart_common_all.o)
                0x0000000008000af4                usart_set_databits
 .text.usart_set_stopbits
                0x0000000008000b06        0xc /home/adrian/Documents/libopencm3-examples/libopencm3/lib/libopencm3_stm32f4.a(usart_common_all.o)
                0x0000000008000b06                usart_set_stopbits
 .text.usart_set_parity
                0x0000000008000b12        0xc /home/adrian/Documents/libopencm3-examples/libopencm3/lib/libopencm3_stm32f4.a(usart_common_all.o)
                0x0000000008000b12                usart_set_parity
 .text.usart_set_mode
                0x0000000008000b1e        0xc /home/adrian/Documents/libopencm3-examples/libopencm3/lib/libopencm3_stm32f4.a(usart_common_all.o)
                0x0000000008000b1e                usart_set_mode
 .text.usart_set_flow_control
                0x0000000008000b2a        0xc /home/adrian/Documents/libopencm3-examples/libopencm3/lib/libopencm3_stm32f4.a(usart_common_all.o)
                0x0000000008000b2a                usart_set_flow_control
 .text.usart_enable
                0x0000000008000b36        0xa /home/adrian/Documents/libopencm3-examples/libopencm3/lib/libopencm3_stm32f4.a(usart_common_all.o)
                0x0000000008000b36                usart_enable
 .text.usart_enable_rx_interrupt
                0x0000000008000b40        0xa /home/adrian/Documents/libopencm3-examples/libopencm3/lib/libopencm3_stm32f4.a(usart_common_all.o)
                0x0000000008000b40                usart_enable_rx_interrupt
 .text.blocking_handler
                0x0000000008000b4a        0x2 /home/adrian/Documents/libopencm3-examples/libopencm3/lib/libopencm3_stm32f4.a(vector.o)
                0x0000000008000b4a                dma2_stream1_isr
                0x0000000008000b4a                tim8_brk_tim12_isr
                0x0000000008000b4a                dma1_stream7_isr
                0x0000000008000b4a                usart3_isr
                0x0000000008000b4a                tim7_isr
                0x0000000008000b4a                dma2d_isr
                0x0000000008000b4a                uart8_isr
                0x0000000008000b4a                dma1_stream2_isr
                0x0000000008000b4a                otg_hs_isr
                0x0000000008000b4a                blocking_handler
                0x0000000008000b4a                tim5_isr
                0x0000000008000b4a                rtc_wkup_isr
                0x0000000008000b4a                otg_fs_isr
                0x0000000008000b4a                spi1_isr
                0x0000000008000b4a                i2c3_er_isr
                0x0000000008000b4a                exti2_isr
                0x0000000008000b4a                spi5_isr
                0x0000000008000b4a                usb_fs_wkup_isr
                0x0000000008000b4a                tamp_stamp_isr
                0x0000000008000b4a                can1_rx1_isr
                0x0000000008000b4a                dma2_stream0_isr
                0x0000000008000b4a                i2c3_ev_isr
                0x0000000008000b4a                usage_fault_handler
                0x0000000008000b4a                can2_rx0_isr
                0x0000000008000b4a                dma1_stream6_isr
                0x0000000008000b4a                can2_rx1_isr
                0x0000000008000b4a                can1_sce_isr
                0x0000000008000b4a                tim1_cc_isr
                0x0000000008000b4a                can1_tx_isr
                0x0000000008000b4a                tim1_up_tim10_isr
                0x0000000008000b4a                sdio_isr
                0x0000000008000b4a                eth_isr
                0x0000000008000b4a                spi6_isr
                0x0000000008000b4a                dma2_stream5_isr
                0x0000000008000b4a                pvd_isr
                0x0000000008000b4a                can1_rx0_isr
                0x0000000008000b4a                rcc_isr
                0x0000000008000b4a                dma2_stream3_isr
                0x0000000008000b4a                flash_isr
                0x0000000008000b4a                uart4_isr
                0x0000000008000b4a                lcd_tft_isr
                0x0000000008000b4a                rtc_alarm_isr
                0x0000000008000b4a                exti15_10_isr
                0x0000000008000b4a                hash_rng_isr
                0x0000000008000b4a                tim1_trg_com_tim11_isr
                0x0000000008000b4a                hard_fault_handler
                0x0000000008000b4a                exti1_isr
                0x0000000008000b4a                i2c1_ev_isr
                0x0000000008000b4a                usart6_isr
                0x0000000008000b4a                spi2_isr
                0x0000000008000b4a                cryp_isr
                0x0000000008000b4a                nvic_wwdg_isr
                0x0000000008000b4a                dma1_stream1_isr
                0x0000000008000b4a                dma2_stream4_isr
                0x0000000008000b4a                exti3_isr
                0x0000000008000b4a                tim3_isr
                0x0000000008000b4a                usart2_isr
                0x0000000008000b4a                sai1_isr
                0x0000000008000b4a                fpu_isr
                0x0000000008000b4a                dma1_stream4_isr
                0x0000000008000b4a                i2c2_er_isr
                0x0000000008000b4a                i2c2_ev_isr
                0x0000000008000b4a                uart5_isr
                0x0000000008000b4a                dma2_stream6_isr
                0x0000000008000b4a                spi4_isr
                0x0000000008000b4a                adc_isr
                0x0000000008000b4a                dma2_stream7_isr
                0x0000000008000b4a                tim8_up_tim13_isr
                0x0000000008000b4a                fsmc_isr
                0x0000000008000b4a                exti4_isr
                0x0000000008000b4a                tim6_dac_isr
                0x0000000008000b4a                dma1_stream3_isr
                0x0000000008000b4a                tim8_trg_com_tim14_isr
                0x0000000008000b4a                mem_manage_handler
                0x0000000008000b4a                lcd_tft_err_isr
                0x0000000008000b4a                can2_tx_isr
                0x0000000008000b4a                exti9_5_isr
                0x0000000008000b4a                tim1_brk_tim9_isr
                0x0000000008000b4a                uart7_isr
                0x0000000008000b4a                can2_sce_isr
                0x0000000008000b4a                tim4_isr
                0x0000000008000b4a                otg_hs_wkup_isr
                0x0000000008000b4a                i2c1_er_isr
                0x0000000008000b4a                dma1_stream0_isr
                0x0000000008000b4a                tim8_cc_isr
                0x0000000008000b4a                dcmi_isr
                0x0000000008000b4a                dma2_stream2_isr
                0x0000000008000b4a                eth_wkup_isr
                0x0000000008000b4a                bus_fault_handler
                0x0000000008000b4a                otg_hs_ep1_out_isr
                0x0000000008000b4a                spi3_isr
                0x0000000008000b4a                dma1_stream5_isr
                0x0000000008000b4a                otg_hs_ep1_in_isr
                0x0000000008000b4a                tim2_isr
                0x0000000008000b4a                exti0_isr
 .text.null_handler
                0x0000000008000b4c        0x2 /home/adrian/Documents/libopencm3-examples/libopencm3/lib/libopencm3_stm32f4.a(vector.o)
                0x0000000008000b4c                null_handler
                0x0000000008000b4c                sv_call_handler
                0x0000000008000b4c                pend_sv_handler
                0x0000000008000b4c                debug_monitor_handler
                0x0000000008000b4c                nmi_handler
 *fill*         0x0000000008000b4e        0x2 
 .text.reset_handler
                0x0000000008000b50       0x98 /home/adrian/Documents/libopencm3-examples/libopencm3/lib/libopencm3_stm32f4.a(vector.o)
                0x0000000008000b50                reset_handler
 .text.systick_set_reload
                0x0000000008000be8       0x10 /home/adrian/Documents/libopencm3-examples/libopencm3/lib/libopencm3_stm32f4.a(systick.o)
                0x0000000008000be8                systick_set_reload
 .text.systick_set_clocksource
                0x0000000008000bf8       0x18 /home/adrian/Documents/libopencm3-examples/libopencm3/lib/libopencm3_stm32f4.a(systick.o)
                0x0000000008000bf8                systick_set_clocksource
 .text.systick_interrupt_enable
                0x0000000008000c10       0x10 /home/adrian/Documents/libopencm3-examples/libopencm3/lib/libopencm3_stm32f4.a(systick.o)
                0x0000000008000c10                systick_interrupt_enable
 .text.systick_counter_enable
                0x0000000008000c20       0x10 /home/adrian/Documents/libopencm3-examples/libopencm3/lib/libopencm3_stm32f4.a(systick.o)
                0x0000000008000c20                systick_counter_enable
 .text.scb_reset_system
                0x0000000008000c30       0x10 /home/adrian/Documents/libopencm3-examples/libopencm3/lib/libopencm3_stm32f4.a(scb.o)
                0x0000000008000c30                scb_reset_system
 .text.nvic_enable_irq
                0x0000000008000c40       0x1c /home/adrian/Documents/libopencm3-examples/libopencm3/lib/libopencm3_stm32f4.a(nvic.o)
                0x0000000008000c40                nvic_enable_irq
 .text.flash_set_ws
                0x0000000008000c5c       0x14 /home/adrian/Documents/libopencm3-examples/libopencm3/lib/libopencm3_stm32f4.a(flash_common_all.o)
                0x0000000008000c5c                flash_set_ws
 .text.flash_dcache_enable
                0x0000000008000c70       0x10 /home/adrian/Documents/libopencm3-examples/libopencm3/lib/libopencm3_stm32f4.a(flash_common_idcache.o)
                0x0000000008000c70                flash_dcache_enable
 .text.flash_dcache_disable
                0x0000000008000c80       0x10 /home/adrian/Documents/libopencm3-examples/libopencm3/lib/libopencm3_stm32f4.a(flash_common_idcache.o)
                0x0000000008000c80                flash_dcache_disable
 .text.flash_icache_enable
                0x0000000008000c90       0x10 /home/adrian/Documents/libopencm3-examples/libopencm3/lib/libopencm3_stm32f4.a(flash_common_idcache.o)
                0x0000000008000c90                flash_icache_enable
 .text.flash_icache_disable
                0x0000000008000ca0       0x10 /home/adrian/Documents/libopencm3-examples/libopencm3/lib/libopencm3_stm32f4.a(flash_common_idcache.o)
                0x0000000008000ca0                flash_icache_disable
 .text.pwr_set_vos_scale
                0x0000000008000cb0       0x18 /home/adrian/Documents/libopencm3-examples/libopencm3/lib/libopencm3_stm32f4.a(pwr.o)
                0x0000000008000cb0                pwr_set_vos_scale
                0x0000000008000cc8                . = ALIGN (0x4)
 *(.rodata*)
 .rodata.main.str1.1
                0x0000000008000cc8        0x4 spi-mems.o
 .rodata.rcc_hse_8mhz_3v3
                0x0000000008000ccc       0x70 /home/adrian/Documents/libopencm3-examples/libopencm3/lib/libopencm3_stm32f4.a(rcc.o)
                0x0000000008000ccc                rcc_hse_8mhz_3v3
                0x0000000008000d3c                . = ALIGN (0x4)

.glue_7         0x0000000008000d3c        0x0
 .glue_7        0x0000000008000d3c        0x0 linker stubs

.glue_7t        0x0000000008000d3c        0x0
 .glue_7t       0x0000000008000d3c        0x0 linker stubs

.vfp11_veneer   0x0000000008000d3c        0x0
 .vfp11_veneer  0x0000000008000d3c        0x0 linker stubs

.v4_bx          0x0000000008000d3c        0x0
 .v4_bx         0x0000000008000d3c        0x0 linker stubs

.iplt           0x0000000008000d3c        0x0
 .iplt          0x0000000008000d3c        0x0 clock.o

.rel.dyn        0x0000000008000d3c        0x0
 .rel.iplt      0x0000000008000d3c        0x0 clock.o

.preinit_array  0x0000000008000d3c        0x0
                0x0000000008000d3c                . = ALIGN (0x4)
                0x0000000008000d3c                __preinit_array_start = .
 *(.preinit_array)
                0x0000000008000d3c                __preinit_array_end = .

.init_array     0x0000000008000d3c        0x0
                0x0000000008000d3c                . = ALIGN (0x4)
                0x0000000008000d3c                __init_array_start = .
 *(SORT_BY_NAME(.init_array.*))
 *(.init_array)
                0x0000000008000d3c                __init_array_end = .

.fini_array     0x0000000008000d3c        0x0
                0x0000000008000d3c                . = ALIGN (0x4)
                0x0000000008000d3c                __fini_array_start = .
 *(.fini_array)
 *(SORT_BY_NAME(.fini_array.*))
                0x0000000008000d3c                __fini_array_end = .

.ARM.extab
 *(.ARM.extab*)

.ARM.exidx      0x0000000008000d3c        0x0
                0x0000000008000d3c                __exidx_start = .
 *(.ARM.exidx*)
                0x0000000008000d3c                __exidx_end = .
                0x0000000008000d3c                . = ALIGN (0x4)
                0x0000000008000d3c                _etext = .

.noinit
 *(.noinit*)
                0x0000000008000d3c                . = ALIGN (0x4)

.data           0x0000000020000000        0xc load address 0x0000000008000d3c
                0x0000000020000000                _data = .
 *(.data*)
 .data.rcc_ahb_frequency
                0x0000000020000000        0x4 /home/adrian/Documents/libopencm3-examples/libopencm3/lib/libopencm3_stm32f4.a(rcc.o)
                0x0000000020000000                rcc_ahb_frequency
 .data.rcc_apb1_frequency
                0x0000000020000004        0x4 /home/adrian/Documents/libopencm3-examples/libopencm3/lib/libopencm3_stm32f4.a(rcc.o)
                0x0000000020000004                rcc_apb1_frequency
 .data.rcc_apb2_frequency
                0x0000000020000008        0x4 /home/adrian/Documents/libopencm3-examples/libopencm3/lib/libopencm3_stm32f4.a(rcc.o)
                0x0000000020000008                rcc_apb2_frequency
 *(.ramtext*)
                0x000000002000000c                . = ALIGN (0x4)
                0x000000002000000c                _edata = .
                0x0000000008000d3c                _data_loadaddr = LOADADDR (.data)

.igot.plt       0x000000002000000c        0x0 load address 0x0000000008000d48
 .igot.plt      0x000000002000000c        0x0 clock.o

.bss            0x000000002000000c       0x8c load address 0x0000000008000d48
 *(.bss*)
 .bss.system_millis
                0x000000002000000c        0x4 clock.o
 .bss.recv_buf  0x0000000020000010       0x80 console.o
                0x0000000020000010                recv_buf
 .bss.recv_ndx_cur
                0x0000000020000090        0x4 console.o
                0x0000000020000090                recv_ndx_cur
 .bss.recv_ndx_nxt
                0x0000000020000094        0x4 console.o
                0x0000000020000094                recv_ndx_nxt
 *(COMMON)
                0x0000000020000098                . = ALIGN (0x4)
                0x0000000020000098                _ebss = .

/DISCARD/
 *(.eh_frame)
                0x0000000020000098                . = ALIGN (0x4)
                0x0000000020000098                end = .
                0x0000000020030000                PROVIDE (_stack = (ORIGIN (ram) + LENGTH (ram)))
OUTPUT(spi-mems.elf elf32-littlearm)
LOAD linker stubs

.debug_info     0x0000000000000000     0x63e6
 .debug_info    0x0000000000000000      0x357 clock.o
 .debug_info    0x0000000000000357      0xacf console.o
 .debug_info    0x0000000000000e26     0x1129 spi-mems.o
 .debug_info    0x0000000000001f4f      0x24e /home/adrian/Documents/libopencm3-examples/libopencm3/lib/libopencm3_stm32f4.a(gpio_common_all.o)
 .debug_info    0x000000000000219d      0x20f /home/adrian/Documents/libopencm3-examples/libopencm3/lib/libopencm3_stm32f4.a(gpio_common_f0234.o)
 .debug_info    0x00000000000023ac      0xaca /home/adrian/Documents/libopencm3-examples/libopencm3/lib/libopencm3_stm32f4.a(rcc_common_all.o)
 .debug_info    0x0000000000002e76     0x112b /home/adrian/Documents/libopencm3-examples/libopencm3/lib/libopencm3_stm32f4.a(rcc.o)
 .debug_info    0x0000000000003fa1      0x996 /home/adrian/Documents/libopencm3-examples/libopencm3/lib/libopencm3_stm32f4.a(spi_common_all.o)
 .debug_info    0x0000000000004937      0x71e /home/adrian/Documents/libopencm3-examples/libopencm3/lib/libopencm3_stm32f4.a(usart_common_all.o)
 .debug_info    0x0000000000005055      0x2e6 /home/adrian/Documents/libopencm3-examples/libopencm3/lib/libopencm3_stm32f4.a(vector.o)
 .debug_info    0x000000000000533b      0x268 /home/adrian/Documents/libopencm3-examples/libopencm3/lib/libopencm3_stm32f4.a(systick.o)
 .debug_info    0x00000000000055a3      0x962 /home/adrian/Documents/libopencm3-examples/libopencm3/lib/libopencm3_stm32f4.a(scb.o)
 .debug_info    0x0000000000005f05      0x22d /home/adrian/Documents/libopencm3-examples/libopencm3/lib/libopencm3_stm32f4.a(nvic.o)
 .debug_info    0x0000000000006132       0xf0 /home/adrian/Documents/libopencm3-examples/libopencm3/lib/libopencm3_stm32f4.a(flash_common_all.o)
 .debug_info    0x0000000000006222       0xe8 /home/adrian/Documents/libopencm3-examples/libopencm3/lib/libopencm3_stm32f4.a(flash_common_idcache.o)
 .debug_info    0x000000000000630a       0xdc /home/adrian/Documents/libopencm3-examples/libopencm3/lib/libopencm3_stm32f4.a(pwr.o)

.debug_abbrev   0x0000000000000000     0x16c8
 .debug_abbrev  0x0000000000000000      0x1a7 clock.o
 .debug_abbrev  0x00000000000001a7      0x248 console.o
 .debug_abbrev  0x00000000000003ef      0x1f1 spi-mems.o
 .debug_abbrev  0x00000000000005e0      0x116 /home/adrian/Documents/libopencm3-examples/libopencm3/lib/libopencm3_stm32f4.a(gpio_common_all.o)
 .debug_abbrev  0x00000000000006f6       0xbf /home/adrian/Documents/libopencm3-examples/libopencm3/lib/libopencm3_stm32f4.a(gpio_common_f0234.o)
 .debug_abbrev  0x00000000000007b5      0x1da /home/adrian/Documents/libopencm3-examples/libopencm3/lib/libopencm3_stm32f4.a(rcc_common_all.o)
 .debug_abbrev  0x000000000000098f      0x2d1 /home/adrian/Documents/libopencm3-examples/libopencm3/lib/libopencm3_stm32f4.a(rcc.o)
 .debug_abbrev  0x0000000000000c60      0x203 /home/adrian/Documents/libopencm3-examples/libopencm3/lib/libopencm3_stm32f4.a(spi_common_all.o)
 .debug_abbrev  0x0000000000000e63      0x182 /home/adrian/Documents/libopencm3-examples/libopencm3/lib/libopencm3_stm32f4.a(usart_common_all.o)
 .debug_abbrev  0x0000000000000fe5      0x15b /home/adrian/Documents/libopencm3-examples/libopencm3/lib/libopencm3_stm32f4.a(vector.o)
 .debug_abbrev  0x0000000000001140      0x155 /home/adrian/Documents/libopencm3-examples/libopencm3/lib/libopencm3_stm32f4.a(systick.o)
 .debug_abbrev  0x0000000000001295      0x1f2 /home/adrian/Documents/libopencm3-examples/libopencm3/lib/libopencm3_stm32f4.a(scb.o)
 .debug_abbrev  0x0000000000001487       0xb5 /home/adrian/Documents/libopencm3-examples/libopencm3/lib/libopencm3_stm32f4.a(nvic.o)
 .debug_abbrev  0x000000000000153c       0x9a /home/adrian/Documents/libopencm3-examples/libopencm3/lib/libopencm3_stm32f4.a(flash_common_all.o)
 .debug_abbrev  0x00000000000015d6       0x56 /home/adrian/Documents/libopencm3-examples/libopencm3/lib/libopencm3_stm32f4.a(flash_common_idcache.o)
 .debug_abbrev  0x000000000000162c       0x9c /home/adrian/Documents/libopencm3-examples/libopencm3/lib/libopencm3_stm32f4.a(pwr.o)

.debug_loc      0x0000000000000000     0x17cc
 .debug_loc     0x0000000000000000       0x3a clock.o
 .debug_loc     0x000000000000003a      0x1e6 console.o
 .debug_loc     0x0000000000000220      0x18a spi-mems.o
 .debug_loc     0x00000000000003aa       0xbe /home/adrian/Documents/libopencm3-examples/libopencm3/lib/libopencm3_stm32f4.a(gpio_common_all.o)
 .debug_loc     0x0000000000000468      0x14d /home/adrian/Documents/libopencm3-examples/libopencm3/lib/libopencm3_stm32f4.a(gpio_common_f0234.o)
 .debug_loc     0x00000000000005b5      0x120 /home/adrian/Documents/libopencm3-examples/libopencm3/lib/libopencm3_stm32f4.a(rcc_common_all.o)
 .debug_loc     0x00000000000006d5      0x8c7 /home/adrian/Documents/libopencm3-examples/libopencm3/lib/libopencm3_stm32f4.a(rcc.o)
 .debug_loc     0x0000000000000f9c      0x170 /home/adrian/Documents/libopencm3-examples/libopencm3/lib/libopencm3_stm32f4.a(spi_common_all.o)
 .debug_loc     0x000000000000110c      0x206 /home/adrian/Documents/libopencm3-examples/libopencm3/lib/libopencm3_stm32f4.a(usart_common_all.o)
 .debug_loc     0x0000000000001312      0x128 /home/adrian/Documents/libopencm3-examples/libopencm3/lib/libopencm3_stm32f4.a(vector.o)
 .debug_loc     0x000000000000143a      0x192 /home/adrian/Documents/libopencm3-examples/libopencm3/lib/libopencm3_stm32f4.a(systick.o)
 .debug_loc     0x00000000000015cc       0x25 /home/adrian/Documents/libopencm3-examples/libopencm3/lib/libopencm3_stm32f4.a(scb.o)
 .debug_loc     0x00000000000015f1      0x14d /home/adrian/Documents/libopencm3-examples/libopencm3/lib/libopencm3_stm32f4.a(nvic.o)
 .debug_loc     0x000000000000173e       0x47 /home/adrian/Documents/libopencm3-examples/libopencm3/lib/libopencm3_stm32f4.a(flash_common_all.o)
 .debug_loc     0x0000000000001785       0x47 /home/adrian/Documents/libopencm3-examples/libopencm3/lib/libopencm3_stm32f4.a(pwr.o)

.debug_aranges  0x0000000000000000      0x6c8
 .debug_aranges
                0x0000000000000000       0x38 clock.o
 .debug_aranges
                0x0000000000000038       0x48 console.o
 .debug_aranges
                0x0000000000000080       0x38 spi-mems.o
 .debug_aranges
                0x00000000000000b8       0x50 /home/adrian/Documents/libopencm3-examples/libopencm3/lib/libopencm3_stm32f4.a(gpio_common_all.o)
 .debug_aranges
                0x0000000000000108       0x30 /home/adrian/Documents/libopencm3-examples/libopencm3/lib/libopencm3_stm32f4.a(gpio_common_f0234.o)
 .debug_aranges
                0x0000000000000138       0x60 /home/adrian/Documents/libopencm3-examples/libopencm3/lib/libopencm3_stm32f4.a(rcc_common_all.o)
 .debug_aranges
                0x0000000000000198      0x110 /home/adrian/Documents/libopencm3-examples/libopencm3/lib/libopencm3_stm32f4.a(rcc.o)
 .debug_aranges
                0x00000000000002a8      0x170 /home/adrian/Documents/libopencm3-examples/libopencm3/lib/libopencm3_stm32f4.a(spi_common_all.o)
 .debug_aranges
                0x0000000000000418       0xd8 /home/adrian/Documents/libopencm3-examples/libopencm3/lib/libopencm3_stm32f4.a(usart_common_all.o)
 .debug_aranges
                0x00000000000004f0       0x30 /home/adrian/Documents/libopencm3-examples/libopencm3/lib/libopencm3_stm32f4.a(vector.o)
 .debug_aranges
                0x0000000000000520       0x78 /home/adrian/Documents/libopencm3-examples/libopencm3/lib/libopencm3_stm32f4.a(systick.o)
 .debug_aranges
                0x0000000000000598       0x30 /home/adrian/Documents/libopencm3-examples/libopencm3/lib/libopencm3_stm32f4.a(scb.o)
 .debug_aranges
                0x00000000000005c8       0x60 /home/adrian/Documents/libopencm3-examples/libopencm3/lib/libopencm3_stm32f4.a(nvic.o)
 .debug_aranges
                0x0000000000000628       0x38 /home/adrian/Documents/libopencm3-examples/libopencm3/lib/libopencm3_stm32f4.a(flash_common_all.o)
 .debug_aranges
                0x0000000000000660       0x48 /home/adrian/Documents/libopencm3-examples/libopencm3/lib/libopencm3_stm32f4.a(flash_common_idcache.o)
 .debug_aranges
                0x00000000000006a8       0x20 /home/adrian/Documents/libopencm3-examples/libopencm3/lib/libopencm3_stm32f4.a(pwr.o)

.debug_ranges   0x0000000000000000      0x670
 .debug_ranges  0x0000000000000000       0x28 clock.o
 .debug_ranges  0x0000000000000028       0x38 console.o
 .debug_ranges  0x0000000000000060       0x40 spi-mems.o
 .debug_ranges  0x00000000000000a0       0x40 /home/adrian/Documents/libopencm3-examples/libopencm3/lib/libopencm3_stm32f4.a(gpio_common_all.o)
 .debug_ranges  0x00000000000000e0       0x20 /home/adrian/Documents/libopencm3-examples/libopencm3/lib/libopencm3_stm32f4.a(gpio_common_f0234.o)
 .debug_ranges  0x0000000000000100       0x50 /home/adrian/Documents/libopencm3-examples/libopencm3/lib/libopencm3_stm32f4.a(rcc_common_all.o)
 .debug_ranges  0x0000000000000150      0x178 /home/adrian/Documents/libopencm3-examples/libopencm3/lib/libopencm3_stm32f4.a(rcc.o)
 .debug_ranges  0x00000000000002c8      0x160 /home/adrian/Documents/libopencm3-examples/libopencm3/lib/libopencm3_stm32f4.a(spi_common_all.o)
 .debug_ranges  0x0000000000000428       0xc8 /home/adrian/Documents/libopencm3-examples/libopencm3/lib/libopencm3_stm32f4.a(usart_common_all.o)
 .debug_ranges  0x00000000000004f0       0x20 /home/adrian/Documents/libopencm3-examples/libopencm3/lib/libopencm3_stm32f4.a(vector.o)
 .debug_ranges  0x0000000000000510       0x80 /home/adrian/Documents/libopencm3-examples/libopencm3/lib/libopencm3_stm32f4.a(systick.o)
 .debug_ranges  0x0000000000000590       0x20 /home/adrian/Documents/libopencm3-examples/libopencm3/lib/libopencm3_stm32f4.a(scb.o)
 .debug_ranges  0x00000000000005b0       0x50 /home/adrian/Documents/libopencm3-examples/libopencm3/lib/libopencm3_stm32f4.a(nvic.o)
 .debug_ranges  0x0000000000000600       0x28 /home/adrian/Documents/libopencm3-examples/libopencm3/lib/libopencm3_stm32f4.a(flash_common_all.o)
 .debug_ranges  0x0000000000000628       0x38 /home/adrian/Documents/libopencm3-examples/libopencm3/lib/libopencm3_stm32f4.a(flash_common_idcache.o)
 .debug_ranges  0x0000000000000660       0x10 /home/adrian/Documents/libopencm3-examples/libopencm3/lib/libopencm3_stm32f4.a(pwr.o)

.debug_macro    0x0000000000000000     0x5a2d
 .debug_macro   0x0000000000000000       0xc1 clock.o
 .debug_macro   0x00000000000000c1      0xaa2 clock.o
 .debug_macro   0x0000000000000b63       0x1c clock.o
 .debug_macro   0x0000000000000b7f      0x34e clock.o
 .debug_macro   0x0000000000000ecd       0x22 clock.o
 .debug_macro   0x0000000000000eef       0xe8 clock.o
 .debug_macro   0x0000000000000fd7       0x76 clock.o
 .debug_macro   0x000000000000104d      0x280 clock.o
 .debug_macro   0x00000000000012cd       0x8e clock.o
 .debug_macro   0x000000000000135b       0x46 clock.o
 .debug_macro   0x00000000000013a1      0xcea clock.o
 .debug_macro   0x000000000000208b       0x6e clock.o
 .debug_macro   0x00000000000020f9      0x22c clock.o
 .debug_macro   0x0000000000002325       0x6f clock.o
 .debug_macro   0x0000000000002394      0x1b2 console.o
 .debug_macro   0x0000000000002546       0x22 console.o
 .debug_macro   0x0000000000002568       0x52 console.o
 .debug_macro   0x00000000000025ba       0x18 console.o
 .debug_macro   0x00000000000025d2       0x5c console.o
 .debug_macro   0x000000000000262e       0x35 console.o
 .debug_macro   0x0000000000002663       0x34 console.o
 .debug_macro   0x0000000000002697       0x76 console.o
 .debug_macro   0x000000000000270d      0x37e console.o
 .debug_macro   0x0000000000002a8b       0xca console.o
 .debug_macro   0x0000000000002b55       0x94 console.o
 .debug_macro   0x0000000000002be9      0x29e console.o
 .debug_macro   0x0000000000002e87       0xa0 console.o
 .debug_macro   0x0000000000002f27       0x70 console.o
 .debug_macro   0x0000000000002f97      0x458 console.o
 .debug_macro   0x00000000000033ef       0x1f console.o
 .debug_macro   0x000000000000340e       0x16 console.o
 .debug_macro   0x0000000000003424      0x1bd spi-mems.o
 .debug_macro   0x00000000000035e1      0x2eb spi-mems.o
 .debug_macro   0x00000000000038cc       0x16 spi-mems.o
 .debug_macro   0x00000000000038e2       0x22 spi-mems.o
 .debug_macro   0x0000000000003904       0x88 /home/adrian/Documents/libopencm3-examples/libopencm3/lib/libopencm3_stm32f4.a(gpio_common_all.o)
 .debug_macro   0x000000000000398c      0xa9c /home/adrian/Documents/libopencm3-examples/libopencm3/lib/libopencm3_stm32f4.a(gpio_common_all.o)
 .debug_macro   0x0000000000004428       0x88 /home/adrian/Documents/libopencm3-examples/libopencm3/lib/libopencm3_stm32f4.a(gpio_common_f0234.o)
 .debug_macro   0x00000000000044b0       0xa7 /home/adrian/Documents/libopencm3-examples/libopencm3/lib/libopencm3_stm32f4.a(rcc_common_all.o)
 .debug_macro   0x0000000000004557       0xdb /home/adrian/Documents/libopencm3-examples/libopencm3/lib/libopencm3_stm32f4.a(rcc.o)
 .debug_macro   0x0000000000004632       0x16 /home/adrian/Documents/libopencm3-examples/libopencm3/lib/libopencm3_stm32f4.a(rcc.o)
 .debug_macro   0x0000000000004648       0x1c /home/adrian/Documents/libopencm3-examples/libopencm3/lib/libopencm3_stm32f4.a(rcc.o)
 .debug_macro   0x0000000000004664      0x143 /home/adrian/Documents/libopencm3-examples/libopencm3/lib/libopencm3_stm32f4.a(rcc.o)
 .debug_macro   0x00000000000047a7       0x10 /home/adrian/Documents/libopencm3-examples/libopencm3/lib/libopencm3_stm32f4.a(rcc.o)
 .debug_macro   0x00000000000047b7       0xb6 /home/adrian/Documents/libopencm3-examples/libopencm3/lib/libopencm3_stm32f4.a(spi_common_all.o)
 .debug_macro   0x000000000000486d       0xc2 /home/adrian/Documents/libopencm3-examples/libopencm3/lib/libopencm3_stm32f4.a(usart_common_all.o)
 .debug_macro   0x000000000000492f       0x8a /home/adrian/Documents/libopencm3-examples/libopencm3/lib/libopencm3_stm32f4.a(vector.o)
 .debug_macro   0x00000000000049b9      0x452 /home/adrian/Documents/libopencm3-examples/libopencm3/lib/libopencm3_stm32f4.a(vector.o)
 .debug_macro   0x0000000000004e0b       0x49 /home/adrian/Documents/libopencm3-examples/libopencm3/lib/libopencm3_stm32f4.a(systick.o)
 .debug_macro   0x0000000000004e54       0x69 /home/adrian/Documents/libopencm3-examples/libopencm3/lib/libopencm3_stm32f4.a(systick.o)
 .debug_macro   0x0000000000004ebd      0x123 /home/adrian/Documents/libopencm3-examples/libopencm3/lib/libopencm3_stm32f4.a(scb.o)
 .debug_macro   0x0000000000004fe0       0x16 /home/adrian/Documents/libopencm3-examples/libopencm3/lib/libopencm3_stm32f4.a(scb.o)
 .debug_macro   0x0000000000004ff6      0x10e /home/adrian/Documents/libopencm3-examples/libopencm3/lib/libopencm3_stm32f4.a(scb.o)
 .debug_macro   0x0000000000005104       0x86 /home/adrian/Documents/libopencm3-examples/libopencm3/lib/libopencm3_stm32f4.a(scb.o)
 .debug_macro   0x000000000000518a       0x16 /home/adrian/Documents/libopencm3-examples/libopencm3/lib/libopencm3_stm32f4.a(scb.o)
 .debug_macro   0x00000000000051a0       0x43 /home/adrian/Documents/libopencm3-examples/libopencm3/lib/libopencm3_stm32f4.a(scb.o)
 .debug_macro   0x00000000000051e3       0x57 /home/adrian/Documents/libopencm3-examples/libopencm3/lib/libopencm3_stm32f4.a(scb.o)
 .debug_macro   0x000000000000523a       0x34 /home/adrian/Documents/libopencm3-examples/libopencm3/lib/libopencm3_stm32f4.a(scb.o)
 .debug_macro   0x000000000000526e       0x10 /home/adrian/Documents/libopencm3-examples/libopencm3/lib/libopencm3_stm32f4.a(scb.o)
 .debug_macro   0x000000000000527e       0x52 /home/adrian/Documents/libopencm3-examples/libopencm3/lib/libopencm3_stm32f4.a(scb.o)
 .debug_macro   0x00000000000052d0      0x182 /home/adrian/Documents/libopencm3-examples/libopencm3/lib/libopencm3_stm32f4.a(scb.o)
 .debug_macro   0x0000000000005452      0x35c /home/adrian/Documents/libopencm3-examples/libopencm3/lib/libopencm3_stm32f4.a(scb.o)
 .debug_macro   0x00000000000057ae       0x22 /home/adrian/Documents/libopencm3-examples/libopencm3/lib/libopencm3_stm32f4.a(scb.o)
 .debug_macro   0x00000000000057d0       0x6a /home/adrian/Documents/libopencm3-examples/libopencm3/lib/libopencm3_stm32f4.a(nvic.o)
 .debug_macro   0x000000000000583a       0x68 /home/adrian/Documents/libopencm3-examples/libopencm3/lib/libopencm3_stm32f4.a(nvic.o)
 .debug_macro   0x00000000000058a2       0x8e /home/adrian/Documents/libopencm3-examples/libopencm3/lib/libopencm3_stm32f4.a(flash_common_all.o)
 .debug_macro   0x0000000000005930       0x8e /home/adrian/Documents/libopencm3-examples/libopencm3/lib/libopencm3_stm32f4.a(flash_common_idcache.o)
 .debug_macro   0x00000000000059be       0x6f /home/adrian/Documents/libopencm3-examples/libopencm3/lib/libopencm3_stm32f4.a(pwr.o)

.debug_line     0x0000000000000000     0x4198
 .debug_line    0x0000000000000000      0x356 clock.o
 .debug_line    0x0000000000000356      0x69e console.o
 .debug_line    0x00000000000009f4      0x728 spi-mems.o
 .debug_line    0x000000000000111c      0x2a5 /home/adrian/Documents/libopencm3-examples/libopencm3/lib/libopencm3_stm32f4.a(gpio_common_all.o)
 .debug_line    0x00000000000013c1      0x374 /home/adrian/Documents/libopencm3-examples/libopencm3/lib/libopencm3_stm32f4.a(gpio_common_f0234.o)
 .debug_line    0x0000000000001735      0x30c /home/adrian/Documents/libopencm3-examples/libopencm3/lib/libopencm3_stm32f4.a(rcc_common_all.o)
 .debug_line    0x0000000000001a41      0x9d5 /home/adrian/Documents/libopencm3-examples/libopencm3/lib/libopencm3_stm32f4.a(rcc.o)
 .debug_line    0x0000000000002416      0x7de /home/adrian/Documents/libopencm3-examples/libopencm3/lib/libopencm3_stm32f4.a(spi_common_all.o)
 .debug_line    0x0000000000002bf4      0x52b /home/adrian/Documents/libopencm3-examples/libopencm3/lib/libopencm3_stm32f4.a(usart_common_all.o)
 .debug_line    0x000000000000311f      0x321 /home/adrian/Documents/libopencm3-examples/libopencm3/lib/libopencm3_stm32f4.a(vector.o)
 .debug_line    0x0000000000003440      0x26e /home/adrian/Documents/libopencm3-examples/libopencm3/lib/libopencm3_stm32f4.a(systick.o)
 .debug_line    0x00000000000036ae      0x23e /home/adrian/Documents/libopencm3-examples/libopencm3/lib/libopencm3_stm32f4.a(scb.o)
 .debug_line    0x00000000000038ec      0x27e /home/adrian/Documents/libopencm3-examples/libopencm3/lib/libopencm3_stm32f4.a(nvic.o)
 .debug_line    0x0000000000003b6a      0x245 /home/adrian/Documents/libopencm3-examples/libopencm3/lib/libopencm3_stm32f4.a(flash_common_all.o)
 .debug_line    0x0000000000003daf      0x25e /home/adrian/Documents/libopencm3-examples/libopencm3/lib/libopencm3_stm32f4.a(flash_common_idcache.o)
 .debug_line    0x000000000000400d      0x18b /home/adrian/Documents/libopencm3-examples/libopencm3/lib/libopencm3_stm32f4.a(pwr.o)

.debug_str      0x0000000000000000    0x1475b
 .debug_str     0x0000000000000000     0x98c5 clock.o
                                       0x9a88 (size before relaxing)
 .debug_str     0x00000000000098c5     0x49a0 console.o
                                       0xe145 (size before relaxing)
 .debug_str     0x000000000000e265     0x119c spi-mems.o
                                       0xcb63 (size before relaxing)
 .debug_str     0x000000000000f401      0x194 /home/adrian/Documents/libopencm3-examples/libopencm3/lib/libopencm3_stm32f4.a(gpio_common_all.o)
                                       0x62ad (size before relaxing)
 .debug_str     0x000000000000f595       0x79 /home/adrian/Documents/libopencm3-examples/libopencm3/lib/libopencm3_stm32f4.a(gpio_common_f0234.o)
                                       0x62c5 (size before relaxing)
 .debug_str     0x000000000000f60e      0x475 /home/adrian/Documents/libopencm3-examples/libopencm3/lib/libopencm3_stm32f4.a(rcc_common_all.o)
                                       0x97ac (size before relaxing)
 .debug_str     0x000000000000fa83      0xad3 /home/adrian/Documents/libopencm3-examples/libopencm3/lib/libopencm3_stm32f4.a(rcc.o)
                                       0x9ed7 (size before relaxing)
 .debug_str     0x0000000000010556      0x311 /home/adrian/Documents/libopencm3-examples/libopencm3/lib/libopencm3_stm32f4.a(spi_common_all.o)
                                       0x9f6a (size before relaxing)
 .debug_str     0x0000000000010867      0x203 /home/adrian/Documents/libopencm3-examples/libopencm3/lib/libopencm3_stm32f4.a(usart_common_all.o)
                                       0xa232 (size before relaxing)
 .debug_str     0x0000000000010a6a      0xe78 /home/adrian/Documents/libopencm3-examples/libopencm3/lib/libopencm3_stm32f4.a(vector.o)
                                       0x6b6d (size before relaxing)
 .debug_str     0x00000000000118e2       0xbd /home/adrian/Documents/libopencm3-examples/libopencm3/lib/libopencm3_stm32f4.a(systick.o)
                                       0x41c6 (size before relaxing)
 .debug_str     0x000000000001199f     0x2c47 /home/adrian/Documents/libopencm3-examples/libopencm3/lib/libopencm3_stm32f4.a(scb.o)
                                       0x84b6 (size before relaxing)
 .debug_str     0x00000000000145e6       0xc4 /home/adrian/Documents/libopencm3-examples/libopencm3/lib/libopencm3_stm32f4.a(nvic.o)
                                       0x5dd8 (size before relaxing)
 .debug_str     0x00000000000146aa       0x64 /home/adrian/Documents/libopencm3-examples/libopencm3/lib/libopencm3_stm32f4.a(flash_common_all.o)
                                       0x560f (size before relaxing)
 .debug_str     0x000000000001470e       0x47 /home/adrian/Documents/libopencm3-examples/libopencm3/lib/libopencm3_stm32f4.a(flash_common_idcache.o)
                                       0x5631 (size before relaxing)
 .debug_str     0x0000000000014755        0x6 /home/adrian/Documents/libopencm3-examples/libopencm3/lib/libopencm3_stm32f4.a(pwr.o)
                                       0x528b (size before relaxing)

.comment        0x0000000000000000       0x59
 .comment       0x0000000000000000       0x59 clock.o
                                         0x5a (size before relaxing)
 .comment       0x0000000000000059       0x5a console.o
 .comment       0x0000000000000059       0x5a spi-mems.o
 .comment       0x0000000000000059       0x5a /home/adrian/Documents/libopencm3-examples/libopencm3/lib/libopencm3_stm32f4.a(gpio_common_all.o)
 .comment       0x0000000000000059       0x5a /home/adrian/Documents/libopencm3-examples/libopencm3/lib/libopencm3_stm32f4.a(gpio_common_f0234.o)
 .comment       0x0000000000000059       0x5a /home/adrian/Documents/libopencm3-examples/libopencm3/lib/libopencm3_stm32f4.a(rcc_common_all.o)
 .comment       0x0000000000000059       0x5a /home/adrian/Documents/libopencm3-examples/libopencm3/lib/libopencm3_stm32f4.a(rcc.o)
 .comment       0x0000000000000059       0x5a /home/adrian/Documents/libopencm3-examples/libopencm3/lib/libopencm3_stm32f4.a(spi_common_all.o)
 .comment       0x0000000000000059       0x5a /home/adrian/Documents/libopencm3-examples/libopencm3/lib/libopencm3_stm32f4.a(usart_common_all.o)
 .comment       0x0000000000000059       0x5a /home/adrian/Documents/libopencm3-examples/libopencm3/lib/libopencm3_stm32f4.a(vector.o)
 .comment       0x0000000000000059       0x5a /home/adrian/Documents/libopencm3-examples/libopencm3/lib/libopencm3_stm32f4.a(systick.o)
 .comment       0x0000000000000059       0x5a /home/adrian/Documents/libopencm3-examples/libopencm3/lib/libopencm3_stm32f4.a(scb.o)
 .comment       0x0000000000000059       0x5a /home/adrian/Documents/libopencm3-examples/libopencm3/lib/libopencm3_stm32f4.a(nvic.o)
 .comment       0x0000000000000059       0x5a /home/adrian/Documents/libopencm3-examples/libopencm3/lib/libopencm3_stm32f4.a(flash_common_all.o)
 .comment       0x0000000000000059       0x5a /home/adrian/Documents/libopencm3-examples/libopencm3/lib/libopencm3_stm32f4.a(flash_common_idcache.o)
 .comment       0x0000000000000059       0x5a /home/adrian/Documents/libopencm3-examples/libopencm3/lib/libopencm3_stm32f4.a(pwr.o)

.ARM.attributes
                0x0000000000000000       0x34
 .ARM.attributes
                0x0000000000000000       0x34 clock.o
 .ARM.attributes
                0x0000000000000034       0x34 console.o
 .ARM.attributes
                0x0000000000000068       0x34 spi-mems.o
 .ARM.attributes
                0x000000000000009c       0x34 /home/adrian/Documents/libopencm3-examples/libopencm3/lib/libopencm3_stm32f4.a(gpio_common_all.o)
 .ARM.attributes
                0x00000000000000d0       0x34 /home/adrian/Documents/libopencm3-examples/libopencm3/lib/libopencm3_stm32f4.a(gpio_common_f0234.o)
 .ARM.attributes
                0x0000000000000104       0x34 /home/adrian/Documents/libopencm3-examples/libopencm3/lib/libopencm3_stm32f4.a(rcc_common_all.o)
 .ARM.attributes
                0x0000000000000138       0x34 /home/adrian/Documents/libopencm3-examples/libopencm3/lib/libopencm3_stm32f4.a(rcc.o)
 .ARM.attributes
                0x000000000000016c       0x34 /home/adrian/Documents/libopencm3-examples/libopencm3/lib/libopencm3_stm32f4.a(spi_common_all.o)
 .ARM.attributes
                0x00000000000001a0       0x34 /home/adrian/Documents/libopencm3-examples/libopencm3/lib/libopencm3_stm32f4.a(usart_common_all.o)
 .ARM.attributes
                0x00000000000001d4       0x34 /home/adrian/Documents/libopencm3-examples/libopencm3/lib/libopencm3_stm32f4.a(vector.o)
 .ARM.attributes
                0x0000000000000208       0x34 /home/adrian/Documents/libopencm3-examples/libopencm3/lib/libopencm3_stm32f4.a(systick.o)
 .ARM.attributes
                0x000000000000023c       0x34 /home/adrian/Documents/libopencm3-examples/libopencm3/lib/libopencm3_stm32f4.a(scb.o)
 .ARM.attributes
                0x0000000000000270       0x34 /home/adrian/Documents/libopencm3-examples/libopencm3/lib/libopencm3_stm32f4.a(nvic.o)
 .ARM.attributes
                0x00000000000002a4       0x34 /home/adrian/Documents/libopencm3-examples/libopencm3/lib/libopencm3_stm32f4.a(flash_common_all.o)
 .ARM.attributes
                0x00000000000002d8       0x34 /home/adrian/Documents/libopencm3-examples/libopencm3/lib/libopencm3_stm32f4.a(flash_common_idcache.o)
 .ARM.attributes
                0x000000000000030c       0x34 /home/adrian/Documents/libopencm3-examples/libopencm3/lib/libopencm3_stm32f4.a(pwr.o)

.debug_frame    0x0000000000000000      0xd0c
 .debug_frame   0x0000000000000000       0x5c clock.o
 .debug_frame   0x000000000000005c       0xa8 console.o
 .debug_frame   0x0000000000000104       0xac spi-mems.o
 .debug_frame   0x00000000000001b0       0x80 /home/adrian/Documents/libopencm3-examples/libopencm3/lib/libopencm3_stm32f4.a(gpio_common_all.o)
 .debug_frame   0x0000000000000230       0x70 /home/adrian/Documents/libopencm3-examples/libopencm3/lib/libopencm3_stm32f4.a(gpio_common_f0234.o)
 .debug_frame   0x00000000000002a0       0xe0 /home/adrian/Documents/libopencm3-examples/libopencm3/lib/libopencm3_stm32f4.a(rcc_common_all.o)
 .debug_frame   0x0000000000000380      0x234 /home/adrian/Documents/libopencm3-examples/libopencm3/lib/libopencm3_stm32f4.a(rcc.o)
 .debug_frame   0x00000000000005b4      0x2c0 /home/adrian/Documents/libopencm3-examples/libopencm3/lib/libopencm3_stm32f4.a(spi_common_all.o)
 .debug_frame   0x0000000000000874      0x1b4 /home/adrian/Documents/libopencm3-examples/libopencm3/lib/libopencm3_stm32f4.a(usart_common_all.o)
 .debug_frame   0x0000000000000a28       0x4c /home/adrian/Documents/libopencm3-examples/libopencm3/lib/libopencm3_stm32f4.a(vector.o)
 .debug_frame   0x0000000000000a74       0xd8 /home/adrian/Documents/libopencm3-examples/libopencm3/lib/libopencm3_stm32f4.a(systick.o)
 .debug_frame   0x0000000000000b4c       0x40 /home/adrian/Documents/libopencm3-examples/libopencm3/lib/libopencm3_stm32f4.a(scb.o)
 .debug_frame   0x0000000000000b8c       0xa0 /home/adrian/Documents/libopencm3-examples/libopencm3/lib/libopencm3_stm32f4.a(nvic.o)
 .debug_frame   0x0000000000000c2c       0x50 /home/adrian/Documents/libopencm3-examples/libopencm3/lib/libopencm3_stm32f4.a(flash_common_all.o)
 .debug_frame   0x0000000000000c7c       0x70 /home/adrian/Documents/libopencm3-examples/libopencm3/lib/libopencm3_stm32f4.a(flash_common_idcache.o)
 .debug_frame   0x0000000000000cec       0x20 /home/adrian/Documents/libopencm3-examples/libopencm3/lib/libopencm3_stm32f4.a(pwr.o)

Cross Reference Table

Symbol                                            File
__fini_array_end                                  /home/adrian/Documents/libopencm3-examples/libopencm3/lib/libopencm3_stm32f4.a(vector.o)
__fini_array_start                                /home/adrian/Documents/libopencm3-examples/libopencm3/lib/libopencm3_stm32f4.a(vector.o)
__init_array_end                                  /home/adrian/Documents/libopencm3-examples/libopencm3/lib/libopencm3_stm32f4.a(vector.o)
__init_array_start                                /home/adrian/Documents/libopencm3-examples/libopencm3/lib/libopencm3_stm32f4.a(vector.o)
__preinit_array_end                               /home/adrian/Documents/libopencm3-examples/libopencm3/lib/libopencm3_stm32f4.a(vector.o)
__preinit_array_start                             /home/adrian/Documents/libopencm3-examples/libopencm3/lib/libopencm3_stm32f4.a(vector.o)
_data                                             /home/adrian/Documents/libopencm3-examples/libopencm3/lib/libopencm3_stm32f4.a(vector.o)
_data_loadaddr                                    /home/adrian/Documents/libopencm3-examples/libopencm3/lib/libopencm3_stm32f4.a(vector.o)
_ebss                                             /home/adrian/Documents/libopencm3-examples/libopencm3/lib/libopencm3_stm32f4.a(vector.o)
_edata                                            /home/adrian/Documents/libopencm3-examples/libopencm3/lib/libopencm3_stm32f4.a(vector.o)
_stack                                            /home/adrian/Documents/libopencm3-examples/libopencm3/lib/libopencm3_stm32f4.a(vector.o)
adc_isr                                           /home/adrian/Documents/libopencm3-examples/libopencm3/lib/libopencm3_stm32f4.a(vector.o)
blocking_handler                                  /home/adrian/Documents/libopencm3-examples/libopencm3/lib/libopencm3_stm32f4.a(vector.o)
bus_fault_handler                                 /home/adrian/Documents/libopencm3-examples/libopencm3/lib/libopencm3_stm32f4.a(vector.o)
can1_rx0_isr                                      /home/adrian/Documents/libopencm3-examples/libopencm3/lib/libopencm3_stm32f4.a(vector.o)
can1_rx1_isr                                      /home/adrian/Documents/libopencm3-examples/libopencm3/lib/libopencm3_stm32f4.a(vector.o)
can1_sce_isr                                      /home/adrian/Documents/libopencm3-examples/libopencm3/lib/libopencm3_stm32f4.a(vector.o)
can1_tx_isr                                       /home/adrian/Documents/libopencm3-examples/libopencm3/lib/libopencm3_stm32f4.a(vector.o)
can2_rx0_isr                                      /home/adrian/Documents/libopencm3-examples/libopencm3/lib/libopencm3_stm32f4.a(vector.o)
can2_rx1_isr                                      /home/adrian/Documents/libopencm3-examples/libopencm3/lib/libopencm3_stm32f4.a(vector.o)
can2_sce_isr                                      /home/adrian/Documents/libopencm3-examples/libopencm3/lib/libopencm3_stm32f4.a(vector.o)
can2_tx_isr                                       /home/adrian/Documents/libopencm3-examples/libopencm3/lib/libopencm3_stm32f4.a(vector.o)
clock_setup                                       clock.o
                                                  spi-mems.o
console_getc                                      console.o
console_gets                                      console.o
console_putc                                      console.o
                                                  spi-mems.o
console_puts                                      console.o
                                                  spi-mems.o
console_setup                                     console.o
                                                  spi-mems.o
cryp_isr                                          /home/adrian/Documents/libopencm3-examples/libopencm3/lib/libopencm3_stm32f4.a(vector.o)
dcmi_isr                                          /home/adrian/Documents/libopencm3-examples/libopencm3/lib/libopencm3_stm32f4.a(vector.o)
debug_monitor_handler                             /home/adrian/Documents/libopencm3-examples/libopencm3/lib/libopencm3_stm32f4.a(vector.o)
dma1_stream0_isr                                  /home/adrian/Documents/libopencm3-examples/libopencm3/lib/libopencm3_stm32f4.a(vector.o)
dma1_stream1_isr                                  /home/adrian/Documents/libopencm3-examples/libopencm3/lib/libopencm3_stm32f4.a(vector.o)
dma1_stream2_isr                                  /home/adrian/Documents/libopencm3-examples/libopencm3/lib/libopencm3_stm32f4.a(vector.o)
dma1_stream3_isr                                  /home/adrian/Documents/libopencm3-examples/libopencm3/lib/libopencm3_stm32f4.a(vector.o)
dma1_stream4_isr                                  /home/adrian/Documents/libopencm3-examples/libopencm3/lib/libopencm3_stm32f4.a(vector.o)
dma1_stream5_isr                                  /home/adrian/Documents/libopencm3-examples/libopencm3/lib/libopencm3_stm32f4.a(vector.o)
dma1_stream6_isr                                  /home/adrian/Documents/libopencm3-examples/libopencm3/lib/libopencm3_stm32f4.a(vector.o)
dma1_stream7_isr                                  /home/adrian/Documents/libopencm3-examples/libopencm3/lib/libopencm3_stm32f4.a(vector.o)
dma2_stream0_isr                                  /home/adrian/Documents/libopencm3-examples/libopencm3/lib/libopencm3_stm32f4.a(vector.o)
dma2_stream1_isr                                  /home/adrian/Documents/libopencm3-examples/libopencm3/lib/libopencm3_stm32f4.a(vector.o)
dma2_stream2_isr                                  /home/adrian/Documents/libopencm3-examples/libopencm3/lib/libopencm3_stm32f4.a(vector.o)
dma2_stream3_isr                                  /home/adrian/Documents/libopencm3-examples/libopencm3/lib/libopencm3_stm32f4.a(vector.o)
dma2_stream4_isr                                  /home/adrian/Documents/libopencm3-examples/libopencm3/lib/libopencm3_stm32f4.a(vector.o)
dma2_stream5_isr                                  /home/adrian/Documents/libopencm3-examples/libopencm3/lib/libopencm3_stm32f4.a(vector.o)
dma2_stream6_isr                                  /home/adrian/Documents/libopencm3-examples/libopencm3/lib/libopencm3_stm32f4.a(vector.o)
dma2_stream7_isr                                  /home/adrian/Documents/libopencm3-examples/libopencm3/lib/libopencm3_stm32f4.a(vector.o)
dma2d_isr                                         /home/adrian/Documents/libopencm3-examples/libopencm3/lib/libopencm3_stm32f4.a(vector.o)
eth_isr                                           /home/adrian/Documents/libopencm3-examples/libopencm3/lib/libopencm3_stm32f4.a(vector.o)
eth_wkup_isr                                      /home/adrian/Documents/libopencm3-examples/libopencm3/lib/libopencm3_stm32f4.a(vector.o)
exti0_isr                                         /home/adrian/Documents/libopencm3-examples/libopencm3/lib/libopencm3_stm32f4.a(vector.o)
exti15_10_isr                                     /home/adrian/Documents/libopencm3-examples/libopencm3/lib/libopencm3_stm32f4.a(vector.o)
exti1_isr                                         /home/adrian/Documents/libopencm3-examples/libopencm3/lib/libopencm3_stm32f4.a(vector.o)
exti2_isr                                         /home/adrian/Documents/libopencm3-examples/libopencm3/lib/libopencm3_stm32f4.a(vector.o)
exti3_isr                                         /home/adrian/Documents/libopencm3-examples/libopencm3/lib/libopencm3_stm32f4.a(vector.o)
exti4_isr                                         /home/adrian/Documents/libopencm3-examples/libopencm3/lib/libopencm3_stm32f4.a(vector.o)
exti9_5_isr                                       /home/adrian/Documents/libopencm3-examples/libopencm3/lib/libopencm3_stm32f4.a(vector.o)
flash_dcache_disable                              /home/adrian/Documents/libopencm3-examples/libopencm3/lib/libopencm3_stm32f4.a(flash_common_idcache.o)
                                                  /home/adrian/Documents/libopencm3-examples/libopencm3/lib/libopencm3_stm32f4.a(rcc.o)
flash_dcache_enable                               /home/adrian/Documents/libopencm3-examples/libopencm3/lib/libopencm3_stm32f4.a(flash_common_idcache.o)
                                                  /home/adrian/Documents/libopencm3-examples/libopencm3/lib/libopencm3_stm32f4.a(rcc.o)
flash_dcache_reset                                /home/adrian/Documents/libopencm3-examples/libopencm3/lib/libopencm3_stm32f4.a(flash_common_idcache.o)
flash_icache_disable                              /home/adrian/Documents/libopencm3-examples/libopencm3/lib/libopencm3_stm32f4.a(flash_common_idcache.o)
                                                  /home/adrian/Documents/libopencm3-examples/libopencm3/lib/libopencm3_stm32f4.a(rcc.o)
flash_icache_enable                               /home/adrian/Documents/libopencm3-examples/libopencm3/lib/libopencm3_stm32f4.a(flash_common_idcache.o)
                                                  /home/adrian/Documents/libopencm3-examples/libopencm3/lib/libopencm3_stm32f4.a(rcc.o)
flash_icache_reset                                /home/adrian/Documents/libopencm3-examples/libopencm3/lib/libopencm3_stm32f4.a(flash_common_idcache.o)
flash_isr                                         /home/adrian/Documents/libopencm3-examples/libopencm3/lib/libopencm3_stm32f4.a(vector.o)
flash_prefetch_disable                            /home/adrian/Documents/libopencm3-examples/libopencm3/lib/libopencm3_stm32f4.a(flash_common_all.o)
flash_prefetch_enable                             /home/adrian/Documents/libopencm3-examples/libopencm3/lib/libopencm3_stm32f4.a(flash_common_all.o)
flash_set_ws                                      /home/adrian/Documents/libopencm3-examples/libopencm3/lib/libopencm3_stm32f4.a(flash_common_all.o)
                                                  /home/adrian/Documents/libopencm3-examples/libopencm3/lib/libopencm3_stm32f4.a(rcc.o)
flash_unlock_option_bytes                         /home/adrian/Documents/libopencm3-examples/libopencm3/lib/libopencm3_stm32f4.a(flash_common_all.o)
format_acceleration                               spi-mems.o
fpu_isr                                           /home/adrian/Documents/libopencm3-examples/libopencm3/lib/libopencm3_stm32f4.a(vector.o)
fsmc_isr                                          /home/adrian/Documents/libopencm3-examples/libopencm3/lib/libopencm3_stm32f4.a(vector.o)
global_setup                                      spi-mems.o
gpio_clear                                        /home/adrian/Documents/libopencm3-examples/libopencm3/lib/libopencm3_stm32f4.a(gpio_common_all.o)
                                                  spi-mems.o
gpio_get                                          /home/adrian/Documents/libopencm3-examples/libopencm3/lib/libopencm3_stm32f4.a(gpio_common_all.o)
gpio_mode_setup                                   /home/adrian/Documents/libopencm3-examples/libopencm3/lib/libopencm3_stm32f4.a(gpio_common_f0234.o)
                                                  spi-mems.o
                                                  console.o
gpio_port_config_lock                             /home/adrian/Documents/libopencm3-examples/libopencm3/lib/libopencm3_stm32f4.a(gpio_common_all.o)
gpio_port_read                                    /home/adrian/Documents/libopencm3-examples/libopencm3/lib/libopencm3_stm32f4.a(gpio_common_all.o)
gpio_port_write                                   /home/adrian/Documents/libopencm3-examples/libopencm3/lib/libopencm3_stm32f4.a(gpio_common_all.o)
gpio_set                                          /home/adrian/Documents/libopencm3-examples/libopencm3/lib/libopencm3_stm32f4.a(gpio_common_all.o)
                                                  spi-mems.o
gpio_set_af                                       /home/adrian/Documents/libopencm3-examples/libopencm3/lib/libopencm3_stm32f4.a(gpio_common_f0234.o)
                                                  spi-mems.o
                                                  console.o
gpio_set_output_options                           /home/adrian/Documents/libopencm3-examples/libopencm3/lib/libopencm3_stm32f4.a(gpio_common_f0234.o)
gpio_toggle                                       /home/adrian/Documents/libopencm3-examples/libopencm3/lib/libopencm3_stm32f4.a(gpio_common_all.o)
hard_fault_handler                                /home/adrian/Documents/libopencm3-examples/libopencm3/lib/libopencm3_stm32f4.a(vector.o)
hash_rng_isr                                      /home/adrian/Documents/libopencm3-examples/libopencm3/lib/libopencm3_stm32f4.a(vector.o)
i2c1_er_isr                                       /home/adrian/Documents/libopencm3-examples/libopencm3/lib/libopencm3_stm32f4.a(vector.o)
i2c1_ev_isr                                       /home/adrian/Documents/libopencm3-examples/libopencm3/lib/libopencm3_stm32f4.a(vector.o)
i2c2_er_isr                                       /home/adrian/Documents/libopencm3-examples/libopencm3/lib/libopencm3_stm32f4.a(vector.o)
i2c2_ev_isr                                       /home/adrian/Documents/libopencm3-examples/libopencm3/lib/libopencm3_stm32f4.a(vector.o)
i2c3_er_isr                                       /home/adrian/Documents/libopencm3-examples/libopencm3/lib/libopencm3_stm32f4.a(vector.o)
i2c3_ev_isr                                       /home/adrian/Documents/libopencm3-examples/libopencm3/lib/libopencm3_stm32f4.a(vector.o)
lcd_tft_err_isr                                   /home/adrian/Documents/libopencm3-examples/libopencm3/lib/libopencm3_stm32f4.a(vector.o)
lcd_tft_isr                                       /home/adrian/Documents/libopencm3-examples/libopencm3/lib/libopencm3_stm32f4.a(vector.o)
main                                              spi-mems.o
                                                  /home/adrian/Documents/libopencm3-examples/libopencm3/lib/libopencm3_stm32f4.a(vector.o)
mem_manage_handler                                /home/adrian/Documents/libopencm3-examples/libopencm3/lib/libopencm3_stm32f4.a(vector.o)
msleep                                            clock.o
mtime                                             clock.o
nmi_handler                                       /home/adrian/Documents/libopencm3-examples/libopencm3/lib/libopencm3_stm32f4.a(vector.o)
null_handler                                      /home/adrian/Documents/libopencm3-examples/libopencm3/lib/libopencm3_stm32f4.a(vector.o)
nvic_clear_pending_irq                            /home/adrian/Documents/libopencm3-examples/libopencm3/lib/libopencm3_stm32f4.a(nvic.o)
nvic_disable_irq                                  /home/adrian/Documents/libopencm3-examples/libopencm3/lib/libopencm3_stm32f4.a(nvic.o)
nvic_enable_irq                                   /home/adrian/Documents/libopencm3-examples/libopencm3/lib/libopencm3_stm32f4.a(nvic.o)
                                                  console.o
nvic_generate_software_interrupt                  /home/adrian/Documents/libopencm3-examples/libopencm3/lib/libopencm3_stm32f4.a(nvic.o)
nvic_get_active_irq                               /home/adrian/Documents/libopencm3-examples/libopencm3/lib/libopencm3_stm32f4.a(nvic.o)
nvic_get_irq_enabled                              /home/adrian/Documents/libopencm3-examples/libopencm3/lib/libopencm3_stm32f4.a(nvic.o)
nvic_get_pending_irq                              /home/adrian/Documents/libopencm3-examples/libopencm3/lib/libopencm3_stm32f4.a(nvic.o)
nvic_set_pending_irq                              /home/adrian/Documents/libopencm3-examples/libopencm3/lib/libopencm3_stm32f4.a(nvic.o)
nvic_set_priority                                 /home/adrian/Documents/libopencm3-examples/libopencm3/lib/libopencm3_stm32f4.a(nvic.o)
nvic_wwdg_isr                                     /home/adrian/Documents/libopencm3-examples/libopencm3/lib/libopencm3_stm32f4.a(vector.o)
otg_fs_isr                                        /home/adrian/Documents/libopencm3-examples/libopencm3/lib/libopencm3_stm32f4.a(vector.o)
otg_hs_ep1_in_isr                                 /home/adrian/Documents/libopencm3-examples/libopencm3/lib/libopencm3_stm32f4.a(vector.o)
otg_hs_ep1_out_isr                                /home/adrian/Documents/libopencm3-examples/libopencm3/lib/libopencm3_stm32f4.a(vector.o)
otg_hs_isr                                        /home/adrian/Documents/libopencm3-examples/libopencm3/lib/libopencm3_stm32f4.a(vector.o)
otg_hs_wkup_isr                                   /home/adrian/Documents/libopencm3-examples/libopencm3/lib/libopencm3_stm32f4.a(vector.o)
pend_sv_handler                                   /home/adrian/Documents/libopencm3-examples/libopencm3/lib/libopencm3_stm32f4.a(vector.o)
pvd_isr                                           /home/adrian/Documents/libopencm3-examples/libopencm3/lib/libopencm3_stm32f4.a(vector.o)
pwr_set_vos_scale                                 /home/adrian/Documents/libopencm3-examples/libopencm3/lib/libopencm3_stm32f4.a(pwr.o)
                                                  /home/adrian/Documents/libopencm3-examples/libopencm3/lib/libopencm3_stm32f4.a(rcc.o)
rcc_ahb_frequency                                 /home/adrian/Documents/libopencm3-examples/libopencm3/lib/libopencm3_stm32f4.a(rcc.o)
rcc_apb1_frequency                                /home/adrian/Documents/libopencm3-examples/libopencm3/lib/libopencm3_stm32f4.a(rcc.o)
                                                  /home/adrian/Documents/libopencm3-examples/libopencm3/lib/libopencm3_stm32f4.a(usart_common_all.o)
rcc_apb2_frequency                                /home/adrian/Documents/libopencm3-examples/libopencm3/lib/libopencm3_stm32f4.a(rcc.o)
                                                  /home/adrian/Documents/libopencm3-examples/libopencm3/lib/libopencm3_stm32f4.a(usart_common_all.o)
rcc_clock_setup_hse_3v3                           /home/adrian/Documents/libopencm3-examples/libopencm3/lib/libopencm3_stm32f4.a(rcc.o)
rcc_clock_setup_pll                               /home/adrian/Documents/libopencm3-examples/libopencm3/lib/libopencm3_stm32f4.a(rcc.o)
                                                  clock.o
rcc_css_disable                                   /home/adrian/Documents/libopencm3-examples/libopencm3/lib/libopencm3_stm32f4.a(rcc.o)
rcc_css_enable                                    /home/adrian/Documents/libopencm3-examples/libopencm3/lib/libopencm3_stm32f4.a(rcc.o)
rcc_css_int_clear                                 /home/adrian/Documents/libopencm3-examples/libopencm3/lib/libopencm3_stm32f4.a(rcc.o)
rcc_css_int_flag                                  /home/adrian/Documents/libopencm3-examples/libopencm3/lib/libopencm3_stm32f4.a(rcc.o)
rcc_get_div_from_hpre                             /home/adrian/Documents/libopencm3-examples/libopencm3/lib/libopencm3_stm32f4.a(rcc_common_all.o)
rcc_get_i2c_clk_freq                              /home/adrian/Documents/libopencm3-examples/libopencm3/lib/libopencm3_stm32f4.a(rcc.o)
rcc_get_spi_clk_freq                              /home/adrian/Documents/libopencm3-examples/libopencm3/lib/libopencm3_stm32f4.a(rcc.o)
rcc_get_timer_clk_freq                            /home/adrian/Documents/libopencm3-examples/libopencm3/lib/libopencm3_stm32f4.a(rcc.o)
rcc_get_usart_clk_freq                            /home/adrian/Documents/libopencm3-examples/libopencm3/lib/libopencm3_stm32f4.a(rcc.o)
rcc_hse_12mhz_3v3                                 /home/adrian/Documents/libopencm3-examples/libopencm3/lib/libopencm3_stm32f4.a(rcc.o)
rcc_hse_16mhz_3v3                                 /home/adrian/Documents/libopencm3-examples/libopencm3/lib/libopencm3_stm32f4.a(rcc.o)
rcc_hse_25mhz_3v3                                 /home/adrian/Documents/libopencm3-examples/libopencm3/lib/libopencm3_stm32f4.a(rcc.o)
rcc_hse_8mhz_3v3                                  /home/adrian/Documents/libopencm3-examples/libopencm3/lib/libopencm3_stm32f4.a(rcc.o)
                                                  clock.o
rcc_hsi_configs                                   /home/adrian/Documents/libopencm3-examples/libopencm3/lib/libopencm3_stm32f4.a(rcc.o)
rcc_is_osc_ready                                  /home/adrian/Documents/libopencm3-examples/libopencm3/lib/libopencm3_stm32f4.a(rcc.o)
rcc_isr                                           /home/adrian/Documents/libopencm3-examples/libopencm3/lib/libopencm3_stm32f4.a(vector.o)
rcc_osc_bypass_disable                            /home/adrian/Documents/libopencm3-examples/libopencm3/lib/libopencm3_stm32f4.a(rcc_common_all.o)
rcc_osc_bypass_enable                             /home/adrian/Documents/libopencm3-examples/libopencm3/lib/libopencm3_stm32f4.a(rcc_common_all.o)
rcc_osc_off                                       /home/adrian/Documents/libopencm3-examples/libopencm3/lib/libopencm3_stm32f4.a(rcc.o)
rcc_osc_on                                        /home/adrian/Documents/libopencm3-examples/libopencm3/lib/libopencm3_stm32f4.a(rcc.o)
rcc_osc_ready_int_clear                           /home/adrian/Documents/libopencm3-examples/libopencm3/lib/libopencm3_stm32f4.a(rcc.o)
rcc_osc_ready_int_disable                         /home/adrian/Documents/libopencm3-examples/libopencm3/lib/libopencm3_stm32f4.a(rcc.o)
rcc_osc_ready_int_enable                          /home/adrian/Documents/libopencm3-examples/libopencm3/lib/libopencm3_stm32f4.a(rcc.o)
rcc_osc_ready_int_flag                            /home/adrian/Documents/libopencm3-examples/libopencm3/lib/libopencm3_stm32f4.a(rcc.o)
rcc_periph_clock_disable                          /home/adrian/Documents/libopencm3-examples/libopencm3/lib/libopencm3_stm32f4.a(rcc_common_all.o)
rcc_periph_clock_enable                           /home/adrian/Documents/libopencm3-examples/libopencm3/lib/libopencm3_stm32f4.a(rcc_common_all.o)
                                                  /home/adrian/Documents/libopencm3-examples/libopencm3/lib/libopencm3_stm32f4.a(rcc.o)
                                                  spi-mems.o
                                                  console.o
rcc_periph_reset_hold                             /home/adrian/Documents/libopencm3-examples/libopencm3/lib/libopencm3_stm32f4.a(rcc_common_all.o)
rcc_periph_reset_pulse                            /home/adrian/Documents/libopencm3-examples/libopencm3/lib/libopencm3_stm32f4.a(rcc_common_all.o)
rcc_periph_reset_release                          /home/adrian/Documents/libopencm3-examples/libopencm3/lib/libopencm3_stm32f4.a(rcc_common_all.o)
rcc_peripheral_clear_reset                        /home/adrian/Documents/libopencm3-examples/libopencm3/lib/libopencm3_stm32f4.a(rcc_common_all.o)
rcc_peripheral_disable_clock                      /home/adrian/Documents/libopencm3-examples/libopencm3/lib/libopencm3_stm32f4.a(rcc_common_all.o)
rcc_peripheral_enable_clock                       /home/adrian/Documents/libopencm3-examples/libopencm3/lib/libopencm3_stm32f4.a(rcc_common_all.o)
rcc_peripheral_reset                              /home/adrian/Documents/libopencm3-examples/libopencm3/lib/libopencm3_stm32f4.a(rcc_common_all.o)
rcc_plli2s_config                                 /home/adrian/Documents/libopencm3-examples/libopencm3/lib/libopencm3_stm32f4.a(rcc.o)
rcc_pllsai_config                                 /home/adrian/Documents/libopencm3-examples/libopencm3/lib/libopencm3_stm32f4.a(rcc.o)
rcc_pllsai_postscalers                            /home/adrian/Documents/libopencm3-examples/libopencm3/lib/libopencm3_stm32f4.a(rcc.o)
rcc_set_hpre                                      /home/adrian/Documents/libopencm3-examples/libopencm3/lib/libopencm3_stm32f4.a(rcc.o)
rcc_set_main_pll_hse                              /home/adrian/Documents/libopencm3-examples/libopencm3/lib/libopencm3_stm32f4.a(rcc.o)
rcc_set_main_pll_hsi                              /home/adrian/Documents/libopencm3-examples/libopencm3/lib/libopencm3_stm32f4.a(rcc.o)
rcc_set_mco                                       /home/adrian/Documents/libopencm3-examples/libopencm3/lib/libopencm3_stm32f4.a(rcc_common_all.o)
rcc_set_pll_source                                /home/adrian/Documents/libopencm3-examples/libopencm3/lib/libopencm3_stm32f4.a(rcc.o)
rcc_set_ppre1                                     /home/adrian/Documents/libopencm3-examples/libopencm3/lib/libopencm3_stm32f4.a(rcc.o)
rcc_set_ppre2                                     /home/adrian/Documents/libopencm3-examples/libopencm3/lib/libopencm3_stm32f4.a(rcc.o)
rcc_set_rtcpre                                    /home/adrian/Documents/libopencm3-examples/libopencm3/lib/libopencm3_stm32f4.a(rcc.o)
rcc_set_sysclk_source                             /home/adrian/Documents/libopencm3-examples/libopencm3/lib/libopencm3_stm32f4.a(rcc.o)
rcc_system_clock_source                           /home/adrian/Documents/libopencm3-examples/libopencm3/lib/libopencm3_stm32f4.a(rcc.o)
rcc_wait_for_osc_ready                            /home/adrian/Documents/libopencm3-examples/libopencm3/lib/libopencm3_stm32f4.a(rcc.o)
rcc_wait_for_sysclk_status                        /home/adrian/Documents/libopencm3-examples/libopencm3/lib/libopencm3_stm32f4.a(rcc.o)
recv_buf                                          console.o
recv_ndx_cur                                      console.o
recv_ndx_nxt                                      console.o
reset_handler                                     /home/adrian/Documents/libopencm3-examples/libopencm3/lib/libopencm3_stm32f4.a(vector.o)
rtc_alarm_isr                                     /home/adrian/Documents/libopencm3-examples/libopencm3/lib/libopencm3_stm32f4.a(vector.o)
rtc_wkup_isr                                      /home/adrian/Documents/libopencm3-examples/libopencm3/lib/libopencm3_stm32f4.a(vector.o)
sai1_isr                                          /home/adrian/Documents/libopencm3-examples/libopencm3/lib/libopencm3_stm32f4.a(vector.o)
scb_reset_core                                    /home/adrian/Documents/libopencm3-examples/libopencm3/lib/libopencm3_stm32f4.a(scb.o)
scb_reset_system                                  /home/adrian/Documents/libopencm3-examples/libopencm3/lib/libopencm3_stm32f4.a(scb.o)
                                                  console.o
scb_set_priority_grouping                         /home/adrian/Documents/libopencm3-examples/libopencm3/lib/libopencm3_stm32f4.a(scb.o)
sdio_isr                                          /home/adrian/Documents/libopencm3-examples/libopencm3/lib/libopencm3_stm32f4.a(vector.o)
spi1_isr                                          /home/adrian/Documents/libopencm3-examples/libopencm3/lib/libopencm3_stm32f4.a(vector.o)
spi2_isr                                          /home/adrian/Documents/libopencm3-examples/libopencm3/lib/libopencm3_stm32f4.a(vector.o)
spi3_isr                                          /home/adrian/Documents/libopencm3-examples/libopencm3/lib/libopencm3_stm32f4.a(vector.o)
spi4_isr                                          /home/adrian/Documents/libopencm3-examples/libopencm3/lib/libopencm3_stm32f4.a(vector.o)
spi5_isr                                          /home/adrian/Documents/libopencm3-examples/libopencm3/lib/libopencm3_stm32f4.a(vector.o)
spi6_isr                                          /home/adrian/Documents/libopencm3-examples/libopencm3/lib/libopencm3_stm32f4.a(vector.o)
spi_clean_disable                                 /home/adrian/Documents/libopencm3-examples/libopencm3/lib/libopencm3_stm32f4.a(spi_common_all.o)
spi_disable                                       /home/adrian/Documents/libopencm3-examples/libopencm3/lib/libopencm3_stm32f4.a(spi_common_all.o)
spi_disable_crc                                   /home/adrian/Documents/libopencm3-examples/libopencm3/lib/libopencm3_stm32f4.a(spi_common_all.o)
spi_disable_error_interrupt                       /home/adrian/Documents/libopencm3-examples/libopencm3/lib/libopencm3_stm32f4.a(spi_common_all.o)
spi_disable_rx_buffer_not_empty_interrupt         /home/adrian/Documents/libopencm3-examples/libopencm3/lib/libopencm3_stm32f4.a(spi_common_all.o)
spi_disable_rx_dma                                /home/adrian/Documents/libopencm3-examples/libopencm3/lib/libopencm3_stm32f4.a(spi_common_all.o)
spi_disable_software_slave_management             /home/adrian/Documents/libopencm3-examples/libopencm3/lib/libopencm3_stm32f4.a(spi_common_all.o)
spi_disable_ss_output                             /home/adrian/Documents/libopencm3-examples/libopencm3/lib/libopencm3_stm32f4.a(spi_common_all.o)
spi_disable_tx_buffer_empty_interrupt             /home/adrian/Documents/libopencm3-examples/libopencm3/lib/libopencm3_stm32f4.a(spi_common_all.o)
spi_disable_tx_dma                                /home/adrian/Documents/libopencm3-examples/libopencm3/lib/libopencm3_stm32f4.a(spi_common_all.o)
spi_enable                                        /home/adrian/Documents/libopencm3-examples/libopencm3/lib/libopencm3_stm32f4.a(spi_common_all.o)
                                                  spi-mems.o
spi_enable_crc                                    /home/adrian/Documents/libopencm3-examples/libopencm3/lib/libopencm3_stm32f4.a(spi_common_all.o)
spi_enable_error_interrupt                        /home/adrian/Documents/libopencm3-examples/libopencm3/lib/libopencm3_stm32f4.a(spi_common_all.o)
spi_enable_rx_buffer_not_empty_interrupt          /home/adrian/Documents/libopencm3-examples/libopencm3/lib/libopencm3_stm32f4.a(spi_common_all.o)
spi_enable_rx_dma                                 /home/adrian/Documents/libopencm3-examples/libopencm3/lib/libopencm3_stm32f4.a(spi_common_all.o)
spi_enable_software_slave_management              /home/adrian/Documents/libopencm3-examples/libopencm3/lib/libopencm3_stm32f4.a(spi_common_all.o)
                                                  spi-mems.o
spi_enable_ss_output                              /home/adrian/Documents/libopencm3-examples/libopencm3/lib/libopencm3_stm32f4.a(spi_common_all.o)
spi_enable_tx_buffer_empty_interrupt              /home/adrian/Documents/libopencm3-examples/libopencm3/lib/libopencm3_stm32f4.a(spi_common_all.o)
spi_enable_tx_dma                                 /home/adrian/Documents/libopencm3-examples/libopencm3/lib/libopencm3_stm32f4.a(spi_common_all.o)
spi_read                                          /home/adrian/Documents/libopencm3-examples/libopencm3/lib/libopencm3_stm32f4.a(spi_common_all.o)
                                                  spi-mems.o
spi_send                                          /home/adrian/Documents/libopencm3-examples/libopencm3/lib/libopencm3_stm32f4.a(spi_common_all.o)
                                                  spi-mems.o
spi_send_lsb_first                                /home/adrian/Documents/libopencm3-examples/libopencm3/lib/libopencm3_stm32f4.a(spi_common_all.o)
spi_send_msb_first                                /home/adrian/Documents/libopencm3-examples/libopencm3/lib/libopencm3_stm32f4.a(spi_common_all.o)
                                                  spi-mems.o
spi_set_baudrate_prescaler                        /home/adrian/Documents/libopencm3-examples/libopencm3/lib/libopencm3_stm32f4.a(spi_common_all.o)
                                                  spi-mems.o
spi_set_bidirectional_mode                        /home/adrian/Documents/libopencm3-examples/libopencm3/lib/libopencm3_stm32f4.a(spi_common_all.o)
spi_set_bidirectional_receive_only_mode           /home/adrian/Documents/libopencm3-examples/libopencm3/lib/libopencm3_stm32f4.a(spi_common_all.o)
spi_set_bidirectional_transmit_only_mode          /home/adrian/Documents/libopencm3-examples/libopencm3/lib/libopencm3_stm32f4.a(spi_common_all.o)
spi_set_clock_phase_0                             /home/adrian/Documents/libopencm3-examples/libopencm3/lib/libopencm3_stm32f4.a(spi_common_all.o)
                                                  spi-mems.o
spi_set_clock_phase_1                             /home/adrian/Documents/libopencm3-examples/libopencm3/lib/libopencm3_stm32f4.a(spi_common_all.o)
spi_set_clock_polarity_0                          /home/adrian/Documents/libopencm3-examples/libopencm3/lib/libopencm3_stm32f4.a(spi_common_all.o)
                                                  spi-mems.o
spi_set_clock_polarity_1                          /home/adrian/Documents/libopencm3-examples/libopencm3/lib/libopencm3_stm32f4.a(spi_common_all.o)
spi_set_full_duplex_mode                          /home/adrian/Documents/libopencm3-examples/libopencm3/lib/libopencm3_stm32f4.a(spi_common_all.o)
                                                  spi-mems.o
spi_set_master_mode                               /home/adrian/Documents/libopencm3-examples/libopencm3/lib/libopencm3_stm32f4.a(spi_common_all.o)
                                                  spi-mems.o
spi_set_next_tx_from_buffer                       /home/adrian/Documents/libopencm3-examples/libopencm3/lib/libopencm3_stm32f4.a(spi_common_all.o)
spi_set_next_tx_from_crc                          /home/adrian/Documents/libopencm3-examples/libopencm3/lib/libopencm3_stm32f4.a(spi_common_all.o)
spi_set_nss_high                                  /home/adrian/Documents/libopencm3-examples/libopencm3/lib/libopencm3_stm32f4.a(spi_common_all.o)
                                                  spi-mems.o
spi_set_nss_low                                   /home/adrian/Documents/libopencm3-examples/libopencm3/lib/libopencm3_stm32f4.a(spi_common_all.o)
spi_set_receive_only_mode                         /home/adrian/Documents/libopencm3-examples/libopencm3/lib/libopencm3_stm32f4.a(spi_common_all.o)
spi_set_slave_mode                                /home/adrian/Documents/libopencm3-examples/libopencm3/lib/libopencm3_stm32f4.a(spi_common_all.o)
spi_set_standard_mode                             /home/adrian/Documents/libopencm3-examples/libopencm3/lib/libopencm3_stm32f4.a(spi_common_all.o)
spi_set_unidirectional_mode                       /home/adrian/Documents/libopencm3-examples/libopencm3/lib/libopencm3_stm32f4.a(spi_common_all.o)
                                                  spi-mems.o
spi_setup                                         spi-mems.o
spi_write                                         /home/adrian/Documents/libopencm3-examples/libopencm3/lib/libopencm3_stm32f4.a(spi_common_all.o)
spi_xfer                                          /home/adrian/Documents/libopencm3-examples/libopencm3/lib/libopencm3_stm32f4.a(spi_common_all.o)
sv_call_handler                                   /home/adrian/Documents/libopencm3-examples/libopencm3/lib/libopencm3_stm32f4.a(vector.o)
sys_tick_handler                                  clock.o
systick_clear                                     /home/adrian/Documents/libopencm3-examples/libopencm3/lib/libopencm3_stm32f4.a(systick.o)
systick_counter_disable                           /home/adrian/Documents/libopencm3-examples/libopencm3/lib/libopencm3_stm32f4.a(systick.o)
systick_counter_enable                            /home/adrian/Documents/libopencm3-examples/libopencm3/lib/libopencm3_stm32f4.a(systick.o)
                                                  clock.o
systick_get_calib                                 /home/adrian/Documents/libopencm3-examples/libopencm3/lib/libopencm3_stm32f4.a(systick.o)
systick_get_countflag                             /home/adrian/Documents/libopencm3-examples/libopencm3/lib/libopencm3_stm32f4.a(systick.o)
systick_get_reload                                /home/adrian/Documents/libopencm3-examples/libopencm3/lib/libopencm3_stm32f4.a(systick.o)
systick_get_value                                 /home/adrian/Documents/libopencm3-examples/libopencm3/lib/libopencm3_stm32f4.a(systick.o)
systick_interrupt_disable                         /home/adrian/Documents/libopencm3-examples/libopencm3/lib/libopencm3_stm32f4.a(systick.o)
systick_interrupt_enable                          /home/adrian/Documents/libopencm3-examples/libopencm3/lib/libopencm3_stm32f4.a(systick.o)
                                                  clock.o
systick_set_clocksource                           /home/adrian/Documents/libopencm3-examples/libopencm3/lib/libopencm3_stm32f4.a(systick.o)
                                                  clock.o
systick_set_frequency                             /home/adrian/Documents/libopencm3-examples/libopencm3/lib/libopencm3_stm32f4.a(systick.o)
systick_set_reload                                /home/adrian/Documents/libopencm3-examples/libopencm3/lib/libopencm3_stm32f4.a(systick.o)
                                                  clock.o
tamp_stamp_isr                                    /home/adrian/Documents/libopencm3-examples/libopencm3/lib/libopencm3_stm32f4.a(vector.o)
tim1_brk_tim9_isr                                 /home/adrian/Documents/libopencm3-examples/libopencm3/lib/libopencm3_stm32f4.a(vector.o)
tim1_cc_isr                                       /home/adrian/Documents/libopencm3-examples/libopencm3/lib/libopencm3_stm32f4.a(vector.o)
tim1_trg_com_tim11_isr                            /home/adrian/Documents/libopencm3-examples/libopencm3/lib/libopencm3_stm32f4.a(vector.o)
tim1_up_tim10_isr                                 /home/adrian/Documents/libopencm3-examples/libopencm3/lib/libopencm3_stm32f4.a(vector.o)
tim2_isr                                          /home/adrian/Documents/libopencm3-examples/libopencm3/lib/libopencm3_stm32f4.a(vector.o)
tim3_isr                                          /home/adrian/Documents/libopencm3-examples/libopencm3/lib/libopencm3_stm32f4.a(vector.o)
tim4_isr                                          /home/adrian/Documents/libopencm3-examples/libopencm3/lib/libopencm3_stm32f4.a(vector.o)
tim5_isr                                          /home/adrian/Documents/libopencm3-examples/libopencm3/lib/libopencm3_stm32f4.a(vector.o)
tim6_dac_isr                                      /home/adrian/Documents/libopencm3-examples/libopencm3/lib/libopencm3_stm32f4.a(vector.o)
tim7_isr                                          /home/adrian/Documents/libopencm3-examples/libopencm3/lib/libopencm3_stm32f4.a(vector.o)
tim8_brk_tim12_isr                                /home/adrian/Documents/libopencm3-examples/libopencm3/lib/libopencm3_stm32f4.a(vector.o)
tim8_cc_isr                                       /home/adrian/Documents/libopencm3-examples/libopencm3/lib/libopencm3_stm32f4.a(vector.o)
tim8_trg_com_tim14_isr                            /home/adrian/Documents/libopencm3-examples/libopencm3/lib/libopencm3_stm32f4.a(vector.o)
tim8_up_tim13_isr                                 /home/adrian/Documents/libopencm3-examples/libopencm3/lib/libopencm3_stm32f4.a(vector.o)
uart4_isr                                         /home/adrian/Documents/libopencm3-examples/libopencm3/lib/libopencm3_stm32f4.a(vector.o)
uart5_isr                                         /home/adrian/Documents/libopencm3-examples/libopencm3/lib/libopencm3_stm32f4.a(vector.o)
uart7_isr                                         /home/adrian/Documents/libopencm3-examples/libopencm3/lib/libopencm3_stm32f4.a(vector.o)
uart8_isr                                         /home/adrian/Documents/libopencm3-examples/libopencm3/lib/libopencm3_stm32f4.a(vector.o)
usage_fault_handler                               /home/adrian/Documents/libopencm3-examples/libopencm3/lib/libopencm3_stm32f4.a(vector.o)
usart1_isr                                        console.o
usart2_isr                                        /home/adrian/Documents/libopencm3-examples/libopencm3/lib/libopencm3_stm32f4.a(vector.o)
usart3_isr                                        /home/adrian/Documents/libopencm3-examples/libopencm3/lib/libopencm3_stm32f4.a(vector.o)
usart6_isr                                        /home/adrian/Documents/libopencm3-examples/libopencm3/lib/libopencm3_stm32f4.a(vector.o)
usart_disable                                     /home/adrian/Documents/libopencm3-examples/libopencm3/lib/libopencm3_stm32f4.a(usart_common_all.o)
usart_disable_error_interrupt                     /home/adrian/Documents/libopencm3-examples/libopencm3/lib/libopencm3_stm32f4.a(usart_common_all.o)
usart_disable_idle_interrupt                      /home/adrian/Documents/libopencm3-examples/libopencm3/lib/libopencm3_stm32f4.a(usart_common_all.o)
usart_disable_rx_dma                              /home/adrian/Documents/libopencm3-examples/libopencm3/lib/libopencm3_stm32f4.a(usart_common_all.o)
usart_disable_rx_interrupt                        /home/adrian/Documents/libopencm3-examples/libopencm3/lib/libopencm3_stm32f4.a(usart_common_all.o)
usart_disable_tx_complete_interrupt               /home/adrian/Documents/libopencm3-examples/libopencm3/lib/libopencm3_stm32f4.a(usart_common_all.o)
usart_disable_tx_dma                              /home/adrian/Documents/libopencm3-examples/libopencm3/lib/libopencm3_stm32f4.a(usart_common_all.o)
usart_disable_tx_interrupt                        /home/adrian/Documents/libopencm3-examples/libopencm3/lib/libopencm3_stm32f4.a(usart_common_all.o)